******************************************************************************
            TI ARM Clang Linker Unix v3.2.1                    
******************************************************************************
>> Linked Wed Mar 26 11:59:55 2025

OUTPUT FILE NAME:   <lab8_p1.out>
ENTRY POINT SYMBOL: "_c_int00_noargs"  address: 00000e59


MEMORY CONFIGURATION

         name            origin    length      used     unused   attr    fill
----------------------  --------  ---------  --------  --------  ----  --------
  FLASH                 00000000   00020000  00001090  0001ef70  R  X
  SRAM                  20200000   00008000  00000a06  000075fa  RW X
  BCR_CONFIG            41c00000   00000080  00000000  00000080  R   
  BSL_CONFIG            41c00100   00000080  00000000  00000080  R   


SEGMENT ALLOCATION MAP

run origin  load origin   length   init length attrs members
----------  ----------- ---------- ----------- ----- -------
00000000    00000000    00001090   00001090    r-x
  00000000    00000000    000000c0   000000c0    r-- .intvecs
  000000c0    000000c0    00000eb8   00000eb8    r-x .text
  00000f78    00000f78    000000f8   000000f8    r-- .rodata
  00001070    00001070    00000020   00000020    r-- .cinit
20200000    20200000    00000806   00000000    rw-
  20200000    20200000    00000800   00000000    rw- .sysmem
  20200800    20200800    00000006   00000000    rw- .data
20207e00    20207e00    00000200   00000000    rw-
  20207e00    20207e00    00000200   00000000    rw- .stack


SECTION ALLOCATION MAP

 output                                  attributes/
section   page    origin      length       input sections
--------  ----  ----------  ----------   ----------------
.intvecs   0    00000000    000000c0     
                  00000000    000000c0     startup_mspm0g3507_ticlang.o (.intvecs)

.text      0    000000c0    00000eb8     
                  000000c0    00000168     clock.o (.text.clock_init_40mhz)
                  00000228    0000013c     lab8p1_main.o (.text.run_lab8_part1)
                  00000364    000000d4     adc.o (.text.ADC0_init)
                  00000438    000000d0     LaunchPad.o (.text.leds_off)
                  00000508    000000c4     lcd1602.o (.text.lcd1602_init)
                  000005cc    000000c0     lcd1602.o (.text.lcd1602_write)
                  0000068c    000000bc     LaunchPad.o (.text.I2C_init)
                  00000748    000000ac     LaunchPad.o (.text.led_init)
                  000007f4    00000094     LaunchPad.o (.text.I2C_send1)
                  00000888    00000084     lab8p1_main.o (.text.__NVIC_SetPriority)
                  0000090c    0000007c     lcd1602.o (.text.byte_to_ascii)
                  00000988    0000007c     lcd1602.o (.text.doublebyte_to_ascii)
                  00000a04    00000078     libc.a : copy_decompress_lzss.c.obj (.text:decompress:lzss)
                  00000a7c    00000068     adc.o (.text.ADC0_in)
                  00000ae4    0000005c     LaunchPad.o (.text.I2C_fill_tx_fifo)
                  00000b40    00000058     lab8p1_main.o (.text.OPA0_init)
                  00000b98    00000054     lab8p1_main.o (.text.GROUP1_IRQHandler)
                  00000bec    0000004e     lab8p1_main.o (.text.main)
                  00000c3a    00000002     libclang_rt.builtins.a : aeabi_div0.c.obj (.text.__aeabi_idiv0)
                  00000c3c    0000004c     LaunchPad.o (.text.dipsw_init)
                  00000c88    00000040     libclang_rt.builtins.a : aeabi_uidivmod.S.obj (.text.__aeabi_uidivmod)
                  00000cc8    0000003c     libc.a : autoinit.c.obj (.text:__TI_auto_init_nobinit_nopinit)
                  00000d04    00000038     LaunchPad.o (.text.launchpad_gpio_init)
                  00000d3c    00000034     lab8p1_main.o (.text.__NVIC_DisableIRQ)
                  00000d70    00000034     lab8p1_main.o (.text.config_pb1_interrupts)
                  00000da4    00000034     clock.o (.text.msec_delay)
                  00000dd8    0000002c     lab8p1_main.o (.text.__NVIC_EnableIRQ)
                  00000e04    0000002c     lcd1602.o (.text.lcd_write_doublebyte)
                  00000e30    00000028     lcd1602.o (.text.lcd_write_byte)
                  00000e58    00000028     libc.a : boot_cortex_m.c.obj (.text:_c_int00_noargs)
                  00000e80    00000024     lcd1602.o (.text.lcd_write_string)
                  00000ea4    00000020     lcd1602.o (.text.lcd_set_ddram_addr)
                  00000ec4    00000020     lcd1602.o (.text.lcd_set_display_on)
                  00000ee4    00000018     lcd1602.o (.text.lcd_write_char)
                  00000efc    00000018     LaunchPad.o (.text.led_disable)
                  00000f14    00000012     libc.a : memcpy16.S.obj (.text:TI_memcpy_small)
                  00000f26    00000012            : copy_decompress_none.c.obj (.text:decompress:none)
                  00000f38    00000010     clock.o (.text.clock_delay)
                  00000f48    0000000e     lcd1602.o (.text.lcd_clear)
                  00000f56    00000002     --HOLE-- [fill = 0]
                  00000f58    00000008     libclang_rt.builtins.a : aeabi_memcpy.S.obj (.text.__aeabi_memcpy)
                  00000f60    00000004     startup_mspm0g3507_ticlang.o (.text.Default_Handler)
                  00000f64    00000004     startup_mspm0g3507_ticlang.o (.text.HardFault_Handler)
                  00000f68    00000004     startup_mspm0g3507_ticlang.o (.text.Reset_Handler)
                  00000f6c    00000004     libc.a : pre_init.c.obj (.text._system_pre_init)
                  00000f70    00000004            : exit.c.obj (.text:abort)
                  00000f74    00000004     --HOLE-- [fill = 0]

.cinit     0    00001070    00000020     
                  00001070    0000000a     (.cinit..data.load) [load image, compression = lzss]
                  0000107a    00000002     --HOLE-- [fill = 0]
                  0000107c    00000008     (__TI_handler_table)
                  00001084    00000008     (__TI_cinit_table)
                  0000108c    00000004     --HOLE-- [fill = 0]

.rodata    0    00000f78    000000f8     
                  00000f78    00000060     LaunchPad.o (.rodata.led_config_data)
                  00000fd8    0000003c     LaunchPad.o (.rodata.enable_controls)
                  00001014    00000030     LaunchPad.o (.rodata.dip_switch_config_data)
                  00001044    00000018     LaunchPad.o (.rodata.iic_config_data)
                  0000105c    00000010     lab8p1_main.o (.rodata.str1.80958455442259896841)
                  0000106c    00000004     --HOLE-- [fill = 0]

.init_array 
*          0    00000000    00000000     UNINITIALIZED

.binit     0    00000000    00000000     

.data      0    20200800    00000006     UNINITIALIZED
                  20200800    00000004     clock.o (.data.g_bus_clock_freq)
                  20200804    00000001     lab8p1_main.o (.data.g_PB1_pressed)
                  20200805    00000001     lcd1602.o (.data.g_lcd_backlight_mode)

.sysmem    0    20200000    00000800     UNINITIALIZED
                  20200000    00000010     libc.a : memory.c.obj (.sysmem)
                  20200010    000007f0     --HOLE--

.stack     0    20207e00    00000200     UNINITIALIZED
                  20207e00    00000004     libc.a : boot_cortex_m.c.obj (.stack)
                  20207e04    000001fc     --HOLE--

__llvm_prf_cnts 
*          0    20200000    00000000     UNINITIALIZED

__llvm_prf_bits 
*          0    20200000    00000000     UNINITIALIZED

MODULE SUMMARY

       Module                         code   ro data   rw data
       ------                         ----   -------   -------
    ./
       LaunchPad.o                    964    228       0      
       lab8p1_main.o                  846    16        1      
       lcd1602.o                      858    0         1      
       clock.o                        428    0         4      
       adc.o                          316    0         0      
    +--+------------------------------+------+---------+---------+
       Total:                         3412   244       6      
                                                              
    ./ticlang/
       startup_mspm0g3507_ticlang.o   12     192       0      
    +--+------------------------------+------+---------+---------+
       Total:                         12     192       0      
                                                              
    /Applications/ti/ccstheia141/ccs/tools/compiler/ti-cgt-armllvm_3.2.1.LTS/lib/armv6m-ti-none-eabi/c/libc.a
       copy_decompress_lzss.c.obj     120    0         0      
       autoinit.c.obj                 60     0         0      
       boot_cortex_m.c.obj            40     0         0      
       copy_decompress_none.c.obj     18     0         0      
       memcpy16.S.obj                 18     0         0      
       exit.c.obj                     4      0         0      
       pre_init.c.obj                 4      0         0      
    +--+------------------------------+------+---------+---------+
       Total:                         264    0         0      
                                                              
    /Applications/ti/ccstheia141/ccs/tools/compiler/ti-cgt-armllvm_3.2.1.LTS/lib/clang/15.0.7/lib/armv6m-ti-none-eabi/libclang_rt.builtins.a
       aeabi_uidivmod.S.obj           64     0         0      
       aeabi_memcpy.S.obj             8      0         0      
       aeabi_div0.c.obj               2      0         0      
    +--+------------------------------+------+---------+---------+
       Total:                         74     0         0      
                                                              
       Heap:                          0      0         2048   
       Stack:                         0      0         512    
       Linker Generated:              0      26        0      
    +--+------------------------------+------+---------+---------+
       Grand Total:                   3762   462       2566   


LINKER GENERATED COPY TABLES

__TI_cinit_table @ 00001084 records: 1, size/record: 8, table size: 8
	.data: load addr=00001070, load size=0000000a bytes, run addr=20200800, run size=00000006 bytes, compression=lzss


LINKER GENERATED HANDLER TABLE

__TI_handler_table @ 0000107c records: 2, size/record: 4, table size: 8
	index: 0, handler: __TI_decompress_lzss
	index: 1, handler: __TI_decompress_none


GLOBAL SYMBOLS: SORTED ALPHABETICALLY BY Name 

address   name                          
-------   ----                          
00000f61  ADC0_IRQHandler               
00000a7d  ADC0_in                       
00000365  ADC0_init                     
00000f61  ADC1_IRQHandler               
00000f61  AES_IRQHandler                
00000f70  C$$EXIT                       
00000f61  CANFD0_IRQHandler             
00000f61  DAC0_IRQHandler               
00000f61  DMA_IRQHandler                
00000f61  Default_Handler               
00000f61  GROUP0_IRQHandler             
00000b99  GROUP1_IRQHandler             
00000f65  HardFault_Handler             
00000f61  I2C0_IRQHandler               
00000f61  I2C1_IRQHandler               
0000068d  I2C_init                      
000007f5  I2C_send1                     
00000f61  NMI_Handler                   
00000b41  OPA0_init                     
00000f61  PendSV_Handler                
00000f61  RTC_IRQHandler                
00000f69  Reset_Handler                 
00000f61  SPI0_IRQHandler               
00000f61  SPI1_IRQHandler               
00000f61  SVC_Handler                   
00000f61  SysTick_Handler               
00000f61  TIMA0_IRQHandler              
00000f61  TIMA1_IRQHandler              
00000f61  TIMG0_IRQHandler              
00000f61  TIMG12_IRQHandler             
00000f61  TIMG6_IRQHandler              
00000f61  TIMG7_IRQHandler              
00000f61  TIMG8_IRQHandler              
00000f15  TI_memcpy_small               
00000f61  UART0_IRQHandler              
00000f61  UART1_IRQHandler              
00000f61  UART2_IRQHandler              
00000f61  UART3_IRQHandler              
20208000  __STACK_END                   
00000200  __STACK_SIZE                  
00000800  __SYSMEM_SIZE                 
00000000  __TI_ATRegion0_region_sz      
00000000  __TI_ATRegion0_src_addr       
00000000  __TI_ATRegion0_trg_addr       
00000000  __TI_ATRegion1_region_sz      
00000000  __TI_ATRegion1_src_addr       
00000000  __TI_ATRegion1_trg_addr       
00000000  __TI_ATRegion2_region_sz      
00000000  __TI_ATRegion2_src_addr       
00000000  __TI_ATRegion2_trg_addr       
00001084  __TI_CINIT_Base               
0000108c  __TI_CINIT_Limit              
0000108c  __TI_CINIT_Warm               
0000107c  __TI_Handler_Table_Base       
00001084  __TI_Handler_Table_Limit      
00000cc9  __TI_auto_init_nobinit_nopinit
00000a05  __TI_decompress_lzss          
00000f27  __TI_decompress_none          
ffffffff  __TI_pprof_out_hndl           
ffffffff  __TI_prof_data_size           
ffffffff  __TI_prof_data_start          
00000000  __TI_static_base__            
00000c3b  __aeabi_idiv0                 
00000f59  __aeabi_memcpy                
00000f59  __aeabi_memcpy4               
00000f59  __aeabi_memcpy8               
00000c89  __aeabi_uidiv                 
00000c89  __aeabi_uidivmod              
ffffffff  __binit__                     
UNDEFED   __mpu_init                    
20207e00  __stack                       
20200000  __start___llvm_prf_bits       
20200000  __start___llvm_prf_cnts       
20200000  __stop___llvm_prf_bits        
20200000  __stop___llvm_prf_cnts        
00000e59  _c_int00_noargs               
20200000  _sys_memory                   
UNDEFED   _system_post_cinit            
00000f6d  _system_pre_init              
00000f71  abort                         
ffffffff  binit                         
0000090d  byte_to_ascii                 
00000f39  clock_delay                   
000000c1  clock_init_40mhz              
00000d71  config_pb1_interrupts         
00001014  dip_switch_config_data        
00000c3d  dipsw_init                    
00000989  doublebyte_to_ascii           
00000fd8  enable_controls               
20200804  g_PB1_pressed                 
20200800  g_bus_clock_freq              
00001044  iic_config_data               
00000000  interruptVectors              
00000d05  launchpad_gpio_init           
00000509  lcd1602_init                  
000005cd  lcd1602_write                 
00000f49  lcd_clear                     
00000ea5  lcd_set_ddram_addr            
00000ec5  lcd_set_display_on            
00000e31  lcd_write_byte                
00000ee5  lcd_write_char                
00000e05  lcd_write_doublebyte          
00000e81  lcd_write_string              
00000f78  led_config_data               
00000efd  led_disable                   
00000749  led_init                      
00000439  leds_off                      
00000bed  main                          
00000da5  msec_delay                    
00000229  run_lab8_part1                


GLOBAL SYMBOLS: SORTED BY Symbol Address 

address   name                          
-------   ----                          
00000000  __TI_ATRegion0_region_sz      
00000000  __TI_ATRegion0_src_addr       
00000000  __TI_ATRegion0_trg_addr       
00000000  __TI_ATRegion1_region_sz      
00000000  __TI_ATRegion1_src_addr       
00000000  __TI_ATRegion1_trg_addr       
00000000  __TI_ATRegion2_region_sz      
00000000  __TI_ATRegion2_src_addr       
00000000  __TI_ATRegion2_trg_addr       
00000000  __TI_static_base__            
00000000  interruptVectors              
000000c1  clock_init_40mhz              
00000200  __STACK_SIZE                  
00000229  run_lab8_part1                
00000365  ADC0_init                     
00000439  leds_off                      
00000509  lcd1602_init                  
000005cd  lcd1602_write                 
0000068d  I2C_init                      
00000749  led_init                      
000007f5  I2C_send1                     
00000800  __SYSMEM_SIZE                 
0000090d  byte_to_ascii                 
00000989  doublebyte_to_ascii           
00000a05  __TI_decompress_lzss          
00000a7d  ADC0_in                       
00000b41  OPA0_init                     
00000b99  GROUP1_IRQHandler             
00000bed  main                          
00000c3b  __aeabi_idiv0                 
00000c3d  dipsw_init                    
00000c89  __aeabi_uidiv                 
00000c89  __aeabi_uidivmod              
00000cc9  __TI_auto_init_nobinit_nopinit
00000d05  launchpad_gpio_init           
00000d71  config_pb1_interrupts         
00000da5  msec_delay                    
00000e05  lcd_write_doublebyte          
00000e31  lcd_write_byte                
00000e59  _c_int00_noargs               
00000e81  lcd_write_string              
00000ea5  lcd_set_ddram_addr            
00000ec5  lcd_set_display_on            
00000ee5  lcd_write_char                
00000efd  led_disable                   
00000f15  TI_memcpy_small               
00000f27  __TI_decompress_none          
00000f39  clock_delay                   
00000f49  lcd_clear                     
00000f59  __aeabi_memcpy                
00000f59  __aeabi_memcpy4               
00000f59  __aeabi_memcpy8               
00000f61  ADC0_IRQHandler               
00000f61  ADC1_IRQHandler               
00000f61  AES_IRQHandler                
00000f61  CANFD0_IRQHandler             
00000f61  DAC0_IRQHandler               
00000f61  DMA_IRQHandler                
00000f61  Default_Handler               
00000f61  GROUP0_IRQHandler             
00000f61  I2C0_IRQHandler               
00000f61  I2C1_IRQHandler               
00000f61  NMI_Handler                   
00000f61  PendSV_Handler                
00000f61  RTC_IRQHandler                
00000f61  SPI0_IRQHandler               
00000f61  SPI1_IRQHandler               
00000f61  SVC_Handler                   
00000f61  SysTick_Handler               
00000f61  TIMA0_IRQHandler              
00000f61  TIMA1_IRQHandler              
00000f61  TIMG0_IRQHandler              
00000f61  TIMG12_IRQHandler             
00000f61  TIMG6_IRQHandler              
00000f61  TIMG7_IRQHandler              
00000f61  TIMG8_IRQHandler              
00000f61  UART0_IRQHandler              
00000f61  UART1_IRQHandler              
00000f61  UART2_IRQHandler              
00000f61  UART3_IRQHandler              
00000f65  HardFault_Handler             
00000f69  Reset_Handler                 
00000f6d  _system_pre_init              
00000f70  C$$EXIT                       
00000f71  abort                         
00000f78  led_config_data               
00000fd8  enable_controls               
00001014  dip_switch_config_data        
00001044  iic_config_data               
0000107c  __TI_Handler_Table_Base       
00001084  __TI_CINIT_Base               
00001084  __TI_Handler_Table_Limit      
0000108c  __TI_CINIT_Limit              
0000108c  __TI_CINIT_Warm               
20200000  __start___llvm_prf_bits       
20200000  __start___llvm_prf_cnts       
20200000  __stop___llvm_prf_bits        
20200000  __stop___llvm_prf_cnts        
20200000  _sys_memory                   
20200800  g_bus_clock_freq              
20200804  g_PB1_pressed                 
20207e00  __stack                       
20208000  __STACK_END                   
ffffffff  __TI_pprof_out_hndl           
ffffffff  __TI_prof_data_size           
ffffffff  __TI_prof_data_start          
ffffffff  __binit__                     
ffffffff  binit                         
UNDEFED   __mpu_init                    
UNDEFED   _system_post_cinit            

[110 symbols]
