******************************************************************************
            TI ARM Clang Linker Unix v3.2.1                    
******************************************************************************
>> Linked Wed Mar 26 12:08:11 2025

OUTPUT FILE NAME:   <lab8_p3.out>
ENTRY POINT SYMBOL: "_c_int00_noargs"  address: 00001e4d


MEMORY CONFIGURATION

         name            origin    length      used     unused   attr    fill
----------------------  --------  ---------  --------  --------  ----  --------
  FLASH                 00000000   00020000  00002120  0001dee0  R  X
  SRAM                  20200000   00008000  00000a0b  000075f5  RW X
  BCR_CONFIG            41c00000   00000080  00000000  00000080  R   
  BSL_CONFIG            41c00100   00000080  00000000  00000080  R   


SEGMENT ALLOCATION MAP

run origin  load origin   length   init length attrs members
----------  ----------- ---------- ----------- ----- -------
00000000    00000000    00002120   00002120    r-x
  00000000    00000000    000000c0   000000c0    r-- .intvecs
  000000c0    000000c0    00001f30   00001f30    r-x .text
  00001ff0    00001ff0    00000110   00000110    r-- .rodata
  00002100    00002100    00000020   00000020    r-- .cinit
20200000    20200000    0000080b   00000000    rw-
  20200000    20200000    00000800   00000000    rw- .sysmem
  20200800    20200800    0000000b   00000000    rw- .data
20207e00    20207e00    00000200   00000000    rw-
  20207e00    20207e00    00000200   00000000    rw- .stack


SECTION ALLOCATION MAP

 output                                  attributes/
section   page    origin      length       input sections
--------  ----  ----------  ----------   ----------------
.intvecs   0    00000000    000000c0     
                  00000000    000000c0     startup_mspm0g3507_ticlang.o (.intvecs)

.text      0    000000c0    00001f30     
                  000000c0    000006ac     libc.a : e_powf.c.obj (.text.powf)
                  0000076c    00000192     libclang_rt.builtins.a : adddf3.S.obj (.text.adddf3_subdf3)
                  000008fe    00000002                            : aeabi_div0.c.obj (.text.__aeabi_idiv0)
                  00000900    00000170     lab8p3_main.o (.text.run_lab8_part3)
                  00000a70    00000168     clock.o (.text.clock_init_40mhz)
                  00000bd8    000000f0     adc.o (.text.thermistor_calc_temperature)
                  00000cc8    000000e4     libclang_rt.builtins.a : muldf3.S.obj (.text.__muldf3)
                  00000dac    000000d8                            : addsf3.S.obj (.text)
                  00000e84    000000d4     adc.o (.text.ADC0_init)
                  00000f58    000000d0     LaunchPad.o (.text.leds_off)
                  00001028    000000c4     lcd1602.o (.text.lcd1602_init)
                  000010ec    000000c0     lcd1602.o (.text.lcd1602_write)
                  000011ac    000000bc     LaunchPad.o (.text.I2C_init)
                  00001268    000000b4     LaunchPad.o (.text.led_on)
                  0000131c    000000b0     libc.a : s_scalbnf.c.obj (.text.scalbnf)
                  000013cc    000000ac     LaunchPad.o (.text.led_init)
                  00001478    000000a8     libc.a : e_sqrtf.c.obj (.text.sqrtf)
                  00001520    00000094     LaunchPad.o (.text.I2C_send1)
                  000015b4    0000008c     lab8p3_main.o (.text.GROUP1_IRQHandler)
                  00001640    0000008c     libclang_rt.builtins.a : mulsf3.S.obj (.text.__mulsf3)
                  000016cc    00000084     lab8p3_main.o (.text.__NVIC_SetPriority)
                  00001750    00000082     libclang_rt.builtins.a : divsf3.S.obj (.text.__divsf3)
                  000017d2    0000007c     lcd1602.o (.text.doublebyte_to_ascii)
                  0000184e    00000002     --HOLE-- [fill = 0]
                  00001850    00000078     libc.a : copy_decompress_lzss.c.obj (.text:decompress:lzss)
                  000018c8    00000008            : aeabi_portable.c.obj (.text.__aeabi_errno_addr)
                  000018d0    00000074     libclang_rt.builtins.a : truncdfsf2.S.obj (.text.__truncdfsf2)
                  00001944    00000068     adc.o (.text.ADC0_in)
                  000019ac    00000062     libclang_rt.builtins.a : aeabi_fcmp.S.obj (.text.__aeabi_fcmp)
                  00001a0e    00000002     --HOLE-- [fill = 0]
                  00001a10    0000005c     LaunchPad.o (.text.I2C_fill_tx_fifo)
                  00001a6c    0000004e     lab8p3_main.o (.text.main)
                  00001aba    00000002     --HOLE-- [fill = 0]
                  00001abc    0000004c     LaunchPad.o (.text.dipsw_init)
                  00001b08    00000040     libclang_rt.builtins.a : aeabi_uidivmod.S.obj (.text.__aeabi_uidivmod)
                  00001b48    00000040                            : extendsfdf2.S.obj (.text.__extendsfdf2)
                  00001b88    0000003c                            : floatsisf.S.obj (.text.__floatsisf)
                  00001bc4    0000003c                            : comparesf2.S.obj (.text.__gtsf2)
                  00001c00    0000003c     libc.a : autoinit.c.obj (.text:__TI_auto_init_nobinit_nopinit)
                  00001c3c    0000003a     libclang_rt.builtins.a : comparesf2.S.obj (.text.__eqsf2)
                  00001c76    00000002     --HOLE-- [fill = 0]
                  00001c78    0000003a                            : muldsi3.S.obj (.text.__muldsi3)
                  00001cb2    00000002     --HOLE-- [fill = 0]
                  00001cb4    00000038                            : fixsfsi.S.obj (.text.__fixsfsi)
                  00001cec    00000038     LaunchPad.o (.text.launchpad_gpio_init)
                  00001d24    00000034     lab8p3_main.o (.text.__NVIC_DisableIRQ)
                  00001d58    00000034     lab8p3_main.o (.text.config_pb1_interrupts)
                  00001d8c    00000034     lab8p3_main.o (.text.config_pb2_interrupts)
                  00001dc0    00000034     clock.o (.text.msec_delay)
                  00001df4    0000002c     lab8p3_main.o (.text.__NVIC_EnableIRQ)
                  00001e20    0000002c     lcd1602.o (.text.lcd_write_doublebyte)
                  00001e4c    00000028     libc.a : boot_cortex_m.c.obj (.text:_c_int00_noargs)
                  00001e74    00000024     lcd1602.o (.text.lcd_write_string)
                  00001e98    00000020     lcd1602.o (.text.lcd_set_ddram_addr)
                  00001eb8    00000020     lcd1602.o (.text.lcd_set_display_on)
                  00001ed8    00000018     lcd1602.o (.text.lcd_write_char)
                  00001ef0    00000018     LaunchPad.o (.text.led_disable)
                  00001f08    00000018     LaunchPad.o (.text.led_enable)
                  00001f20    00000012     libc.a : memcpy16.S.obj (.text:TI_memcpy_small)
                  00001f32    00000012            : copy_decompress_none.c.obj (.text:decompress:none)
                  00001f44    00000010     clock.o (.text.clock_delay)
                  00001f54    0000000e     lcd1602.o (.text.lcd_clear)
                  00001f62    00000002     --HOLE-- [fill = 0]
                  00001f64    00000008     libclang_rt.builtins.a : aeabi_memcpy.S.obj (.text.__aeabi_memcpy)
                  00001f6c    00000006     libc.a : e_powf.c.obj (.text.OUTLINED_FUNCTION_1)
                  00001f72    00000002     --HOLE-- [fill = 0]
                  00001f74    00000010     libclang_rt.builtins.a : addsf3.S.obj (.tramp.__aeabi_fsub.1)
                  00001f84    00000006     libc.a : e_powf.c.obj (.text.OUTLINED_FUNCTION_2)
                  00001f8a    00000002     --HOLE-- [fill = 0]
                  00001f8c    00000010     libclang_rt.builtins.a : mulsf3.S.obj (.tramp.__aeabi_fmul.1)
                  00001f9c    00000006     libc.a : e_powf.c.obj (.text.OUTLINED_FUNCTION_6)
                  00001fa2    00000004     startup_mspm0g3507_ticlang.o (.text.Default_Handler)
                  00001fa6    00000004     startup_mspm0g3507_ticlang.o (.text.HardFault_Handler)
                  00001faa    00000004     libc.a : e_powf.c.obj (.text.OUTLINED_FUNCTION_0)
                  00001fae    00000004            : e_powf.c.obj (.text.OUTLINED_FUNCTION_10)
                  00001fb2    00000004            : e_powf.c.obj (.text.OUTLINED_FUNCTION_3)
                  00001fb6    00000004            : e_powf.c.obj (.text.OUTLINED_FUNCTION_4)
                  00001fba    00000002     --HOLE-- [fill = 0]
                  00001fbc    00000010     libclang_rt.builtins.a : addsf3.S.obj (.tramp.__aeabi_fadd.1)
                  00001fcc    00000004     libc.a : e_powf.c.obj (.text.OUTLINED_FUNCTION_5)
                  00001fd0    00000004            : e_powf.c.obj (.text.OUTLINED_FUNCTION_7)
                  00001fd4    00000004            : e_powf.c.obj (.text.OUTLINED_FUNCTION_8)
                  00001fd8    00000004            : e_powf.c.obj (.text.OUTLINED_FUNCTION_9)
                  00001fdc    00000004     startup_mspm0g3507_ticlang.o (.text.Reset_Handler)
                  00001fe0    00000004     libc.a : pre_init.c.obj (.text._system_pre_init)
                  00001fe4    00000004            : exit.c.obj (.text:abort)
                  00001fe8    00000008     --HOLE-- [fill = 0]

.cinit     0    00002100    00000020     
                  00002100    0000000c     (.cinit..data.load) [load image, compression = lzss]
                  0000210c    00000008     (__TI_handler_table)
                  00002114    00000008     (__TI_cinit_table)
                  0000211c    00000004     --HOLE-- [fill = 0]

.rodata    0    00001ff0    00000110     
                  00001ff0    00000060     LaunchPad.o (.rodata.led_config_data)
                  00002050    0000003c     LaunchPad.o (.rodata.enable_controls)
                  0000208c    00000030     LaunchPad.o (.rodata.dip_switch_config_data)
                  000020bc    00000018     libc.a : e_powf.c.obj (.rodata.cst8)
                  000020d4    00000018     LaunchPad.o (.rodata.iic_config_data)
                  000020ec    00000010     lab8p3_main.o (.rodata.str1.63298585812453691701)
                  000020fc    00000004     --HOLE-- [fill = 0]

.init_array 
*          0    00000000    00000000     UNINITIALIZED

.binit     0    00000000    00000000     

.data      0    20200800    0000000b     UNINITIALIZED
                  20200800    00000004     libc.a : aeabi_portable.c.obj (.data.__aeabi_errno)
                  20200804    00000004     clock.o (.data.g_bus_clock_freq)
                  20200808    00000001     lab8p3_main.o (.data.g_PB1_pressed)
                  20200809    00000001     lab8p3_main.o (.data.g_PB2_pressed)
                  2020080a    00000001     lcd1602.o (.data.g_lcd_backlight_mode)

.sysmem    0    20200000    00000800     UNINITIALIZED
                  20200000    00000010     libc.a : memory.c.obj (.sysmem)
                  20200010    000007f0     --HOLE--

.stack     0    20207e00    00000200     UNINITIALIZED
                  20207e00    00000004     libc.a : boot_cortex_m.c.obj (.stack)
                  20207e04    000001fc     --HOLE--

__llvm_prf_cnts 
*          0    20200000    00000000     UNINITIALIZED

__llvm_prf_bits 
*          0    20200000    00000000     UNINITIALIZED

MODULE SUMMARY

       Module                         code   ro data   rw data
       ------                         ----   -------   -------
    ./
       LaunchPad.o                    1168   228       0      
       lab8p3_main.o                  918    16        2      
       lcd1602.o                      694    0         1      
       adc.o                          556    0         0      
       clock.o                        428    0         4      
    +--+------------------------------+------+---------+---------+
       Total:                         3764   244       7      
                                                              
    ./ticlang/
       startup_mspm0g3507_ticlang.o   12     192       0      
    +--+------------------------------+------+---------+---------+
       Total:                         12     192       0      
                                                              
    /Applications/ti/ccstheia141/ccs/tools/compiler/ti-cgt-armllvm_3.2.1.LTS/lib/armv6m-ti-none-eabi/c/libc.a
       e_powf.c.obj                   1758   24        0      
       s_scalbnf.c.obj                176    0         0      
       e_sqrtf.c.obj                  168    0         0      
       copy_decompress_lzss.c.obj     120    0         0      
       autoinit.c.obj                 60     0         0      
       boot_cortex_m.c.obj            40     0         0      
       copy_decompress_none.c.obj     18     0         0      
       memcpy16.S.obj                 18     0         0      
       aeabi_portable.c.obj           8      0         4      
       exit.c.obj                     4      0         0      
       pre_init.c.obj                 4      0         0      
    +--+------------------------------+------+---------+---------+
       Total:                         2374   24        4      
                                                              
    /Applications/ti/ccstheia141/ccs/tools/compiler/ti-cgt-armllvm_3.2.1.LTS/lib/clang/15.0.7/lib/armv6m-ti-none-eabi/libclang_rt.builtins.a
       adddf3.S.obj                   402    0         0      
       addsf3.S.obj                   248    0         0      
       muldf3.S.obj                   228    0         0      
       mulsf3.S.obj                   156    0         0      
       divsf3.S.obj                   130    0         0      
       comparesf2.S.obj               118    0         0      
       truncdfsf2.S.obj               116    0         0      
       aeabi_fcmp.S.obj               98     0         0      
       aeabi_uidivmod.S.obj           64     0         0      
       extendsfdf2.S.obj              64     0         0      
       floatsisf.S.obj                60     0         0      
       muldsi3.S.obj                  58     0         0      
       fixsfsi.S.obj                  56     0         0      
       aeabi_memcpy.S.obj             8      0         0      
       aeabi_div0.c.obj               2      0         0      
    +--+------------------------------+------+---------+---------+
       Total:                         1808   0         0      
                                                              
       Heap:                          0      0         2048   
       Stack:                         0      0         512    
       Linker Generated:              0      28        0      
    +--+------------------------------+------+---------+---------+
       Grand Total:                   7958   488       2571   


LINKER GENERATED COPY TABLES

__TI_cinit_table @ 00002114 records: 1, size/record: 8, table size: 8
	.data: load addr=00002100, load size=0000000c bytes, run addr=20200800, run size=0000000b bytes, compression=lzss


LINKER GENERATED HANDLER TABLE

__TI_handler_table @ 0000210c records: 2, size/record: 4, table size: 8
	index: 0, handler: __TI_decompress_lzss
	index: 1, handler: __TI_decompress_none


FAR CALL TRAMPOLINES

callee name               trampoline name
   callee addr  tramp addr   call addr  call info
--------------  -----------  ---------  ----------------
__aeabi_fsub              $Tramp$TT$L$PI$$__aeabi_fsub
   00000dad     00001f74     00001f70   libc.a : e_powf.c.obj (.text.OUTLINED_FUNCTION_1)
                             00001fa0          : e_powf.c.obj (.text.OUTLINED_FUNCTION_6)
                             00001fb4          : e_powf.c.obj (.text.OUTLINED_FUNCTION_3)
__aeabi_fmul              $Tramp$TT$L$PI$$__aeabi_fmul
   00001641     00001f8c     00001f88   libc.a : e_powf.c.obj (.text.OUTLINED_FUNCTION_2)
                             00001fac          : e_powf.c.obj (.text.OUTLINED_FUNCTION_0)
                             00001fb0          : e_powf.c.obj (.text.OUTLINED_FUNCTION_10)
                             00001fd6          : e_powf.c.obj (.text.OUTLINED_FUNCTION_8)
__aeabi_fadd              $Tramp$TT$L$PI$$__aeabi_fadd
   00000db7     00001fbc     00001fb8   libc.a : e_powf.c.obj (.text.OUTLINED_FUNCTION_4)
                             00001fce          : e_powf.c.obj (.text.OUTLINED_FUNCTION_5)
                             00001fd2          : e_powf.c.obj (.text.OUTLINED_FUNCTION_7)
                             00001fda          : e_powf.c.obj (.text.OUTLINED_FUNCTION_9)

[3 trampolines]
[11 trampoline calls]


GLOBAL SYMBOLS: SORTED ALPHABETICALLY BY Name 

address   name                          
-------   ----                          
00001fa3  ADC0_IRQHandler               
00001945  ADC0_in                       
00000e85  ADC0_init                     
00001fa3  ADC1_IRQHandler               
00001fa3  AES_IRQHandler                
00001fe4  C$$EXIT                       
00001fa3  CANFD0_IRQHandler             
00001fa3  DAC0_IRQHandler               
00001fa3  DMA_IRQHandler                
00001fa3  Default_Handler               
00001fa3  GROUP0_IRQHandler             
000015b5  GROUP1_IRQHandler             
00001fa7  HardFault_Handler             
00001fa3  I2C0_IRQHandler               
00001fa3  I2C1_IRQHandler               
000011ad  I2C_init                      
00001521  I2C_send1                     
00001fa3  NMI_Handler                   
00001fa3  PendSV_Handler                
00001fa3  RTC_IRQHandler                
00001fdd  Reset_Handler                 
00001fa3  SPI0_IRQHandler               
00001fa3  SPI1_IRQHandler               
00001fa3  SVC_Handler                   
00001fa3  SysTick_Handler               
00001fa3  TIMA0_IRQHandler              
00001fa3  TIMA1_IRQHandler              
00001fa3  TIMG0_IRQHandler              
00001fa3  TIMG12_IRQHandler             
00001fa3  TIMG6_IRQHandler              
00001fa3  TIMG7_IRQHandler              
00001fa3  TIMG8_IRQHandler              
00001f21  TI_memcpy_small               
00001fa3  UART0_IRQHandler              
00001fa3  UART1_IRQHandler              
00001fa3  UART2_IRQHandler              
00001fa3  UART3_IRQHandler              
20208000  __STACK_END                   
00000200  __STACK_SIZE                  
00000800  __SYSMEM_SIZE                 
00000000  __TI_ATRegion0_region_sz      
00000000  __TI_ATRegion0_src_addr       
00000000  __TI_ATRegion0_trg_addr       
00000000  __TI_ATRegion1_region_sz      
00000000  __TI_ATRegion1_src_addr       
00000000  __TI_ATRegion1_trg_addr       
00000000  __TI_ATRegion2_region_sz      
00000000  __TI_ATRegion2_src_addr       
00000000  __TI_ATRegion2_trg_addr       
00002114  __TI_CINIT_Base               
0000211c  __TI_CINIT_Limit              
0000211c  __TI_CINIT_Warm               
0000210c  __TI_Handler_Table_Base       
00002114  __TI_Handler_Table_Limit      
00001c01  __TI_auto_init_nobinit_nopinit
00001851  __TI_decompress_lzss          
00001f33  __TI_decompress_none          
ffffffff  __TI_pprof_out_hndl           
ffffffff  __TI_prof_data_size           
ffffffff  __TI_prof_data_start          
00000000  __TI_static_base__            
00000777  __adddf3                      
00000db7  __addsf3                      
000018d1  __aeabi_d2f                   
00000777  __aeabi_dadd                  
00000cc9  __aeabi_dmul                  
0000076d  __aeabi_dsub                  
20200800  __aeabi_errno                 
000018c9  __aeabi_errno_addr            
00001b49  __aeabi_f2d                   
00001cb5  __aeabi_f2iz                  
00000db7  __aeabi_fadd                  
000019ad  __aeabi_fcmpeq                
000019e9  __aeabi_fcmpge                
000019fd  __aeabi_fcmpgt                
000019d5  __aeabi_fcmple                
000019c1  __aeabi_fcmplt                
00001751  __aeabi_fdiv                  
00001641  __aeabi_fmul                  
00000dad  __aeabi_fsub                  
00001b89  __aeabi_i2f                   
000008ff  __aeabi_idiv0                 
00001f65  __aeabi_memcpy                
00001f65  __aeabi_memcpy4               
00001f65  __aeabi_memcpy8               
00001b09  __aeabi_uidiv                 
00001b09  __aeabi_uidivmod              
ffffffff  __binit__                     
00001c3d  __cmpsf2                      
00001751  __divsf3                      
00001c3d  __eqsf2                       
00001b49  __extendsfdf2                 
00001cb5  __fixsfsi                     
00001b89  __floatsisf                   
00001bc5  __gesf2                       
00001bc5  __gtsf2                       
00001c3d  __lesf2                       
00001c3d  __ltsf2                       
UNDEFED   __mpu_init                    
00000cc9  __muldf3                      
00001c79  __muldsi3                     
00001641  __mulsf3                      
00001c3d  __nesf2                       
20207e00  __stack                       
20200000  __start___llvm_prf_bits       
20200000  __start___llvm_prf_cnts       
20200000  __stop___llvm_prf_bits        
20200000  __stop___llvm_prf_cnts        
0000076d  __subdf3                      
00000dad  __subsf3                      
000018d1  __truncdfsf2                  
00001e4d  _c_int00_noargs               
20200000  _sys_memory                   
UNDEFED   _system_post_cinit            
00001fe1  _system_pre_init              
00001fe5  abort                         
ffffffff  binit                         
00001f45  clock_delay                   
00000a71  clock_init_40mhz              
00001d59  config_pb1_interrupts         
00001d8d  config_pb2_interrupts         
0000208c  dip_switch_config_data        
00001abd  dipsw_init                    
000017d3  doublebyte_to_ascii           
00002050  enable_controls               
20200808  g_PB1_pressed                 
20200809  g_PB2_pressed                 
20200804  g_bus_clock_freq              
000020d4  iic_config_data               
00000000  interruptVectors              
00001ced  launchpad_gpio_init           
00001029  lcd1602_init                  
000010ed  lcd1602_write                 
00001f55  lcd_clear                     
00001e99  lcd_set_ddram_addr            
00001eb9  lcd_set_display_on            
00001ed9  lcd_write_char                
00001e21  lcd_write_doublebyte          
00001e75  lcd_write_string              
0000131d  ldexpf                        
00001ff0  led_config_data               
00001ef1  led_disable                   
00001f09  led_enable                    
000013cd  led_init                      
00001269  led_on                        
00000f59  leds_off                      
00001a6d  main                          
00001dc1  msec_delay                    
000000c1  powf                          
00000901  run_lab8_part3                
0000131d  scalbnf                       
00001479  sqrtf                         
00000bd9  thermistor_calc_temperature   


GLOBAL SYMBOLS: SORTED BY Symbol Address 

address   name                          
-------   ----                          
00000000  __TI_ATRegion0_region_sz      
00000000  __TI_ATRegion0_src_addr       
00000000  __TI_ATRegion0_trg_addr       
00000000  __TI_ATRegion1_region_sz      
00000000  __TI_ATRegion1_src_addr       
00000000  __TI_ATRegion1_trg_addr       
00000000  __TI_ATRegion2_region_sz      
00000000  __TI_ATRegion2_src_addr       
00000000  __TI_ATRegion2_trg_addr       
00000000  __TI_static_base__            
00000000  interruptVectors              
000000c1  powf                          
00000200  __STACK_SIZE                  
0000076d  __aeabi_dsub                  
0000076d  __subdf3                      
00000777  __adddf3                      
00000777  __aeabi_dadd                  
00000800  __SYSMEM_SIZE                 
000008ff  __aeabi_idiv0                 
00000901  run_lab8_part3                
00000a71  clock_init_40mhz              
00000bd9  thermistor_calc_temperature   
00000cc9  __aeabi_dmul                  
00000cc9  __muldf3                      
00000dad  __aeabi_fsub                  
00000dad  __subsf3                      
00000db7  __addsf3                      
00000db7  __aeabi_fadd                  
00000e85  ADC0_init                     
00000f59  leds_off                      
00001029  lcd1602_init                  
000010ed  lcd1602_write                 
000011ad  I2C_init                      
00001269  led_on                        
0000131d  ldexpf                        
0000131d  scalbnf                       
000013cd  led_init                      
00001479  sqrtf                         
00001521  I2C_send1                     
000015b5  GROUP1_IRQHandler             
00001641  __aeabi_fmul                  
00001641  __mulsf3                      
00001751  __aeabi_fdiv                  
00001751  __divsf3                      
000017d3  doublebyte_to_ascii           
00001851  __TI_decompress_lzss          
000018c9  __aeabi_errno_addr            
000018d1  __aeabi_d2f                   
000018d1  __truncdfsf2                  
00001945  ADC0_in                       
000019ad  __aeabi_fcmpeq                
000019c1  __aeabi_fcmplt                
000019d5  __aeabi_fcmple                
000019e9  __aeabi_fcmpge                
000019fd  __aeabi_fcmpgt                
00001a6d  main                          
00001abd  dipsw_init                    
00001b09  __aeabi_uidiv                 
00001b09  __aeabi_uidivmod              
00001b49  __aeabi_f2d                   
00001b49  __extendsfdf2                 
00001b89  __aeabi_i2f                   
00001b89  __floatsisf                   
00001bc5  __gesf2                       
00001bc5  __gtsf2                       
00001c01  __TI_auto_init_nobinit_nopinit
00001c3d  __cmpsf2                      
00001c3d  __eqsf2                       
00001c3d  __lesf2                       
00001c3d  __ltsf2                       
00001c3d  __nesf2                       
00001c79  __muldsi3                     
00001cb5  __aeabi_f2iz                  
00001cb5  __fixsfsi                     
00001ced  launchpad_gpio_init           
00001d59  config_pb1_interrupts         
00001d8d  config_pb2_interrupts         
00001dc1  msec_delay                    
00001e21  lcd_write_doublebyte          
00001e4d  _c_int00_noargs               
00001e75  lcd_write_string              
00001e99  lcd_set_ddram_addr            
00001eb9  lcd_set_display_on            
00001ed9  lcd_write_char                
00001ef1  led_disable                   
00001f09  led_enable                    
00001f21  TI_memcpy_small               
00001f33  __TI_decompress_none          
00001f45  clock_delay                   
00001f55  lcd_clear                     
00001f65  __aeabi_memcpy                
00001f65  __aeabi_memcpy4               
00001f65  __aeabi_memcpy8               
00001fa3  ADC0_IRQHandler               
00001fa3  ADC1_IRQHandler               
00001fa3  AES_IRQHandler                
00001fa3  CANFD0_IRQHandler             
00001fa3  DAC0_IRQHandler               
00001fa3  DMA_IRQHandler                
00001fa3  Default_Handler               
00001fa3  GROUP0_IRQHandler             
00001fa3  I2C0_IRQHandler               
00001fa3  I2C1_IRQHandler               
00001fa3  NMI_Handler                   
00001fa3  PendSV_Handler                
00001fa3  RTC_IRQHandler                
00001fa3  SPI0_IRQHandler               
00001fa3  SPI1_IRQHandler               
00001fa3  SVC_Handler                   
00001fa3  SysTick_Handler               
00001fa3  TIMA0_IRQHandler              
00001fa3  TIMA1_IRQHandler              
00001fa3  TIMG0_IRQHandler              
00001fa3  TIMG12_IRQHandler             
00001fa3  TIMG6_IRQHandler              
00001fa3  TIMG7_IRQHandler              
00001fa3  TIMG8_IRQHandler              
00001fa3  UART0_IRQHandler              
00001fa3  UART1_IRQHandler              
00001fa3  UART2_IRQHandler              
00001fa3  UART3_IRQHandler              
00001fa7  HardFault_Handler             
00001fdd  Reset_Handler                 
00001fe1  _system_pre_init              
00001fe4  C$$EXIT                       
00001fe5  abort                         
00001ff0  led_config_data               
00002050  enable_controls               
0000208c  dip_switch_config_data        
000020d4  iic_config_data               
0000210c  __TI_Handler_Table_Base       
00002114  __TI_CINIT_Base               
00002114  __TI_Handler_Table_Limit      
0000211c  __TI_CINIT_Limit              
0000211c  __TI_CINIT_Warm               
20200000  __start___llvm_prf_bits       
20200000  __start___llvm_prf_cnts       
20200000  __stop___llvm_prf_bits        
20200000  __stop___llvm_prf_cnts        
20200000  _sys_memory                   
20200800  __aeabi_errno                 
20200804  g_bus_clock_freq              
20200808  g_PB1_pressed                 
20200809  g_PB2_pressed                 
20207e00  __stack                       
20208000  __STACK_END                   
ffffffff  __TI_pprof_out_hndl           
ffffffff  __TI_prof_data_size           
ffffffff  __TI_prof_data_start          
ffffffff  __binit__                     
ffffffff  binit                         
UNDEFED   __mpu_init                    
UNDEFED   _system_post_cinit            

[153 symbols]
