******************************************************************************
            TI ARM Clang Linker Unix v3.2.1                    
******************************************************************************
>> Linked Wed Apr  2 10:26:09 2025

OUTPUT FILE NAME:   <lab8_p3.out>
ENTRY POINT SYMBOL: "_c_int00_noargs"  address: 00001e6d


MEMORY CONFIGURATION

         name            origin    length      used     unused   attr    fill
----------------------  --------  ---------  --------  --------  ----  --------
  FLASH                 00000000   00020000  00002160  0001dea0  R  X
  SRAM                  20200000   00008000  00000a0d  000075f3  RW X
  BCR_CONFIG            41c00000   00000080  00000000  00000080  R   
  BSL_CONFIG            41c00100   00000080  00000000  00000080  R   


SEGMENT ALLOCATION MAP

run origin  load origin   length   init length attrs members
----------  ----------- ---------- ----------- ----- -------
00000000    00000000    00002160   00002160    r-x
  00000000    00000000    000000c0   000000c0    r-- .intvecs
  000000c0    000000c0    00001f60   00001f60    r-x .text
  00002020    00002020    00000110   00000110    r-- .rodata
  00002130    00002130    00000030   00000030    r-- .cinit
20200000    20200000    0000080e   00000000    rw-
  20200000    20200000    00000800   00000000    rw- .sysmem
  20200800    20200800    0000000b   00000000    rw- .data
  2020080c    2020080c    00000002   00000000    rw- .bss
20207e00    20207e00    00000200   00000000    rw-
  20207e00    20207e00    00000200   00000000    rw- .stack


SECTION ALLOCATION MAP

 output                                  attributes/
section   page    origin      length       input sections
--------  ----  ----------  ----------   ----------------
.intvecs   0    00000000    000000c0     
                  00000000    000000c0     startup_mspm0g3507_ticlang.o (.intvecs)

.text      0    000000c0    00001f60     
                  000000c0    000006ac     libc.a : e_powf.c.obj (.text.powf)
                  0000076c    00000192     libclang_rt.builtins.a : adddf3.S.obj (.text.adddf3_subdf3)
                  000008fe    00000002                            : aeabi_div0.c.obj (.text.__aeabi_idiv0)
                  00000900    0000017c     lab8p3_main.o (.text.run_lab8_part3)
                  00000a7c    00000168     clock.o (.text.clock_init_40mhz)
                  00000be4    000000f0     adc.o (.text.thermistor_calc_temperature)
                  00000cd4    000000e4     libclang_rt.builtins.a : muldf3.S.obj (.text.__muldf3)
                  00000db8    000000d8                            : addsf3.S.obj (.text)
                  00000e90    000000d4     adc.o (.text.ADC0_init)
                  00000f64    000000d0     LaunchPad.o (.text.leds_off)
                  00001034    000000c4     lcd1602.o (.text.lcd1602_init)
                  000010f8    000000c0     lcd1602.o (.text.lcd1602_write)
                  000011b8    000000bc     LaunchPad.o (.text.I2C_init)
                  00001274    000000b4     LaunchPad.o (.text.led_on)
                  00001328    000000b0     libc.a : s_scalbnf.c.obj (.text.scalbnf)
                  000013d8    000000ac     LaunchPad.o (.text.led_init)
                  00001484    000000a8     libc.a : e_sqrtf.c.obj (.text.sqrtf)
                  0000152c    000000a4     lab8p3_main.o (.text.GROUP1_IRQHandler)
                  000015d0    00000094     LaunchPad.o (.text.I2C_send1)
                  00001664    0000008c     libclang_rt.builtins.a : mulsf3.S.obj (.text.__mulsf3)
                  000016f0    00000084     lab8p3_main.o (.text.__NVIC_SetPriority)
                  00001774    00000082     libclang_rt.builtins.a : divsf3.S.obj (.text.__divsf3)
                  000017f6    0000007c     lcd1602.o (.text.doublebyte_to_ascii)
                  00001872    00000002     --HOLE-- [fill = 0]
                  00001874    00000078     libc.a : copy_decompress_lzss.c.obj (.text:decompress:lzss)
                  000018ec    00000004     startup_mspm0g3507_ticlang.o (.text.Default_Handler)
                  000018f0    00000074     libclang_rt.builtins.a : truncdfsf2.S.obj (.text.__truncdfsf2)
                  00001964    00000068     adc.o (.text.ADC0_in)
                  000019cc    00000062     libclang_rt.builtins.a : aeabi_fcmp.S.obj (.text.__aeabi_fcmp)
                  00001a2e    00000002     --HOLE-- [fill = 0]
                  00001a30    0000005c     LaunchPad.o (.text.I2C_fill_tx_fifo)
                  00001a8c    0000004e     lab8p3_main.o (.text.main)
                  00001ada    00000002     --HOLE-- [fill = 0]
                  00001adc    0000004c     LaunchPad.o (.text.dipsw_init)
                  00001b28    00000040     libclang_rt.builtins.a : aeabi_uidivmod.S.obj (.text.__aeabi_uidivmod)
                  00001b68    00000040                            : extendsfdf2.S.obj (.text.__extendsfdf2)
                  00001ba8    0000003c                            : floatsisf.S.obj (.text.__floatsisf)
                  00001be4    0000003c                            : comparesf2.S.obj (.text.__gtsf2)
                  00001c20    0000003c     libc.a : autoinit.c.obj (.text:__TI_auto_init_nobinit_nopinit)
                  00001c5c    0000003a     libclang_rt.builtins.a : comparesf2.S.obj (.text.__eqsf2)
                  00001c96    00000002     --HOLE-- [fill = 0]
                  00001c98    0000003a                            : muldsi3.S.obj (.text.__muldsi3)
                  00001cd2    00000002     --HOLE-- [fill = 0]
                  00001cd4    00000038                            : fixsfsi.S.obj (.text.__fixsfsi)
                  00001d0c    00000038     LaunchPad.o (.text.launchpad_gpio_init)
                  00001d44    00000034     lab8p3_main.o (.text.__NVIC_DisableIRQ)
                  00001d78    00000034     lab8p3_main.o (.text.config_pb1_interrupts)
                  00001dac    00000034     lab8p3_main.o (.text.config_pb2_interrupts)
                  00001de0    00000034     clock.o (.text.msec_delay)
                  00001e14    0000002c     lab8p3_main.o (.text.__NVIC_EnableIRQ)
                  00001e40    0000002c     lcd1602.o (.text.lcd_write_doublebyte)
                  00001e6c    00000028     libc.a : boot_cortex_m.c.obj (.text:_c_int00_noargs)
                  00001e94    00000024     lcd1602.o (.text.lcd_write_string)
                  00001eb8    00000020     lcd1602.o (.text.lcd_set_ddram_addr)
                  00001ed8    00000020     lcd1602.o (.text.lcd_set_display_on)
                  00001ef8    00000018     lcd1602.o (.text.lcd_write_char)
                  00001f10    00000018     LaunchPad.o (.text.led_disable)
                  00001f28    00000018     LaunchPad.o (.text.led_enable)
                  00001f40    00000016     libc.a : copy_zero_init.c.obj (.text:decompress:ZI:__TI_zero_init_nomemset)
                  00001f56    00000012            : memcpy16.S.obj (.text:TI_memcpy_small)
                  00001f68    00000012            : copy_decompress_none.c.obj (.text:decompress:none)
                  00001f7a    00000010     clock.o (.text.clock_delay)
                  00001f8a    0000000e     lcd1602.o (.text.lcd_clear)
                  00001f98    00000008     libc.a : aeabi_portable.c.obj (.text.__aeabi_errno_addr)
                  00001fa0    00000008     libclang_rt.builtins.a : aeabi_memcpy.S.obj (.text.__aeabi_memcpy)
                  00001fa8    00000006     libc.a : e_powf.c.obj (.text.OUTLINED_FUNCTION_1)
                  00001fae    00000002     --HOLE-- [fill = 0]
                  00001fb0    00000010     libclang_rt.builtins.a : addsf3.S.obj (.tramp.__aeabi_fsub.1)
                  00001fc0    00000006     libc.a : e_powf.c.obj (.text.OUTLINED_FUNCTION_2)
                  00001fc6    00000002     --HOLE-- [fill = 0]
                  00001fc8    00000010     libclang_rt.builtins.a : mulsf3.S.obj (.tramp.__aeabi_fmul.1)
                  00001fd8    00000006     libc.a : e_powf.c.obj (.text.OUTLINED_FUNCTION_6)
                  00001fde    00000004     startup_mspm0g3507_ticlang.o (.text.HardFault_Handler)
                  00001fe2    00000004     libc.a : e_powf.c.obj (.text.OUTLINED_FUNCTION_0)
                  00001fe6    00000004            : e_powf.c.obj (.text.OUTLINED_FUNCTION_10)
                  00001fea    00000004            : e_powf.c.obj (.text.OUTLINED_FUNCTION_3)
                  00001fee    00000004            : e_powf.c.obj (.text.OUTLINED_FUNCTION_4)
                  00001ff2    00000002     --HOLE-- [fill = 0]
                  00001ff4    00000010     libclang_rt.builtins.a : addsf3.S.obj (.tramp.__aeabi_fadd.1)
                  00002004    00000004     libc.a : e_powf.c.obj (.text.OUTLINED_FUNCTION_5)
                  00002008    00000004            : e_powf.c.obj (.text.OUTLINED_FUNCTION_7)
                  0000200c    00000004            : e_powf.c.obj (.text.OUTLINED_FUNCTION_8)
                  00002010    00000004            : e_powf.c.obj (.text.OUTLINED_FUNCTION_9)
                  00002014    00000004     startup_mspm0g3507_ticlang.o (.text.Reset_Handler)
                  00002018    00000004     libc.a : pre_init.c.obj (.text._system_pre_init)
                  0000201c    00000004            : exit.c.obj (.text:abort)

.cinit     0    00002130    00000030     
                  00002130    0000000c     (.cinit..data.load) [load image, compression = lzss]
                  0000213c    0000000c     (__TI_handler_table)
                  00002148    00000008     (.cinit..bss.load) [load image, compression = zero_init]
                  00002150    00000010     (__TI_cinit_table)

.rodata    0    00002020    00000110     
                  00002020    00000060     LaunchPad.o (.rodata.led_config_data)
                  00002080    0000003c     LaunchPad.o (.rodata.enable_controls)
                  000020bc    00000030     LaunchPad.o (.rodata.dip_switch_config_data)
                  000020ec    00000018     libc.a : e_powf.c.obj (.rodata.cst8)
                  00002104    00000018     LaunchPad.o (.rodata.iic_config_data)
                  0000211c    00000010     lab8p3_main.o (.rodata.str1.63298585812453691701)
                  0000212c    00000004     --HOLE-- [fill = 0]

.init_array 
*          0    00000000    00000000     UNINITIALIZED

.binit     0    00000000    00000000     

.sysmem    0    20200000    00000800     UNINITIALIZED
                  20200000    00000010     libc.a : memory.c.obj (.sysmem)
                  20200010    000007f0     --HOLE--

.data      0    20200800    0000000b     UNINITIALIZED
                  20200800    00000004     libc.a : aeabi_portable.c.obj (.data.__aeabi_errno)
                  20200804    00000004     clock.o (.data.g_bus_clock_freq)
                  20200808    00000001     lab8p3_main.o (.data.g_PB1_pressed)
                  20200809    00000001     lab8p3_main.o (.data.g_PB2_pressed)
                  2020080a    00000001     lcd1602.o (.data.g_lcd_backlight_mode)

.bss       0    2020080c    00000002     UNINITIALIZED
                  2020080c    00000002     (.common:g_temp_raw)

.stack     0    20207e00    00000200     UNINITIALIZED
                  20207e00    00000004     libc.a : boot_cortex_m.c.obj (.stack)
                  20207e04    000001fc     --HOLE--

__llvm_prf_cnts 
*          0    20200000    00000000     UNINITIALIZED

__llvm_prf_bits 
*          0    20200000    00000000     UNINITIALIZED

MODULE SUMMARY

       Module                         code   ro data   rw data
       ------                         ----   -------   -------
    ./
       LaunchPad.o                    1168   228       0      
       lab8p3_main.o                  954    16        4      
       lcd1602.o                      694    0         1      
       adc.o                          556    0         0      
       clock.o                        428    0         4      
    +--+------------------------------+------+---------+---------+
       Total:                         3800   244       9      
                                                              
    ./ticlang/
       startup_mspm0g3507_ticlang.o   12     192       0      
    +--+------------------------------+------+---------+---------+
       Total:                         12     192       0      
                                                              
    /Applications/ti/ccstheia141/ccs/tools/compiler/ti-cgt-armllvm_3.2.1.LTS/lib/armv6m-ti-none-eabi/c/libc.a
       e_powf.c.obj                   1758   24        0      
       s_scalbnf.c.obj                176    0         0      
       e_sqrtf.c.obj                  168    0         0      
       copy_decompress_lzss.c.obj     120    0         0      
       autoinit.c.obj                 60     0         0      
       boot_cortex_m.c.obj            40     0         0      
       copy_zero_init.c.obj           22     0         0      
       copy_decompress_none.c.obj     18     0         0      
       memcpy16.S.obj                 18     0         0      
       aeabi_portable.c.obj           8      0         4      
       exit.c.obj                     4      0         0      
       pre_init.c.obj                 4      0         0      
    +--+------------------------------+------+---------+---------+
       Total:                         2396   24        4      
                                                              
    /Applications/ti/ccstheia141/ccs/tools/compiler/ti-cgt-armllvm_3.2.1.LTS/lib/clang/15.0.7/lib/armv6m-ti-none-eabi/libclang_rt.builtins.a
       adddf3.S.obj                   402    0         0      
       addsf3.S.obj                   248    0         0      
       muldf3.S.obj                   228    0         0      
       mulsf3.S.obj                   156    0         0      
       divsf3.S.obj                   130    0         0      
       comparesf2.S.obj               118    0         0      
       truncdfsf2.S.obj               116    0         0      
       aeabi_fcmp.S.obj               98     0         0      
       aeabi_uidivmod.S.obj           64     0         0      
       extendsfdf2.S.obj              64     0         0      
       floatsisf.S.obj                60     0         0      
       muldsi3.S.obj                  58     0         0      
       fixsfsi.S.obj                  56     0         0      
       aeabi_memcpy.S.obj             8      0         0      
       aeabi_div0.c.obj               2      0         0      
    +--+------------------------------+------+---------+---------+
       Total:                         1808   0         0      
                                                              
       Heap:                          0      0         2048   
       Stack:                         0      0         512    
       Linker Generated:              0      48        0      
    +--+------------------------------+------+---------+---------+
       Grand Total:                   8016   508       2573   


LINKER GENERATED COPY TABLES

__TI_cinit_table @ 00002150 records: 2, size/record: 8, table size: 16
	.data: load addr=00002130, load size=0000000c bytes, run addr=20200800, run size=0000000b bytes, compression=lzss
	.bss: load addr=00002148, load size=00000008 bytes, run addr=2020080c, run size=00000002 bytes, compression=zero_init


LINKER GENERATED HANDLER TABLE

__TI_handler_table @ 0000213c records: 3, size/record: 4, table size: 12
	index: 0, handler: __TI_decompress_lzss
	index: 1, handler: __TI_decompress_none
	index: 2, handler: __TI_zero_init


FAR CALL TRAMPOLINES

callee name               trampoline name
   callee addr  tramp addr   call addr  call info
--------------  -----------  ---------  ----------------
__aeabi_fsub              $Tramp$TT$L$PI$$__aeabi_fsub
   00000db9     00001fb0     00001fac   libc.a : e_powf.c.obj (.text.OUTLINED_FUNCTION_1)
                             00001fdc          : e_powf.c.obj (.text.OUTLINED_FUNCTION_6)
                             00001fec          : e_powf.c.obj (.text.OUTLINED_FUNCTION_3)
__aeabi_fmul              $Tramp$TT$L$PI$$__aeabi_fmul
   00001665     00001fc8     00001fc4   libc.a : e_powf.c.obj (.text.OUTLINED_FUNCTION_2)
                             00001fe4          : e_powf.c.obj (.text.OUTLINED_FUNCTION_0)
                             00001fe8          : e_powf.c.obj (.text.OUTLINED_FUNCTION_10)
                             0000200e          : e_powf.c.obj (.text.OUTLINED_FUNCTION_8)
__aeabi_fadd              $Tramp$TT$L$PI$$__aeabi_fadd
   00000dc3     00001ff4     00001ff0   libc.a : e_powf.c.obj (.text.OUTLINED_FUNCTION_4)
                             00002006          : e_powf.c.obj (.text.OUTLINED_FUNCTION_5)
                             0000200a          : e_powf.c.obj (.text.OUTLINED_FUNCTION_7)
                             00002012          : e_powf.c.obj (.text.OUTLINED_FUNCTION_9)

[3 trampolines]
[11 trampoline calls]


GLOBAL SYMBOLS: SORTED ALPHABETICALLY BY Name 

address   name                          
-------   ----                          
000018ed  ADC0_IRQHandler               
00001965  ADC0_in                       
00000e91  ADC0_init                     
000018ed  ADC1_IRQHandler               
000018ed  AES_IRQHandler                
0000201c  C$$EXIT                       
000018ed  CANFD0_IRQHandler             
000018ed  DAC0_IRQHandler               
000018ed  DMA_IRQHandler                
000018ed  Default_Handler               
000018ed  GROUP0_IRQHandler             
0000152d  GROUP1_IRQHandler             
00001fdf  HardFault_Handler             
000018ed  I2C0_IRQHandler               
000018ed  I2C1_IRQHandler               
000011b9  I2C_init                      
000015d1  I2C_send1                     
000018ed  NMI_Handler                   
000018ed  PendSV_Handler                
000018ed  RTC_IRQHandler                
00002015  Reset_Handler                 
000018ed  SPI0_IRQHandler               
000018ed  SPI1_IRQHandler               
000018ed  SVC_Handler                   
000018ed  SysTick_Handler               
000018ed  TIMA0_IRQHandler              
000018ed  TIMA1_IRQHandler              
000018ed  TIMG0_IRQHandler              
000018ed  TIMG12_IRQHandler             
000018ed  TIMG6_IRQHandler              
000018ed  TIMG7_IRQHandler              
000018ed  TIMG8_IRQHandler              
00001f57  TI_memcpy_small               
000018ed  UART0_IRQHandler              
000018ed  UART1_IRQHandler              
000018ed  UART2_IRQHandler              
000018ed  UART3_IRQHandler              
20208000  __STACK_END                   
00000200  __STACK_SIZE                  
00000800  __SYSMEM_SIZE                 
00000000  __TI_ATRegion0_region_sz      
00000000  __TI_ATRegion0_src_addr       
00000000  __TI_ATRegion0_trg_addr       
00000000  __TI_ATRegion1_region_sz      
00000000  __TI_ATRegion1_src_addr       
00000000  __TI_ATRegion1_trg_addr       
00000000  __TI_ATRegion2_region_sz      
00000000  __TI_ATRegion2_src_addr       
00000000  __TI_ATRegion2_trg_addr       
00002150  __TI_CINIT_Base               
00002160  __TI_CINIT_Limit              
00002160  __TI_CINIT_Warm               
0000213c  __TI_Handler_Table_Base       
00002148  __TI_Handler_Table_Limit      
00001c21  __TI_auto_init_nobinit_nopinit
00001875  __TI_decompress_lzss          
00001f69  __TI_decompress_none          
ffffffff  __TI_pprof_out_hndl           
ffffffff  __TI_prof_data_size           
ffffffff  __TI_prof_data_start          
00000000  __TI_static_base__            
00001f41  __TI_zero_init_nomemset       
00000777  __adddf3                      
00000dc3  __addsf3                      
000018f1  __aeabi_d2f                   
00000777  __aeabi_dadd                  
00000cd5  __aeabi_dmul                  
0000076d  __aeabi_dsub                  
20200800  __aeabi_errno                 
00001f99  __aeabi_errno_addr            
00001b69  __aeabi_f2d                   
00001cd5  __aeabi_f2iz                  
00000dc3  __aeabi_fadd                  
000019cd  __aeabi_fcmpeq                
00001a09  __aeabi_fcmpge                
00001a1d  __aeabi_fcmpgt                
000019f5  __aeabi_fcmple                
000019e1  __aeabi_fcmplt                
00001775  __aeabi_fdiv                  
00001665  __aeabi_fmul                  
00000db9  __aeabi_fsub                  
00001ba9  __aeabi_i2f                   
000008ff  __aeabi_idiv0                 
00001fa1  __aeabi_memcpy                
00001fa1  __aeabi_memcpy4               
00001fa1  __aeabi_memcpy8               
00001b29  __aeabi_uidiv                 
00001b29  __aeabi_uidivmod              
ffffffff  __binit__                     
00001c5d  __cmpsf2                      
00001775  __divsf3                      
00001c5d  __eqsf2                       
00001b69  __extendsfdf2                 
00001cd5  __fixsfsi                     
00001ba9  __floatsisf                   
00001be5  __gesf2                       
00001be5  __gtsf2                       
00001c5d  __lesf2                       
00001c5d  __ltsf2                       
UNDEFED   __mpu_init                    
00000cd5  __muldf3                      
00001c99  __muldsi3                     
00001665  __mulsf3                      
00001c5d  __nesf2                       
20207e00  __stack                       
20200000  __start___llvm_prf_bits       
20200000  __start___llvm_prf_cnts       
20200000  __stop___llvm_prf_bits        
20200000  __stop___llvm_prf_cnts        
0000076d  __subdf3                      
00000db9  __subsf3                      
000018f1  __truncdfsf2                  
00001e6d  _c_int00_noargs               
20200000  _sys_memory                   
UNDEFED   _system_post_cinit            
00002019  _system_pre_init              
0000201d  abort                         
ffffffff  binit                         
00001f7b  clock_delay                   
00000a7d  clock_init_40mhz              
00001d79  config_pb1_interrupts         
00001dad  config_pb2_interrupts         
000020bc  dip_switch_config_data        
00001add  dipsw_init                    
000017f7  doublebyte_to_ascii           
00002080  enable_controls               
20200808  g_PB1_pressed                 
20200809  g_PB2_pressed                 
20200804  g_bus_clock_freq              
2020080c  g_temp_raw                    
00002104  iic_config_data               
00000000  interruptVectors              
00001d0d  launchpad_gpio_init           
00001035  lcd1602_init                  
000010f9  lcd1602_write                 
00001f8b  lcd_clear                     
00001eb9  lcd_set_ddram_addr            
00001ed9  lcd_set_display_on            
00001ef9  lcd_write_char                
00001e41  lcd_write_doublebyte          
00001e95  lcd_write_string              
00001329  ldexpf                        
00002020  led_config_data               
00001f11  led_disable                   
00001f29  led_enable                    
000013d9  led_init                      
00001275  led_on                        
00000f65  leds_off                      
00001a8d  main                          
00001de1  msec_delay                    
000000c1  powf                          
00000901  run_lab8_part3                
00001329  scalbnf                       
00001485  sqrtf                         
00000be5  thermistor_calc_temperature   


GLOBAL SYMBOLS: SORTED BY Symbol Address 

address   name                          
-------   ----                          
00000000  __TI_ATRegion0_region_sz      
00000000  __TI_ATRegion0_src_addr       
00000000  __TI_ATRegion0_trg_addr       
00000000  __TI_ATRegion1_region_sz      
00000000  __TI_ATRegion1_src_addr       
00000000  __TI_ATRegion1_trg_addr       
00000000  __TI_ATRegion2_region_sz      
00000000  __TI_ATRegion2_src_addr       
00000000  __TI_ATRegion2_trg_addr       
00000000  __TI_static_base__            
00000000  interruptVectors              
000000c1  powf                          
00000200  __STACK_SIZE                  
0000076d  __aeabi_dsub                  
0000076d  __subdf3                      
00000777  __adddf3                      
00000777  __aeabi_dadd                  
00000800  __SYSMEM_SIZE                 
000008ff  __aeabi_idiv0                 
00000901  run_lab8_part3                
00000a7d  clock_init_40mhz              
00000be5  thermistor_calc_temperature   
00000cd5  __aeabi_dmul                  
00000cd5  __muldf3                      
00000db9  __aeabi_fsub                  
00000db9  __subsf3                      
00000dc3  __addsf3                      
00000dc3  __aeabi_fadd                  
00000e91  ADC0_init                     
00000f65  leds_off                      
00001035  lcd1602_init                  
000010f9  lcd1602_write                 
000011b9  I2C_init                      
00001275  led_on                        
00001329  ldexpf                        
00001329  scalbnf                       
000013d9  led_init                      
00001485  sqrtf                         
0000152d  GROUP1_IRQHandler             
000015d1  I2C_send1                     
00001665  __aeabi_fmul                  
00001665  __mulsf3                      
00001775  __aeabi_fdiv                  
00001775  __divsf3                      
000017f7  doublebyte_to_ascii           
00001875  __TI_decompress_lzss          
000018ed  ADC0_IRQHandler               
000018ed  ADC1_IRQHandler               
000018ed  AES_IRQHandler                
000018ed  CANFD0_IRQHandler             
000018ed  DAC0_IRQHandler               
000018ed  DMA_IRQHandler                
000018ed  Default_Handler               
000018ed  GROUP0_IRQHandler             
000018ed  I2C0_IRQHandler               
000018ed  I2C1_IRQHandler               
000018ed  NMI_Handler                   
000018ed  PendSV_Handler                
000018ed  RTC_IRQHandler                
000018ed  SPI0_IRQHandler               
000018ed  SPI1_IRQHandler               
000018ed  SVC_Handler                   
000018ed  SysTick_Handler               
000018ed  TIMA0_IRQHandler              
000018ed  TIMA1_IRQHandler              
000018ed  TIMG0_IRQHandler              
000018ed  TIMG12_IRQHandler             
000018ed  TIMG6_IRQHandler              
000018ed  TIMG7_IRQHandler              
000018ed  TIMG8_IRQHandler              
000018ed  UART0_IRQHandler              
000018ed  UART1_IRQHandler              
000018ed  UART2_IRQHandler              
000018ed  UART3_IRQHandler              
000018f1  __aeabi_d2f                   
000018f1  __truncdfsf2                  
00001965  ADC0_in                       
000019cd  __aeabi_fcmpeq                
000019e1  __aeabi_fcmplt                
000019f5  __aeabi_fcmple                
00001a09  __aeabi_fcmpge                
00001a1d  __aeabi_fcmpgt                
00001a8d  main                          
00001add  dipsw_init                    
00001b29  __aeabi_uidiv                 
00001b29  __aeabi_uidivmod              
00001b69  __aeabi_f2d                   
00001b69  __extendsfdf2                 
00001ba9  __aeabi_i2f                   
00001ba9  __floatsisf                   
00001be5  __gesf2                       
00001be5  __gtsf2                       
00001c21  __TI_auto_init_nobinit_nopinit
00001c5d  __cmpsf2                      
00001c5d  __eqsf2                       
00001c5d  __lesf2                       
00001c5d  __ltsf2                       
00001c5d  __nesf2                       
00001c99  __muldsi3                     
00001cd5  __aeabi_f2iz                  
00001cd5  __fixsfsi                     
00001d0d  launchpad_gpio_init           
00001d79  config_pb1_interrupts         
00001dad  config_pb2_interrupts         
00001de1  msec_delay                    
00001e41  lcd_write_doublebyte          
00001e6d  _c_int00_noargs               
00001e95  lcd_write_string              
00001eb9  lcd_set_ddram_addr            
00001ed9  lcd_set_display_on            
00001ef9  lcd_write_char                
00001f11  led_disable                   
00001f29  led_enable                    
00001f41  __TI_zero_init_nomemset       
00001f57  TI_memcpy_small               
00001f69  __TI_decompress_none          
00001f7b  clock_delay                   
00001f8b  lcd_clear                     
00001f99  __aeabi_errno_addr            
00001fa1  __aeabi_memcpy                
00001fa1  __aeabi_memcpy4               
00001fa1  __aeabi_memcpy8               
00001fdf  HardFault_Handler             
00002015  Reset_Handler                 
00002019  _system_pre_init              
0000201c  C$$EXIT                       
0000201d  abort                         
00002020  led_config_data               
00002080  enable_controls               
000020bc  dip_switch_config_data        
00002104  iic_config_data               
0000213c  __TI_Handler_Table_Base       
00002148  __TI_Handler_Table_Limit      
00002150  __TI_CINIT_Base               
00002160  __TI_CINIT_Limit              
00002160  __TI_CINIT_Warm               
20200000  __start___llvm_prf_bits       
20200000  __start___llvm_prf_cnts       
20200000  __stop___llvm_prf_bits        
20200000  __stop___llvm_prf_cnts        
20200000  _sys_memory                   
20200800  __aeabi_errno                 
20200804  g_bus_clock_freq              
20200808  g_PB1_pressed                 
20200809  g_PB2_pressed                 
2020080c  g_temp_raw                    
20207e00  __stack                       
20208000  __STACK_END                   
ffffffff  __TI_pprof_out_hndl           
ffffffff  __TI_prof_data_size           
ffffffff  __TI_prof_data_start          
ffffffff  __binit__                     
ffffffff  binit                         
UNDEFED   __mpu_init                    
UNDEFED   _system_post_cinit            

[155 symbols]
