<?xml version="1.0" encoding="ISO-8859-1" ?>
<link_info>
   <banner>TI ARM Clang Linker Unix v3.2.1.LTS</banner>
   <copyright>Copyright (c) 1996-2018 Texas Instruments Incorporated</copyright>
   <link_time>0x67e4266b</link_time>
   <link_errors>0x0</link_errors>
   <output_file>/Users/masonferrara/Desktop/CSC202/lab8_p3/Debug/lab8_p3.out</output_file>
   <entry_point>
      <name>_c_int00_noargs</name>
      <address>0x1e4d</address>
   </entry_point>
   <input_file_list>
      <input_file id="fl-1">
         <path>/Users/masonferrara/Desktop/CSC202/lab8_p3/Debug/./</path>
         <kind>object</kind>
         <file>LaunchPad.o</file>
         <name>LaunchPad.o</name>
      </input_file>
      <input_file id="fl-2">
         <path>/Users/masonferrara/Desktop/CSC202/lab8_p3/Debug/./</path>
         <kind>object</kind>
         <file>adc.o</file>
         <name>adc.o</name>
      </input_file>
      <input_file id="fl-3">
         <path>/Users/masonferrara/Desktop/CSC202/lab8_p3/Debug/./</path>
         <kind>object</kind>
         <file>clock.o</file>
         <name>clock.o</name>
      </input_file>
      <input_file id="fl-4">
         <path>/Users/masonferrara/Desktop/CSC202/lab8_p3/Debug/./</path>
         <kind>object</kind>
         <file>lab8p3_main.o</file>
         <name>lab8p3_main.o</name>
      </input_file>
      <input_file id="fl-5">
         <path>/Users/masonferrara/Desktop/CSC202/lab8_p3/Debug/./</path>
         <kind>object</kind>
         <file>lcd1602.o</file>
         <name>lcd1602.o</name>
      </input_file>
      <input_file id="fl-6">
         <path>/Users/masonferrara/Desktop/CSC202/lab8_p3/Debug/./</path>
         <kind>object</kind>
         <file>spi.o</file>
         <name>spi.o</name>
      </input_file>
      <input_file id="fl-7">
         <path>/Users/masonferrara/Desktop/CSC202/lab8_p3/Debug/./</path>
         <kind>object</kind>
         <file>uart.o</file>
         <name>uart.o</name>
      </input_file>
      <input_file id="fl-8">
         <path>/Users/masonferrara/Desktop/CSC202/lab8_p3/Debug/./ticlang/</path>
         <kind>object</kind>
         <file>startup_mspm0g3507_ticlang.o</file>
         <name>startup_mspm0g3507_ticlang.o</name>
      </input_file>
      <input_file id="fl-13">
         <path>/Users/masonferrara/Desktop/CSC202/lab8_p3/Debug/</path>
         <kind>object</kind>
         <file>&lt;internal&gt;</file>
         <name>&lt;internal&gt;</name>
      </input_file>
      <input_file id="fl-22">
         <path>/Applications/ti/ccstheia141/ccs/tools/compiler/ti-cgt-armllvm_3.2.1.LTS/lib/armv6m-ti-none-eabi/c/</path>
         <kind>archive</kind>
         <file>libc.a</file>
         <name>e_powf.c.obj</name>
      </input_file>
      <input_file id="fl-23">
         <path>/Applications/ti/ccstheia141/ccs/tools/compiler/ti-cgt-armllvm_3.2.1.LTS/lib/armv6m-ti-none-eabi/c/</path>
         <kind>archive</kind>
         <file>libc.a</file>
         <name>e_sqrtf.c.obj</name>
      </input_file>
      <input_file id="fl-24">
         <path>/Applications/ti/ccstheia141/ccs/tools/compiler/ti-cgt-armllvm_3.2.1.LTS/lib/armv6m-ti-none-eabi/c/</path>
         <kind>archive</kind>
         <file>libc.a</file>
         <name>s_scalbnf.c.obj</name>
      </input_file>
      <input_file id="fl-25">
         <path>/Applications/ti/ccstheia141/ccs/tools/compiler/ti-cgt-armllvm_3.2.1.LTS/lib/armv6m-ti-none-eabi/c/</path>
         <kind>archive</kind>
         <file>libc.a</file>
         <name>aeabi_portable.c.obj</name>
      </input_file>
      <input_file id="fl-26">
         <path>/Applications/ti/ccstheia141/ccs/tools/compiler/ti-cgt-armllvm_3.2.1.LTS/lib/armv6m-ti-none-eabi/c/</path>
         <kind>archive</kind>
         <file>libc.a</file>
         <name>assert.c.obj</name>
      </input_file>
      <input_file id="fl-27">
         <path>/Applications/ti/ccstheia141/ccs/tools/compiler/ti-cgt-armllvm_3.2.1.LTS/lib/armv6m-ti-none-eabi/c/</path>
         <kind>archive</kind>
         <file>libc.a</file>
         <name>defs.c.obj</name>
      </input_file>
      <input_file id="fl-28">
         <path>/Applications/ti/ccstheia141/ccs/tools/compiler/ti-cgt-armllvm_3.2.1.LTS/lib/armv6m-ti-none-eabi/c/</path>
         <kind>archive</kind>
         <file>libc.a</file>
         <name>memory.c.obj</name>
      </input_file>
      <input_file id="fl-29">
         <path>/Applications/ti/ccstheia141/ccs/tools/compiler/ti-cgt-armllvm_3.2.1.LTS/lib/armv6m-ti-none-eabi/c/</path>
         <kind>archive</kind>
         <file>libc.a</file>
         <name>boot_cortex_m.c.obj</name>
      </input_file>
      <input_file id="fl-2a">
         <path>/Applications/ti/ccstheia141/ccs/tools/compiler/ti-cgt-armllvm_3.2.1.LTS/lib/armv6m-ti-none-eabi/c/</path>
         <kind>archive</kind>
         <file>libc.a</file>
         <name>mathacl_init.c.obj</name>
      </input_file>
      <input_file id="fl-2b">
         <path>/Applications/ti/ccstheia141/ccs/tools/compiler/ti-cgt-armllvm_3.2.1.LTS/lib/armv6m-ti-none-eabi/c/</path>
         <kind>archive</kind>
         <file>libc.a</file>
         <name>autoinit.c.obj</name>
      </input_file>
      <input_file id="fl-2c">
         <path>/Applications/ti/ccstheia141/ccs/tools/compiler/ti-cgt-armllvm_3.2.1.LTS/lib/armv6m-ti-none-eabi/c/</path>
         <kind>archive</kind>
         <file>libc.a</file>
         <name>pre_init.c.obj</name>
      </input_file>
      <input_file id="fl-2d">
         <path>/Applications/ti/ccstheia141/ccs/tools/compiler/ti-cgt-armllvm_3.2.1.LTS/lib/armv6m-ti-none-eabi/c/</path>
         <kind>archive</kind>
         <file>libc.a</file>
         <name>cpy_tbl.c.obj</name>
      </input_file>
      <input_file id="fl-2e">
         <path>/Applications/ti/ccstheia141/ccs/tools/compiler/ti-cgt-armllvm_3.2.1.LTS/lib/armv6m-ti-none-eabi/c/</path>
         <kind>archive</kind>
         <file>libc.a</file>
         <name>copy_zero_init.c.obj</name>
      </input_file>
      <input_file id="fl-2f">
         <path>/Applications/ti/ccstheia141/ccs/tools/compiler/ti-cgt-armllvm_3.2.1.LTS/lib/armv6m-ti-none-eabi/c/</path>
         <kind>archive</kind>
         <file>libc.a</file>
         <name>copy_decompress_none.c.obj</name>
      </input_file>
      <input_file id="fl-30">
         <path>/Applications/ti/ccstheia141/ccs/tools/compiler/ti-cgt-armllvm_3.2.1.LTS/lib/armv6m-ti-none-eabi/c/</path>
         <kind>archive</kind>
         <file>libc.a</file>
         <name>copy_decompress_lzss.c.obj</name>
      </input_file>
      <input_file id="fl-31">
         <path>/Applications/ti/ccstheia141/ccs/tools/compiler/ti-cgt-armllvm_3.2.1.LTS/lib/armv6m-ti-none-eabi/c/</path>
         <kind>archive</kind>
         <file>libc.a</file>
         <name>sprintf.c.obj</name>
      </input_file>
      <input_file id="fl-32">
         <path>/Applications/ti/ccstheia141/ccs/tools/compiler/ti-cgt-armllvm_3.2.1.LTS/lib/armv6m-ti-none-eabi/c/</path>
         <kind>archive</kind>
         <file>libc.a</file>
         <name>fflush.c.obj</name>
      </input_file>
      <input_file id="fl-33">
         <path>/Applications/ti/ccstheia141/ccs/tools/compiler/ti-cgt-armllvm_3.2.1.LTS/lib/armv6m-ti-none-eabi/c/</path>
         <kind>archive</kind>
         <file>libc.a</file>
         <name>fputs.c.obj</name>
      </input_file>
      <input_file id="fl-34">
         <path>/Applications/ti/ccstheia141/ccs/tools/compiler/ti-cgt-armllvm_3.2.1.LTS/lib/armv6m-ti-none-eabi/c/</path>
         <kind>archive</kind>
         <file>libc.a</file>
         <name>_io_perm.c.obj</name>
      </input_file>
      <input_file id="fl-35">
         <path>/Applications/ti/ccstheia141/ccs/tools/compiler/ti-cgt-armllvm_3.2.1.LTS/lib/armv6m-ti-none-eabi/c/</path>
         <kind>archive</kind>
         <file>libc.a</file>
         <name>setvbuf.c.obj</name>
      </input_file>
      <input_file id="fl-36">
         <path>/Applications/ti/ccstheia141/ccs/tools/compiler/ti-cgt-armllvm_3.2.1.LTS/lib/armv6m-ti-none-eabi/c/</path>
         <kind>archive</kind>
         <file>libc.a</file>
         <name>exit.c.obj</name>
      </input_file>
      <input_file id="fl-37">
         <path>/Applications/ti/ccstheia141/ccs/tools/compiler/ti-cgt-armllvm_3.2.1.LTS/lib/armv6m-ti-none-eabi/c/</path>
         <kind>archive</kind>
         <file>libc.a</file>
         <name>_lock.c.obj</name>
      </input_file>
      <input_file id="fl-38">
         <path>/Applications/ti/ccstheia141/ccs/tools/compiler/ti-cgt-armllvm_3.2.1.LTS/lib/armv6m-ti-none-eabi/c/</path>
         <kind>archive</kind>
         <file>libc.a</file>
         <name>args_main.c.obj</name>
      </input_file>
      <input_file id="fl-39">
         <path>/Applications/ti/ccstheia141/ccs/tools/compiler/ti-cgt-armllvm_3.2.1.LTS/lib/armv6m-ti-none-eabi/c/</path>
         <kind>archive</kind>
         <file>libc.a</file>
         <name>_printfi.c.obj</name>
      </input_file>
      <input_file id="fl-3a">
         <path>/Applications/ti/ccstheia141/ccs/tools/compiler/ti-cgt-armllvm_3.2.1.LTS/lib/armv6m-ti-none-eabi/c/</path>
         <kind>archive</kind>
         <file>libc.a</file>
         <name>fopen.c.obj</name>
      </input_file>
      <input_file id="fl-3b">
         <path>/Applications/ti/ccstheia141/ccs/tools/compiler/ti-cgt-armllvm_3.2.1.LTS/lib/armv6m-ti-none-eabi/c/</path>
         <kind>archive</kind>
         <file>libc.a</file>
         <name>fseek.c.obj</name>
      </input_file>
      <input_file id="fl-3c">
         <path>/Applications/ti/ccstheia141/ccs/tools/compiler/ti-cgt-armllvm_3.2.1.LTS/lib/armv6m-ti-none-eabi/c/</path>
         <kind>archive</kind>
         <file>libc.a</file>
         <name>wcslen.c.obj</name>
      </input_file>
      <input_file id="fl-3d">
         <path>/Applications/ti/ccstheia141/ccs/tools/compiler/ti-cgt-armllvm_3.2.1.LTS/lib/armv6m-ti-none-eabi/c/</path>
         <kind>archive</kind>
         <file>libc.a</file>
         <name>_ltoa.c.obj</name>
      </input_file>
      <input_file id="fl-3e">
         <path>/Applications/ti/ccstheia141/ccs/tools/compiler/ti-cgt-armllvm_3.2.1.LTS/lib/armv6m-ti-none-eabi/c/</path>
         <kind>archive</kind>
         <file>libc.a</file>
         <name>atoi.c.obj</name>
      </input_file>
      <input_file id="fl-3f">
         <path>/Applications/ti/ccstheia141/ccs/tools/compiler/ti-cgt-armllvm_3.2.1.LTS/lib/armv6m-ti-none-eabi/c/</path>
         <kind>archive</kind>
         <file>libc.a</file>
         <name>memccpy.c.obj</name>
      </input_file>
      <input_file id="fl-40">
         <path>/Applications/ti/ccstheia141/ccs/tools/compiler/ti-cgt-armllvm_3.2.1.LTS/lib/armv6m-ti-none-eabi/c/</path>
         <kind>archive</kind>
         <file>libc.a</file>
         <name>s_frexp.c.obj</name>
      </input_file>
      <input_file id="fl-41">
         <path>/Applications/ti/ccstheia141/ccs/tools/compiler/ti-cgt-armllvm_3.2.1.LTS/lib/armv6m-ti-none-eabi/c/</path>
         <kind>archive</kind>
         <file>libc.a</file>
         <name>s_scalbn.c.obj</name>
      </input_file>
      <input_file id="fl-42">
         <path>/Applications/ti/ccstheia141/ccs/tools/compiler/ti-cgt-armllvm_3.2.1.LTS/lib/armv6m-ti-none-eabi/c/</path>
         <kind>archive</kind>
         <file>libc.a</file>
         <name>fclose.c.obj</name>
      </input_file>
      <input_file id="fl-43">
         <path>/Applications/ti/ccstheia141/ccs/tools/compiler/ti-cgt-armllvm_3.2.1.LTS/lib/armv6m-ti-none-eabi/c/</path>
         <kind>archive</kind>
         <file>libc.a</file>
         <name>aeabi_ctype.S.obj</name>
      </input_file>
      <input_file id="fl-a9">
         <path>/Applications/ti/ccstheia141/ccs/tools/compiler/ti-cgt-armllvm_3.2.1.LTS/lib/armv6m-ti-none-eabi/c/</path>
         <kind>archive</kind>
         <file>libsysbm.a</file>
         <name>write.c.obj</name>
      </input_file>
      <input_file id="fl-aa">
         <path>/Applications/ti/ccstheia141/ccs/tools/compiler/ti-cgt-armllvm_3.2.1.LTS/lib/armv6m-ti-none-eabi/c/</path>
         <kind>archive</kind>
         <file>libsysbm.a</file>
         <name>host_device.c.obj</name>
      </input_file>
      <input_file id="fl-ab">
         <path>/Applications/ti/ccstheia141/ccs/tools/compiler/ti-cgt-armllvm_3.2.1.LTS/lib/armv6m-ti-none-eabi/c/</path>
         <kind>archive</kind>
         <file>libsysbm.a</file>
         <name>remove.c.obj</name>
      </input_file>
      <input_file id="fl-ac">
         <path>/Applications/ti/ccstheia141/ccs/tools/compiler/ti-cgt-armllvm_3.2.1.LTS/lib/armv6m-ti-none-eabi/c/</path>
         <kind>archive</kind>
         <file>libsysbm.a</file>
         <name>open.c.obj</name>
      </input_file>
      <input_file id="fl-ad">
         <path>/Applications/ti/ccstheia141/ccs/tools/compiler/ti-cgt-armllvm_3.2.1.LTS/lib/armv6m-ti-none-eabi/c/</path>
         <kind>archive</kind>
         <file>libsysbm.a</file>
         <name>lseek.c.obj</name>
      </input_file>
      <input_file id="fl-ae">
         <path>/Applications/ti/ccstheia141/ccs/tools/compiler/ti-cgt-armllvm_3.2.1.LTS/lib/armv6m-ti-none-eabi/c/</path>
         <kind>archive</kind>
         <file>libsysbm.a</file>
         <name>close.c.obj</name>
      </input_file>
      <input_file id="fl-af">
         <path>/Applications/ti/ccstheia141/ccs/tools/compiler/ti-cgt-armllvm_3.2.1.LTS/lib/armv6m-ti-none-eabi/c/</path>
         <kind>archive</kind>
         <file>libsysbm.a</file>
         <name>unlink.c.obj</name>
      </input_file>
      <input_file id="fl-b0">
         <path>/Applications/ti/ccstheia141/ccs/tools/compiler/ti-cgt-armllvm_3.2.1.LTS/lib/armv6m-ti-none-eabi/c/</path>
         <kind>archive</kind>
         <file>libsysbm.a</file>
         <name>hostclose.c.obj</name>
      </input_file>
      <input_file id="fl-b1">
         <path>/Applications/ti/ccstheia141/ccs/tools/compiler/ti-cgt-armllvm_3.2.1.LTS/lib/armv6m-ti-none-eabi/c/</path>
         <kind>archive</kind>
         <file>libsysbm.a</file>
         <name>hostlseek.c.obj</name>
      </input_file>
      <input_file id="fl-b2">
         <path>/Applications/ti/ccstheia141/ccs/tools/compiler/ti-cgt-armllvm_3.2.1.LTS/lib/armv6m-ti-none-eabi/c/</path>
         <kind>archive</kind>
         <file>libsysbm.a</file>
         <name>hostopen.c.obj</name>
      </input_file>
      <input_file id="fl-b3">
         <path>/Applications/ti/ccstheia141/ccs/tools/compiler/ti-cgt-armllvm_3.2.1.LTS/lib/armv6m-ti-none-eabi/c/</path>
         <kind>archive</kind>
         <file>libsysbm.a</file>
         <name>hostread.c.obj</name>
      </input_file>
      <input_file id="fl-b4">
         <path>/Applications/ti/ccstheia141/ccs/tools/compiler/ti-cgt-armllvm_3.2.1.LTS/lib/armv6m-ti-none-eabi/c/</path>
         <kind>archive</kind>
         <file>libsysbm.a</file>
         <name>hostrename.c.obj</name>
      </input_file>
      <input_file id="fl-b5">
         <path>/Applications/ti/ccstheia141/ccs/tools/compiler/ti-cgt-armllvm_3.2.1.LTS/lib/armv6m-ti-none-eabi/c/</path>
         <kind>archive</kind>
         <file>libsysbm.a</file>
         <name>hostunlink.c.obj</name>
      </input_file>
      <input_file id="fl-b6">
         <path>/Applications/ti/ccstheia141/ccs/tools/compiler/ti-cgt-armllvm_3.2.1.LTS/lib/armv6m-ti-none-eabi/c/</path>
         <kind>archive</kind>
         <file>libsysbm.a</file>
         <name>hostwrite.c.obj</name>
      </input_file>
      <input_file id="fl-b7">
         <path>/Applications/ti/ccstheia141/ccs/tools/compiler/ti-cgt-armllvm_3.2.1.LTS/lib/armv6m-ti-none-eabi/c/</path>
         <kind>archive</kind>
         <file>libsysbm.a</file>
         <name>trgmsg.c.obj</name>
      </input_file>
      <input_file id="fl-b8">
         <path>/Applications/ti/ccstheia141/ccs/tools/compiler/ti-cgt-armllvm_3.2.1.LTS/lib/clang/15.0.7/lib/armv6m-ti-none-eabi/</path>
         <kind>archive</kind>
         <file>libclang_rt.builtins.a</file>
         <name>addsf3.S.obj</name>
      </input_file>
      <input_file id="fl-b9">
         <path>/Applications/ti/ccstheia141/ccs/tools/compiler/ti-cgt-armllvm_3.2.1.LTS/lib/clang/15.0.7/lib/armv6m-ti-none-eabi/</path>
         <kind>archive</kind>
         <file>libclang_rt.builtins.a</file>
         <name>adddf3.S.obj</name>
      </input_file>
      <input_file id="fl-ba">
         <path>/Applications/ti/ccstheia141/ccs/tools/compiler/ti-cgt-armllvm_3.2.1.LTS/lib/clang/15.0.7/lib/armv6m-ti-none-eabi/</path>
         <kind>archive</kind>
         <file>libclang_rt.builtins.a</file>
         <name>muldf3.S.obj</name>
      </input_file>
      <input_file id="fl-bb">
         <path>/Applications/ti/ccstheia141/ccs/tools/compiler/ti-cgt-armllvm_3.2.1.LTS/lib/clang/15.0.7/lib/armv6m-ti-none-eabi/</path>
         <kind>archive</kind>
         <file>libclang_rt.builtins.a</file>
         <name>muldsi3.S.obj</name>
      </input_file>
      <input_file id="fl-bc">
         <path>/Applications/ti/ccstheia141/ccs/tools/compiler/ti-cgt-armllvm_3.2.1.LTS/lib/clang/15.0.7/lib/armv6m-ti-none-eabi/</path>
         <kind>archive</kind>
         <file>libclang_rt.builtins.a</file>
         <name>mulsf3.S.obj</name>
      </input_file>
      <input_file id="fl-bd">
         <path>/Applications/ti/ccstheia141/ccs/tools/compiler/ti-cgt-armllvm_3.2.1.LTS/lib/clang/15.0.7/lib/armv6m-ti-none-eabi/</path>
         <kind>archive</kind>
         <file>libclang_rt.builtins.a</file>
         <name>divsf3.S.obj</name>
      </input_file>
      <input_file id="fl-be">
         <path>/Applications/ti/ccstheia141/ccs/tools/compiler/ti-cgt-armllvm_3.2.1.LTS/lib/clang/15.0.7/lib/armv6m-ti-none-eabi/</path>
         <kind>archive</kind>
         <file>libclang_rt.builtins.a</file>
         <name>divdf3.S.obj</name>
      </input_file>
      <input_file id="fl-bf">
         <path>/Applications/ti/ccstheia141/ccs/tools/compiler/ti-cgt-armllvm_3.2.1.LTS/lib/clang/15.0.7/lib/armv6m-ti-none-eabi/</path>
         <kind>archive</kind>
         <file>libclang_rt.builtins.a</file>
         <name>extendsfdf2.S.obj</name>
      </input_file>
      <input_file id="fl-c0">
         <path>/Applications/ti/ccstheia141/ccs/tools/compiler/ti-cgt-armllvm_3.2.1.LTS/lib/clang/15.0.7/lib/armv6m-ti-none-eabi/</path>
         <kind>archive</kind>
         <file>libclang_rt.builtins.a</file>
         <name>fixdfsi.S.obj</name>
      </input_file>
      <input_file id="fl-c1">
         <path>/Applications/ti/ccstheia141/ccs/tools/compiler/ti-cgt-armllvm_3.2.1.LTS/lib/clang/15.0.7/lib/armv6m-ti-none-eabi/</path>
         <kind>archive</kind>
         <file>libclang_rt.builtins.a</file>
         <name>fixsfsi.S.obj</name>
      </input_file>
      <input_file id="fl-c2">
         <path>/Applications/ti/ccstheia141/ccs/tools/compiler/ti-cgt-armllvm_3.2.1.LTS/lib/clang/15.0.7/lib/armv6m-ti-none-eabi/</path>
         <kind>archive</kind>
         <file>libclang_rt.builtins.a</file>
         <name>fixunsdfsi.S.obj</name>
      </input_file>
      <input_file id="fl-c3">
         <path>/Applications/ti/ccstheia141/ccs/tools/compiler/ti-cgt-armllvm_3.2.1.LTS/lib/clang/15.0.7/lib/armv6m-ti-none-eabi/</path>
         <kind>archive</kind>
         <file>libclang_rt.builtins.a</file>
         <name>floatsidf.S.obj</name>
      </input_file>
      <input_file id="fl-c4">
         <path>/Applications/ti/ccstheia141/ccs/tools/compiler/ti-cgt-armllvm_3.2.1.LTS/lib/clang/15.0.7/lib/armv6m-ti-none-eabi/</path>
         <kind>archive</kind>
         <file>libclang_rt.builtins.a</file>
         <name>floatsisf.S.obj</name>
      </input_file>
      <input_file id="fl-c5">
         <path>/Applications/ti/ccstheia141/ccs/tools/compiler/ti-cgt-armllvm_3.2.1.LTS/lib/clang/15.0.7/lib/armv6m-ti-none-eabi/</path>
         <kind>archive</kind>
         <file>libclang_rt.builtins.a</file>
         <name>floatunsidf.S.obj</name>
      </input_file>
      <input_file id="fl-c6">
         <path>/Applications/ti/ccstheia141/ccs/tools/compiler/ti-cgt-armllvm_3.2.1.LTS/lib/clang/15.0.7/lib/armv6m-ti-none-eabi/</path>
         <kind>archive</kind>
         <file>libclang_rt.builtins.a</file>
         <name>muldi3.S.obj</name>
      </input_file>
      <input_file id="fl-c7">
         <path>/Applications/ti/ccstheia141/ccs/tools/compiler/ti-cgt-armllvm_3.2.1.LTS/lib/clang/15.0.7/lib/armv6m-ti-none-eabi/</path>
         <kind>archive</kind>
         <file>libclang_rt.builtins.a</file>
         <name>truncdfsf2.S.obj</name>
      </input_file>
      <input_file id="fl-c8">
         <path>/Applications/ti/ccstheia141/ccs/tools/compiler/ti-cgt-armllvm_3.2.1.LTS/lib/clang/15.0.7/lib/armv6m-ti-none-eabi/</path>
         <kind>archive</kind>
         <file>libclang_rt.builtins.a</file>
         <name>aeabi_dcmp.S.obj</name>
      </input_file>
      <input_file id="fl-c9">
         <path>/Applications/ti/ccstheia141/ccs/tools/compiler/ti-cgt-armllvm_3.2.1.LTS/lib/clang/15.0.7/lib/armv6m-ti-none-eabi/</path>
         <kind>archive</kind>
         <file>libclang_rt.builtins.a</file>
         <name>aeabi_fcmp.S.obj</name>
      </input_file>
      <input_file id="fl-ca">
         <path>/Applications/ti/ccstheia141/ccs/tools/compiler/ti-cgt-armllvm_3.2.1.LTS/lib/clang/15.0.7/lib/armv6m-ti-none-eabi/</path>
         <kind>archive</kind>
         <file>libclang_rt.builtins.a</file>
         <name>aeabi_idivmod.S.obj</name>
      </input_file>
      <input_file id="fl-cb">
         <path>/Applications/ti/ccstheia141/ccs/tools/compiler/ti-cgt-armllvm_3.2.1.LTS/lib/clang/15.0.7/lib/armv6m-ti-none-eabi/</path>
         <kind>archive</kind>
         <file>libclang_rt.builtins.a</file>
         <name>aeabi_memcpy.S.obj</name>
      </input_file>
      <input_file id="fl-cc">
         <path>/Applications/ti/ccstheia141/ccs/tools/compiler/ti-cgt-armllvm_3.2.1.LTS/lib/clang/15.0.7/lib/armv6m-ti-none-eabi/</path>
         <kind>archive</kind>
         <file>libclang_rt.builtins.a</file>
         <name>aeabi_memset.S.obj</name>
      </input_file>
      <input_file id="fl-cd">
         <path>/Applications/ti/ccstheia141/ccs/tools/compiler/ti-cgt-armllvm_3.2.1.LTS/lib/clang/15.0.7/lib/armv6m-ti-none-eabi/</path>
         <kind>archive</kind>
         <file>libclang_rt.builtins.a</file>
         <name>aeabi_uidivmod.S.obj</name>
      </input_file>
      <input_file id="fl-ce">
         <path>/Applications/ti/ccstheia141/ccs/tools/compiler/ti-cgt-armllvm_3.2.1.LTS/lib/clang/15.0.7/lib/armv6m-ti-none-eabi/</path>
         <kind>archive</kind>
         <file>libclang_rt.builtins.a</file>
         <name>aeabi_uldivmod.S.obj</name>
      </input_file>
      <input_file id="fl-cf">
         <path>/Applications/ti/ccstheia141/ccs/tools/compiler/ti-cgt-armllvm_3.2.1.LTS/lib/clang/15.0.7/lib/armv6m-ti-none-eabi/</path>
         <kind>archive</kind>
         <file>libclang_rt.builtins.a</file>
         <name>comparesf2.S.obj</name>
      </input_file>
      <input_file id="fl-d0">
         <path>/Applications/ti/ccstheia141/ccs/tools/compiler/ti-cgt-armllvm_3.2.1.LTS/lib/clang/15.0.7/lib/armv6m-ti-none-eabi/</path>
         <kind>archive</kind>
         <file>libclang_rt.builtins.a</file>
         <name>udivmoddi4.S.obj</name>
      </input_file>
      <input_file id="fl-d1">
         <path>/Applications/ti/ccstheia141/ccs/tools/compiler/ti-cgt-armllvm_3.2.1.LTS/lib/clang/15.0.7/lib/armv6m-ti-none-eabi/</path>
         <kind>archive</kind>
         <file>libclang_rt.builtins.a</file>
         <name>ashldi3.S.obj</name>
      </input_file>
      <input_file id="fl-d2">
         <path>/Applications/ti/ccstheia141/ccs/tools/compiler/ti-cgt-armllvm_3.2.1.LTS/lib/clang/15.0.7/lib/armv6m-ti-none-eabi/</path>
         <kind>archive</kind>
         <file>libclang_rt.builtins.a</file>
         <name>comparedf2.c.obj</name>
      </input_file>
      <input_file id="fl-d3">
         <path>/Applications/ti/ccstheia141/ccs/tools/compiler/ti-cgt-armllvm_3.2.1.LTS/lib/clang/15.0.7/lib/armv6m-ti-none-eabi/</path>
         <kind>archive</kind>
         <file>libclang_rt.builtins.a</file>
         <name>aeabi_div0.c.obj</name>
      </input_file>
      <input_file id="fl-d4">
         <path>/Applications/ti/ccstheia141/ccs/tools/compiler/ti-cgt-armllvm_3.2.1.LTS/lib/armv6m-ti-none-eabi/c/</path>
         <kind>archive</kind>
         <file>libc.a</file>
         <name>getdevice.c.obj</name>
      </input_file>
      <input_file id="fl-d5">
         <path>/Applications/ti/ccstheia141/ccs/tools/compiler/ti-cgt-armllvm_3.2.1.LTS/lib/armv6m-ti-none-eabi/c/</path>
         <kind>archive</kind>
         <file>libc.a</file>
         <name>memcpy16.S.obj</name>
      </input_file>
      <input_file id="fl-d6">
         <path>/Applications/ti/ccstheia141/ccs/tools/compiler/ti-cgt-armllvm_3.2.1.LTS/lib/armv6m-ti-none-eabi/c/</path>
         <kind>archive</kind>
         <file>libc.a</file>
         <name>memset16.S.obj</name>
      </input_file>
   </input_file_list>
   <object_component_list>
      <object_component id="oc-18">
         <name>.intvecs</name>
         <load_address>0x0</load_address>
         <readonly>true</readonly>
         <run_address>0x0</run_address>
         <size>0xc0</size>
         <alignment>0x4</alignment>
         <input_file_ref idref="fl-8"/>
      </object_component>
      <object_component id="oc-10d">
         <name>.text.powf</name>
         <load_address>0xc0</load_address>
         <readonly>true</readonly>
         <executable>true</executable>
         <run_address>0xc0</run_address>
         <size>0x6ac</size>
         <alignment>0x4</alignment>
         <input_file_ref idref="fl-22"/>
      </object_component>
      <object_component id="oc-11b">
         <name>.text.adddf3_subdf3</name>
         <load_address>0x76c</load_address>
         <readonly>true</readonly>
         <executable>true</executable>
         <run_address>0x76c</run_address>
         <size>0x192</size>
         <alignment>0x4</alignment>
         <input_file_ref idref="fl-b9"/>
      </object_component>
      <object_component id="oc-fb">
         <name>.text.__aeabi_idiv0</name>
         <load_address>0x8fe</load_address>
         <readonly>true</readonly>
         <executable>true</executable>
         <run_address>0x8fe</run_address>
         <size>0x2</size>
         <alignment>0x2</alignment>
         <input_file_ref idref="fl-d3"/>
      </object_component>
      <object_component id="oc-a4">
         <name>.text.run_lab8_part3</name>
         <load_address>0x900</load_address>
         <readonly>true</readonly>
         <executable>true</executable>
         <run_address>0x900</run_address>
         <size>0x170</size>
         <alignment>0x4</alignment>
         <input_file_ref idref="fl-4"/>
      </object_component>
      <object_component id="oc-89">
         <name>.text.clock_init_40mhz</name>
         <load_address>0xa70</load_address>
         <readonly>true</readonly>
         <executable>true</executable>
         <run_address>0xa70</run_address>
         <size>0x168</size>
         <alignment>0x4</alignment>
         <input_file_ref idref="fl-3"/>
      </object_component>
      <object_component id="oc-e3">
         <name>.text.thermistor_calc_temperature</name>
         <load_address>0xbd8</load_address>
         <readonly>true</readonly>
         <executable>true</executable>
         <run_address>0xbd8</run_address>
         <size>0xf0</size>
         <alignment>0x4</alignment>
         <input_file_ref idref="fl-2"/>
      </object_component>
      <object_component id="oc-117">
         <name>.text.__muldf3</name>
         <load_address>0xcc8</load_address>
         <readonly>true</readonly>
         <executable>true</executable>
         <run_address>0xcc8</run_address>
         <size>0xe4</size>
         <alignment>0x4</alignment>
         <input_file_ref idref="fl-ba"/>
      </object_component>
      <object_component id="oc-143">
         <name>.text</name>
         <load_address>0xdac</load_address>
         <readonly>true</readonly>
         <executable>true</executable>
         <run_address>0xdac</run_address>
         <size>0xd8</size>
         <alignment>0x4</alignment>
         <input_file_ref idref="fl-b8"/>
      </object_component>
      <object_component id="oc-9d">
         <name>.text.ADC0_init</name>
         <load_address>0xe84</load_address>
         <readonly>true</readonly>
         <executable>true</executable>
         <run_address>0xe84</run_address>
         <size>0xd4</size>
         <alignment>0x4</alignment>
         <input_file_ref idref="fl-2"/>
      </object_component>
      <object_component id="oc-d4">
         <name>.text.leds_off</name>
         <load_address>0xf58</load_address>
         <readonly>true</readonly>
         <executable>true</executable>
         <run_address>0xf58</run_address>
         <size>0xd0</size>
         <alignment>0x4</alignment>
         <input_file_ref idref="fl-1"/>
      </object_component>
      <object_component id="oc-94">
         <name>.text.lcd1602_init</name>
         <load_address>0x1028</load_address>
         <readonly>true</readonly>
         <executable>true</executable>
         <run_address>0x1028</run_address>
         <size>0xc4</size>
         <alignment>0x4</alignment>
         <input_file_ref idref="fl-5"/>
      </object_component>
      <object_component id="oc-cf">
         <name>.text.lcd1602_write</name>
         <load_address>0x10ec</load_address>
         <readonly>true</readonly>
         <executable>true</executable>
         <run_address>0x10ec</run_address>
         <size>0xc0</size>
         <alignment>0x4</alignment>
         <input_file_ref idref="fl-5"/>
      </object_component>
      <object_component id="oc-93">
         <name>.text.I2C_init</name>
         <load_address>0x11ac</load_address>
         <readonly>true</readonly>
         <executable>true</executable>
         <run_address>0x11ac</run_address>
         <size>0xbc</size>
         <alignment>0x4</alignment>
         <input_file_ref idref="fl-1"/>
      </object_component>
      <object_component id="oc-e8">
         <name>.text.led_on</name>
         <load_address>0x1268</load_address>
         <readonly>true</readonly>
         <executable>true</executable>
         <run_address>0x1268</run_address>
         <size>0xb4</size>
         <alignment>0x4</alignment>
         <input_file_ref idref="fl-1"/>
      </object_component>
      <object_component id="oc-154">
         <name>.text.scalbnf</name>
         <load_address>0x131c</load_address>
         <readonly>true</readonly>
         <executable>true</executable>
         <run_address>0x131c</run_address>
         <size>0xb0</size>
         <alignment>0x4</alignment>
         <input_file_ref idref="fl-24"/>
      </object_component>
      <object_component id="oc-9a">
         <name>.text.led_init</name>
         <load_address>0x13cc</load_address>
         <readonly>true</readonly>
         <executable>true</executable>
         <run_address>0x13cc</run_address>
         <size>0xac</size>
         <alignment>0x4</alignment>
         <input_file_ref idref="fl-1"/>
      </object_component>
      <object_component id="oc-13a">
         <name>.text.sqrtf</name>
         <load_address>0x1478</load_address>
         <readonly>true</readonly>
         <executable>true</executable>
         <run_address>0x1478</run_address>
         <size>0xa8</size>
         <alignment>0x4</alignment>
         <input_file_ref idref="fl-23"/>
      </object_component>
      <object_component id="oc-cd">
         <name>.text.I2C_send1</name>
         <load_address>0x1520</load_address>
         <readonly>true</readonly>
         <executable>true</executable>
         <run_address>0x1520</run_address>
         <size>0x94</size>
         <alignment>0x4</alignment>
         <input_file_ref idref="fl-1"/>
      </object_component>
      <object_component id="oc-37">
         <name>.text.GROUP1_IRQHandler</name>
         <load_address>0x15b4</load_address>
         <readonly>true</readonly>
         <executable>true</executable>
         <run_address>0x15b4</run_address>
         <size>0x8c</size>
         <alignment>0x4</alignment>
         <input_file_ref idref="fl-4"/>
      </object_component>
      <object_component id="oc-109">
         <name>.text.__mulsf3</name>
         <load_address>0x1640</load_address>
         <readonly>true</readonly>
         <executable>true</executable>
         <run_address>0x1640</run_address>
         <size>0x8c</size>
         <alignment>0x4</alignment>
         <input_file_ref idref="fl-bc"/>
      </object_component>
      <object_component id="oc-d9">
         <name>.text.__NVIC_SetPriority</name>
         <load_address>0x16cc</load_address>
         <readonly>true</readonly>
         <executable>true</executable>
         <run_address>0x16cc</run_address>
         <size>0x84</size>
         <alignment>0x4</alignment>
         <input_file_ref idref="fl-4"/>
      </object_component>
      <object_component id="oc-101">
         <name>.text.__divsf3</name>
         <load_address>0x1750</load_address>
         <readonly>true</readonly>
         <executable>true</executable>
         <run_address>0x1750</run_address>
         <size>0x82</size>
         <alignment>0x4</alignment>
         <input_file_ref idref="fl-bd"/>
      </object_component>
      <object_component id="oc-124">
         <name>.text.doublebyte_to_ascii</name>
         <load_address>0x17d2</load_address>
         <readonly>true</readonly>
         <executable>true</executable>
         <run_address>0x17d2</run_address>
         <size>0x7c</size>
         <alignment>0x2</alignment>
         <input_file_ref idref="fl-5"/>
      </object_component>
      <object_component id="oc-1c">
         <name>.text:decompress:lzss</name>
         <load_address>0x1850</load_address>
         <readonly>true</readonly>
         <executable>true</executable>
         <run_address>0x1850</run_address>
         <size>0x78</size>
         <alignment>0x4</alignment>
         <input_file_ref idref="fl-30"/>
      </object_component>
      <object_component id="oc-13e">
         <name>.text.__aeabi_errno_addr</name>
         <load_address>0x18c8</load_address>
         <readonly>true</readonly>
         <executable>true</executable>
         <run_address>0x18c8</run_address>
         <size>0x8</size>
         <alignment>0x4</alignment>
         <input_file_ref idref="fl-25"/>
      </object_component>
      <object_component id="oc-11f">
         <name>.text.__truncdfsf2</name>
         <load_address>0x18d0</load_address>
         <readonly>true</readonly>
         <executable>true</executable>
         <run_address>0x18d0</run_address>
         <size>0x74</size>
         <alignment>0x10</alignment>
         <input_file_ref idref="fl-c7"/>
      </object_component>
      <object_component id="oc-de">
         <name>.text.ADC0_in</name>
         <load_address>0x1944</load_address>
         <readonly>true</readonly>
         <executable>true</executable>
         <run_address>0x1944</run_address>
         <size>0x68</size>
         <alignment>0x4</alignment>
         <input_file_ref idref="fl-2"/>
      </object_component>
      <object_component id="oc-14f">
         <name>.text.__aeabi_fcmp</name>
         <load_address>0x19ac</load_address>
         <readonly>true</readonly>
         <executable>true</executable>
         <run_address>0x19ac</run_address>
         <size>0x62</size>
         <alignment>0x4</alignment>
         <input_file_ref idref="fl-c9"/>
      </object_component>
      <object_component id="oc-f8">
         <name>.text.I2C_fill_tx_fifo</name>
         <load_address>0x1a10</load_address>
         <readonly>true</readonly>
         <executable>true</executable>
         <run_address>0x1a10</run_address>
         <size>0x5c</size>
         <alignment>0x4</alignment>
         <input_file_ref idref="fl-1"/>
      </object_component>
      <object_component id="oc-74">
         <name>.text.main</name>
         <load_address>0x1a6c</load_address>
         <readonly>true</readonly>
         <executable>true</executable>
         <run_address>0x1a6c</run_address>
         <size>0x4e</size>
         <alignment>0x2</alignment>
         <input_file_ref idref="fl-4"/>
      </object_component>
      <object_component id="oc-99">
         <name>.text.dipsw_init</name>
         <load_address>0x1abc</load_address>
         <readonly>true</readonly>
         <executable>true</executable>
         <run_address>0x1abc</run_address>
         <size>0x4c</size>
         <alignment>0x4</alignment>
         <input_file_ref idref="fl-1"/>
      </object_component>
      <object_component id="oc-df">
         <name>.text.__aeabi_uidivmod</name>
         <load_address>0x1b08</load_address>
         <readonly>true</readonly>
         <executable>true</executable>
         <run_address>0x1b08</run_address>
         <size>0x40</size>
         <alignment>0x4</alignment>
         <input_file_ref idref="fl-cd"/>
      </object_component>
      <object_component id="oc-113">
         <name>.text.__extendsfdf2</name>
         <load_address>0x1b48</load_address>
         <readonly>true</readonly>
         <executable>true</executable>
         <run_address>0x1b48</run_address>
         <size>0x40</size>
         <alignment>0x4</alignment>
         <input_file_ref idref="fl-bf"/>
      </object_component>
      <object_component id="oc-105">
         <name>.text.__floatsisf</name>
         <load_address>0x1b88</load_address>
         <readonly>true</readonly>
         <executable>true</executable>
         <run_address>0x1b88</run_address>
         <size>0x3c</size>
         <alignment>0x4</alignment>
         <input_file_ref idref="fl-c4"/>
      </object_component>
      <object_component id="oc-16d">
         <name>.text.__gtsf2</name>
         <load_address>0x1bc4</load_address>
         <readonly>true</readonly>
         <executable>true</executable>
         <run_address>0x1bc4</run_address>
         <size>0x3c</size>
         <alignment>0x4</alignment>
         <input_file_ref idref="fl-cf"/>
      </object_component>
      <object_component id="oc-ad">
         <name>.text:__TI_auto_init_nobinit_nopinit</name>
         <load_address>0x1c00</load_address>
         <readonly>true</readonly>
         <executable>true</executable>
         <run_address>0x1c00</run_address>
         <size>0x3c</size>
         <alignment>0x4</alignment>
         <input_file_ref idref="fl-2b"/>
      </object_component>
      <object_component id="oc-168">
         <name>.text.__eqsf2</name>
         <load_address>0x1c3c</load_address>
         <readonly>true</readonly>
         <executable>true</executable>
         <run_address>0x1c3c</run_address>
         <size>0x3a</size>
         <alignment>0x4</alignment>
         <input_file_ref idref="fl-cf"/>
      </object_component>
      <object_component id="oc-133">
         <name>.text.__muldsi3</name>
         <load_address>0x1c78</load_address>
         <readonly>true</readonly>
         <executable>true</executable>
         <run_address>0x1c78</run_address>
         <size>0x3a</size>
         <alignment>0x4</alignment>
         <input_file_ref idref="fl-bb"/>
      </object_component>
      <object_component id="oc-e4">
         <name>.text.__fixsfsi</name>
         <load_address>0x1cb4</load_address>
         <readonly>true</readonly>
         <executable>true</executable>
         <run_address>0x1cb4</run_address>
         <size>0x38</size>
         <alignment>0x4</alignment>
         <input_file_ref idref="fl-c1"/>
      </object_component>
      <object_component id="oc-8e">
         <name>.text.launchpad_gpio_init</name>
         <load_address>0x1cec</load_address>
         <readonly>true</readonly>
         <executable>true</executable>
         <run_address>0x1cec</run_address>
         <size>0x38</size>
         <alignment>0x4</alignment>
         <input_file_ref idref="fl-1"/>
      </object_component>
      <object_component id="oc-a5">
         <name>.text.__NVIC_DisableIRQ</name>
         <load_address>0x1d24</load_address>
         <readonly>true</readonly>
         <executable>true</executable>
         <run_address>0x1d24</run_address>
         <size>0x34</size>
         <alignment>0x4</alignment>
         <input_file_ref idref="fl-4"/>
      </object_component>
      <object_component id="oc-a2">
         <name>.text.config_pb1_interrupts</name>
         <load_address>0x1d58</load_address>
         <readonly>true</readonly>
         <executable>true</executable>
         <run_address>0x1d58</run_address>
         <size>0x34</size>
         <alignment>0x4</alignment>
         <input_file_ref idref="fl-4"/>
      </object_component>
      <object_component id="oc-a3">
         <name>.text.config_pb2_interrupts</name>
         <load_address>0x1d8c</load_address>
         <readonly>true</readonly>
         <executable>true</executable>
         <run_address>0x1d8c</run_address>
         <size>0x34</size>
         <alignment>0x4</alignment>
         <input_file_ref idref="fl-4"/>
      </object_component>
      <object_component id="oc-ce">
         <name>.text.msec_delay</name>
         <load_address>0x1dc0</load_address>
         <readonly>true</readonly>
         <executable>true</executable>
         <run_address>0x1dc0</run_address>
         <size>0x34</size>
         <alignment>0x4</alignment>
         <input_file_ref idref="fl-3"/>
      </object_component>
      <object_component id="oc-da">
         <name>.text.__NVIC_EnableIRQ</name>
         <load_address>0x1df4</load_address>
         <readonly>true</readonly>
         <executable>true</executable>
         <run_address>0x1df4</run_address>
         <size>0x2c</size>
         <alignment>0x4</alignment>
         <input_file_ref idref="fl-4"/>
      </object_component>
      <object_component id="oc-e9">
         <name>.text.lcd_write_doublebyte</name>
         <load_address>0x1e20</load_address>
         <readonly>true</readonly>
         <executable>true</executable>
         <run_address>0x1e20</run_address>
         <size>0x2c</size>
         <alignment>0x4</alignment>
         <input_file_ref idref="fl-5"/>
      </object_component>
      <object_component id="oc-57">
         <name>.text:_c_int00_noargs</name>
         <load_address>0x1e4c</load_address>
         <readonly>true</readonly>
         <executable>true</executable>
         <run_address>0x1e4c</run_address>
         <size>0x28</size>
         <alignment>0x4</alignment>
         <input_file_ref idref="fl-29"/>
      </object_component>
      <object_component id="oc-dd">
         <name>.text.lcd_write_string</name>
         <load_address>0x1e74</load_address>
         <readonly>true</readonly>
         <executable>true</executable>
         <run_address>0x1e74</run_address>
         <size>0x24</size>
         <alignment>0x2</alignment>
         <input_file_ref idref="fl-5"/>
      </object_component>
      <object_component id="oc-dc">
         <name>.text.lcd_set_ddram_addr</name>
         <load_address>0x1e98</load_address>
         <readonly>true</readonly>
         <executable>true</executable>
         <run_address>0x1e98</run_address>
         <size>0x20</size>
         <alignment>0x2</alignment>
         <input_file_ref idref="fl-5"/>
      </object_component>
      <object_component id="oc-d0">
         <name>.text.lcd_set_display_on</name>
         <load_address>0x1eb8</load_address>
         <readonly>true</readonly>
         <executable>true</executable>
         <run_address>0x1eb8</run_address>
         <size>0x20</size>
         <alignment>0x4</alignment>
         <input_file_ref idref="fl-5"/>
      </object_component>
      <object_component id="oc-fa">
         <name>.text.lcd_write_char</name>
         <load_address>0x1ed8</load_address>
         <readonly>true</readonly>
         <executable>true</executable>
         <run_address>0x1ed8</run_address>
         <size>0x18</size>
         <alignment>0x2</alignment>
         <input_file_ref idref="fl-5"/>
      </object_component>
      <object_component id="oc-9b">
         <name>.text.led_disable</name>
         <load_address>0x1ef0</load_address>
         <readonly>true</readonly>
         <executable>true</executable>
         <run_address>0x1ef0</run_address>
         <size>0x18</size>
         <alignment>0x4</alignment>
         <input_file_ref idref="fl-1"/>
      </object_component>
      <object_component id="oc-db">
         <name>.text.led_enable</name>
         <load_address>0x1f08</load_address>
         <readonly>true</readonly>
         <executable>true</executable>
         <run_address>0x1f08</run_address>
         <size>0x18</size>
         <alignment>0x4</alignment>
         <input_file_ref idref="fl-1"/>
      </object_component>
      <object_component id="oc-7f">
         <name>.text:TI_memcpy_small</name>
         <load_address>0x1f20</load_address>
         <readonly>true</readonly>
         <executable>true</executable>
         <run_address>0x1f20</run_address>
         <size>0x12</size>
         <alignment>0x1</alignment>
         <input_file_ref idref="fl-d5"/>
      </object_component>
      <object_component id="oc-20">
         <name>.text:decompress:none</name>
         <load_address>0x1f32</load_address>
         <readonly>true</readonly>
         <executable>true</executable>
         <run_address>0x1f32</run_address>
         <size>0x12</size>
         <alignment>0x2</alignment>
         <input_file_ref idref="fl-2f"/>
      </object_component>
      <object_component id="oc-c9">
         <name>.text.clock_delay</name>
         <load_address>0x1f44</load_address>
         <readonly>true</readonly>
         <executable>true</executable>
         <run_address>0x1f44</run_address>
         <size>0x10</size>
         <alignment>0x2</alignment>
         <input_file_ref idref="fl-3"/>
      </object_component>
      <object_component id="oc-9c">
         <name>.text.lcd_clear</name>
         <load_address>0x1f54</load_address>
         <readonly>true</readonly>
         <executable>true</executable>
         <run_address>0x1f54</run_address>
         <size>0xe</size>
         <alignment>0x2</alignment>
         <input_file_ref idref="fl-5"/>
      </object_component>
      <object_component id="oc-47">
         <name>.text.__aeabi_memcpy</name>
         <load_address>0x1f64</load_address>
         <readonly>true</readonly>
         <executable>true</executable>
         <run_address>0x1f64</run_address>
         <size>0x8</size>
         <alignment>0x4</alignment>
         <input_file_ref idref="fl-cb"/>
      </object_component>
      <object_component id="oc-14c">
         <name>.text.OUTLINED_FUNCTION_1</name>
         <load_address>0x1f6c</load_address>
         <readonly>true</readonly>
         <executable>true</executable>
         <run_address>0x1f6c</run_address>
         <size>0x6</size>
         <alignment>0x2</alignment>
         <input_file_ref idref="fl-22"/>
      </object_component>
      <object_component id="oc-1b8">
         <name>.tramp.__aeabi_fsub.1</name>
         <load_address>0x1f74</load_address>
         <readonly>true</readonly>
         <executable>true</executable>
         <run_address>0x1f74</run_address>
         <size>0x10</size>
         <alignment>0x4</alignment>
         <input_file_ref idref="fl-b8"/>
      </object_component>
      <object_component id="oc-153">
         <name>.text.OUTLINED_FUNCTION_2</name>
         <load_address>0x1f84</load_address>
         <readonly>true</readonly>
         <executable>true</executable>
         <run_address>0x1f84</run_address>
         <size>0x6</size>
         <alignment>0x2</alignment>
         <input_file_ref idref="fl-22"/>
      </object_component>
      <object_component id="oc-1b9">
         <name>.tramp.__aeabi_fmul.1</name>
         <load_address>0x1f8c</load_address>
         <readonly>true</readonly>
         <executable>true</executable>
         <run_address>0x1f8c</run_address>
         <size>0x10</size>
         <alignment>0x4</alignment>
         <input_file_ref idref="fl-bc"/>
      </object_component>
      <object_component id="oc-14e">
         <name>.text.OUTLINED_FUNCTION_6</name>
         <load_address>0x1f9c</load_address>
         <readonly>true</readonly>
         <executable>true</executable>
         <run_address>0x1f9c</run_address>
         <size>0x6</size>
         <alignment>0x2</alignment>
         <input_file_ref idref="fl-22"/>
      </object_component>
      <object_component id="oc-35">
         <name>.text.Default_Handler</name>
         <load_address>0x1fa2</load_address>
         <readonly>true</readonly>
         <executable>true</executable>
         <run_address>0x1fa2</run_address>
         <size>0x4</size>
         <alignment>0x2</alignment>
         <input_file_ref idref="fl-8"/>
      </object_component>
      <object_component id="oc-36">
         <name>.text.HardFault_Handler</name>
         <load_address>0x1fa6</load_address>
         <readonly>true</readonly>
         <executable>true</executable>
         <run_address>0x1fa6</run_address>
         <size>0x4</size>
         <alignment>0x2</alignment>
         <input_file_ref idref="fl-8"/>
      </object_component>
      <object_component id="oc-147">
         <name>.text.OUTLINED_FUNCTION_0</name>
         <load_address>0x1faa</load_address>
         <readonly>true</readonly>
         <executable>true</executable>
         <run_address>0x1faa</run_address>
         <size>0x4</size>
         <alignment>0x2</alignment>
         <input_file_ref idref="fl-22"/>
      </object_component>
      <object_component id="oc-14d">
         <name>.text.OUTLINED_FUNCTION_10</name>
         <load_address>0x1fae</load_address>
         <readonly>true</readonly>
         <executable>true</executable>
         <run_address>0x1fae</run_address>
         <size>0x4</size>
         <alignment>0x2</alignment>
         <input_file_ref idref="fl-22"/>
      </object_component>
      <object_component id="oc-14b">
         <name>.text.OUTLINED_FUNCTION_3</name>
         <load_address>0x1fb2</load_address>
         <readonly>true</readonly>
         <executable>true</executable>
         <run_address>0x1fb2</run_address>
         <size>0x4</size>
         <alignment>0x2</alignment>
         <input_file_ref idref="fl-22"/>
      </object_component>
      <object_component id="oc-138">
         <name>.text.OUTLINED_FUNCTION_4</name>
         <load_address>0x1fb6</load_address>
         <readonly>true</readonly>
         <executable>true</executable>
         <run_address>0x1fb6</run_address>
         <size>0x4</size>
         <alignment>0x2</alignment>
         <input_file_ref idref="fl-22"/>
      </object_component>
      <object_component id="oc-1ba">
         <name>.tramp.__aeabi_fadd.1</name>
         <load_address>0x1fbc</load_address>
         <readonly>true</readonly>
         <executable>true</executable>
         <run_address>0x1fbc</run_address>
         <size>0x10</size>
         <alignment>0x4</alignment>
         <input_file_ref idref="fl-b8"/>
      </object_component>
      <object_component id="oc-14a">
         <name>.text.OUTLINED_FUNCTION_5</name>
         <load_address>0x1fcc</load_address>
         <readonly>true</readonly>
         <executable>true</executable>
         <run_address>0x1fcc</run_address>
         <size>0x4</size>
         <alignment>0x2</alignment>
         <input_file_ref idref="fl-22"/>
      </object_component>
      <object_component id="oc-149">
         <name>.text.OUTLINED_FUNCTION_7</name>
         <load_address>0x1fd0</load_address>
         <readonly>true</readonly>
         <executable>true</executable>
         <run_address>0x1fd0</run_address>
         <size>0x4</size>
         <alignment>0x2</alignment>
         <input_file_ref idref="fl-22"/>
      </object_component>
      <object_component id="oc-148">
         <name>.text.OUTLINED_FUNCTION_8</name>
         <load_address>0x1fd4</load_address>
         <readonly>true</readonly>
         <executable>true</executable>
         <run_address>0x1fd4</run_address>
         <size>0x4</size>
         <alignment>0x2</alignment>
         <input_file_ref idref="fl-22"/>
      </object_component>
      <object_component id="oc-139">
         <name>.text.OUTLINED_FUNCTION_9</name>
         <load_address>0x1fd8</load_address>
         <readonly>true</readonly>
         <executable>true</executable>
         <run_address>0x1fd8</run_address>
         <size>0x4</size>
         <alignment>0x2</alignment>
         <input_file_ref idref="fl-22"/>
      </object_component>
      <object_component id="oc-31">
         <name>.text.Reset_Handler</name>
         <load_address>0x1fdc</load_address>
         <readonly>true</readonly>
         <executable>true</executable>
         <run_address>0x1fdc</run_address>
         <size>0x4</size>
         <alignment>0x2</alignment>
         <input_file_ref idref="fl-8"/>
      </object_component>
      <object_component id="oc-70">
         <name>.text._system_pre_init</name>
         <load_address>0x1fe0</load_address>
         <readonly>true</readonly>
         <executable>true</executable>
         <run_address>0x1fe0</run_address>
         <size>0x4</size>
         <alignment>0x2</alignment>
         <input_file_ref idref="fl-2c"/>
      </object_component>
      <object_component id="oc-a6">
         <name>.text:abort</name>
         <load_address>0x1fe4</load_address>
         <readonly>true</readonly>
         <executable>true</executable>
         <run_address>0x1fe4</run_address>
         <size>0x4</size>
         <alignment>0x2</alignment>
         <input_file_ref idref="fl-36"/>
      </object_component>
      <object_component id="oc-1b4">
         <name>.cinit..data.load</name>
         <load_address>0x2100</load_address>
         <readonly>true</readonly>
         <run_address>0x2100</run_address>
         <size>0xc</size>
         <alignment>0x1</alignment>
      </object_component>
      <object_component id="oc-1b2">
         <name>__TI_handler_table</name>
         <load_address>0x210c</load_address>
         <readonly>true</readonly>
         <run_address>0x210c</run_address>
         <size>0x8</size>
         <alignment>0x4</alignment>
      </object_component>
      <object_component id="oc-1b3">
         <name>__TI_cinit_table</name>
         <load_address>0x2114</load_address>
         <readonly>true</readonly>
         <run_address>0x2114</run_address>
         <size>0x8</size>
         <alignment>0x4</alignment>
      </object_component>
      <object_component id="oc-d6">
         <name>.rodata.led_config_data</name>
         <load_address>0x1ff0</load_address>
         <readonly>true</readonly>
         <run_address>0x1ff0</run_address>
         <size>0x60</size>
         <alignment>0x4</alignment>
         <input_file_ref idref="fl-1"/>
      </object_component>
      <object_component id="oc-d5">
         <name>.rodata.enable_controls</name>
         <load_address>0x2050</load_address>
         <readonly>true</readonly>
         <run_address>0x2050</run_address>
         <size>0x3c</size>
         <alignment>0x4</alignment>
         <input_file_ref idref="fl-1"/>
      </object_component>
      <object_component id="oc-d3">
         <name>.rodata.dip_switch_config_data</name>
         <load_address>0x208c</load_address>
         <readonly>true</readonly>
         <run_address>0x208c</run_address>
         <size>0x30</size>
         <alignment>0x4</alignment>
         <input_file_ref idref="fl-1"/>
      </object_component>
      <object_component id="oc-158">
         <name>.rodata.cst8</name>
         <load_address>0x20bc</load_address>
         <readonly>true</readonly>
         <run_address>0x20bc</run_address>
         <size>0x18</size>
         <alignment>0x4</alignment>
         <input_file_ref idref="fl-22"/>
      </object_component>
      <object_component id="oc-cc">
         <name>.rodata.iic_config_data</name>
         <load_address>0x20d4</load_address>
         <readonly>true</readonly>
         <run_address>0x20d4</run_address>
         <size>0x18</size>
         <alignment>0x4</alignment>
         <input_file_ref idref="fl-1"/>
      </object_component>
      <object_component id="oc-ea">
         <name>.rodata.str1.63298585812453691701</name>
         <load_address>0x20ec</load_address>
         <readonly>true</readonly>
         <run_address>0x20ec</run_address>
         <size>0x10</size>
         <alignment>0x1</alignment>
         <input_file_ref idref="fl-4"/>
      </object_component>
      <object_component id="oc-17c">
         <name>.binit</name>
         <load_address>0x0</load_address>
         <readonly>true</readonly>
         <run_address>0x0</run_address>
         <size>0x0</size>
         <alignment>0x4</alignment>
      </object_component>
      <object_component id="oc-c6">
         <name>.data.g_bus_clock_freq</name>
         <load_address>0x20200804</load_address>
         <readwrite>true</readwrite>
         <run_address>0x20200804</run_address>
         <size>0x4</size>
         <alignment>0x4</alignment>
         <input_file_ref idref="fl-3"/>
      </object_component>
      <object_component id="oc-64">
         <name>.data.g_PB1_pressed</name>
         <load_address>0x20200808</load_address>
         <readwrite>true</readwrite>
         <run_address>0x20200808</run_address>
         <size>0x1</size>
         <alignment>0x1</alignment>
         <input_file_ref idref="fl-4"/>
      </object_component>
      <object_component id="oc-63">
         <name>.data.g_PB2_pressed</name>
         <load_address>0x20200809</load_address>
         <readwrite>true</readwrite>
         <run_address>0x20200809</run_address>
         <size>0x1</size>
         <alignment>0x1</alignment>
         <input_file_ref idref="fl-4"/>
      </object_component>
      <object_component id="oc-f9">
         <name>.data.g_lcd_backlight_mode</name>
         <load_address>0x2020080a</load_address>
         <readwrite>true</readwrite>
         <run_address>0x2020080a</run_address>
         <size>0x1</size>
         <alignment>0x1</alignment>
         <input_file_ref idref="fl-5"/>
      </object_component>
      <object_component id="oc-163">
         <name>.data.__aeabi_errno</name>
         <load_address>0x20200800</load_address>
         <readwrite>true</readwrite>
         <run_address>0x20200800</run_address>
         <size>0x4</size>
         <alignment>0x4</alignment>
         <input_file_ref idref="fl-25"/>
      </object_component>
      <object_component id="oc-2f">
         <name>.sysmem</name>
         <uninitialized>true</uninitialized>
         <readwrite>true</readwrite>
         <run_address>0x20200000</run_address>
         <size>0x10</size>
         <alignment>0x8</alignment>
         <input_file_ref idref="fl-28"/>
      </object_component>
      <object_component id="oc-1b7">
         <name>.sysmem</name>
         <uninitialized>true</uninitialized>
         <readwrite>true</readwrite>
         <run_address>0x20200000</run_address>
         <size>0x0</size>
         <alignment>0x4</alignment>
      </object_component>
      <object_component id="oc-1a">
         <name>.stack</name>
         <uninitialized>true</uninitialized>
         <readwrite>true</readwrite>
         <run_address>0x20207e00</run_address>
         <size>0x4</size>
         <alignment>0x4</alignment>
         <input_file_ref idref="fl-29"/>
      </object_component>
      <object_component id="oc-1b6">
         <name>.stack</name>
         <uninitialized>true</uninitialized>
         <readwrite>true</readwrite>
         <run_address>0x20207e00</run_address>
         <size>0x0</size>
         <alignment>0x8</alignment>
      </object_component>
      <object_component id="oc-ca">
         <name>.debug_abbrev</name>
         <load_address>0x0</load_address>
         <run_address>0x0</run_address>
         <size>0x17e</size>
         <alignment>0x1</alignment>
         <input_file_ref idref="fl-1"/>
      </object_component>
      <object_component id="oc-d7">
         <name>.debug_abbrev</name>
         <load_address>0x17e</load_address>
         <run_address>0x17e</run_address>
         <size>0x104</size>
         <alignment>0x1</alignment>
         <input_file_ref idref="fl-2"/>
      </object_component>
      <object_component id="oc-c7">
         <name>.debug_abbrev</name>
         <load_address>0x282</load_address>
         <run_address>0x282</run_address>
         <size>0x179</size>
         <alignment>0x1</alignment>
         <input_file_ref idref="fl-3"/>
      </object_component>
      <object_component id="oc-65">
         <name>.debug_abbrev</name>
         <load_address>0x3fb</load_address>
         <run_address>0x3fb</run_address>
         <size>0x1ba</size>
         <alignment>0x1</alignment>
         <input_file_ref idref="fl-4"/>
      </object_component>
      <object_component id="oc-d1">
         <name>.debug_abbrev</name>
         <load_address>0x5b5</load_address>
         <run_address>0x5b5</run_address>
         <size>0x11b</size>
         <alignment>0x1</alignment>
         <input_file_ref idref="fl-5"/>
      </object_component>
      <object_component id="oc-3c">
         <name>.debug_abbrev</name>
         <load_address>0x6d0</load_address>
         <run_address>0x6d0</run_address>
         <size>0x6d</size>
         <alignment>0x1</alignment>
         <input_file_ref idref="fl-8"/>
      </object_component>
      <object_component id="oc-159">
         <name>.debug_abbrev</name>
         <load_address>0x73d</load_address>
         <run_address>0x73d</run_address>
         <size>0xdc</size>
         <alignment>0x1</alignment>
         <input_file_ref idref="fl-22"/>
      </object_component>
      <object_component id="oc-160">
         <name>.debug_abbrev</name>
         <load_address>0x819</load_address>
         <run_address>0x819</run_address>
         <size>0xa4</size>
         <alignment>0x1</alignment>
         <input_file_ref idref="fl-23"/>
      </object_component>
      <object_component id="oc-16f">
         <name>.debug_abbrev</name>
         <load_address>0x8bd</load_address>
         <run_address>0x8bd</run_address>
         <size>0x88</size>
         <alignment>0x1</alignment>
         <input_file_ref idref="fl-24"/>
      </object_component>
      <object_component id="oc-164">
         <name>.debug_abbrev</name>
         <load_address>0x945</load_address>
         <run_address>0x945</run_address>
         <size>0x12a</size>
         <alignment>0x1</alignment>
         <input_file_ref idref="fl-25"/>
      </object_component>
      <object_component id="oc-5e">
         <name>.debug_abbrev</name>
         <load_address>0xa6f</load_address>
         <run_address>0xa6f</run_address>
         <size>0x229</size>
         <alignment>0x1</alignment>
         <input_file_ref idref="fl-28"/>
      </object_component>
      <object_component id="oc-3e">
         <name>.debug_abbrev</name>
         <load_address>0xc98</load_address>
         <run_address>0xc98</run_address>
         <size>0xaf</size>
         <alignment>0x1</alignment>
         <input_file_ref idref="fl-29"/>
      </object_component>
      <object_component id="oc-f1">
         <name>.debug_abbrev</name>
         <load_address>0xd47</load_address>
         <run_address>0xd47</run_address>
         <size>0x186</size>
         <alignment>0x1</alignment>
         <input_file_ref idref="fl-2b"/>
      </object_component>
      <object_component id="oc-87">
         <name>.debug_abbrev</name>
         <load_address>0xecd</load_address>
         <run_address>0xecd</run_address>
         <size>0x39</size>
         <alignment>0x1</alignment>
         <input_file_ref idref="fl-2c"/>
      </object_component>
      <object_component id="oc-4b">
         <name>.debug_abbrev</name>
         <load_address>0xf06</load_address>
         <run_address>0xf06</run_address>
         <size>0x70</size>
         <alignment>0x1</alignment>
         <input_file_ref idref="fl-2f"/>
      </object_component>
      <object_component id="oc-43">
         <name>.debug_abbrev</name>
         <load_address>0xf76</load_address>
         <run_address>0xf76</run_address>
         <size>0x8d</size>
         <alignment>0x1</alignment>
         <input_file_ref idref="fl-30"/>
      </object_component>
      <object_component id="oc-eb">
         <name>.debug_abbrev</name>
         <load_address>0x1003</load_address>
         <run_address>0x1003</run_address>
         <size>0xb3</size>
         <alignment>0x1</alignment>
         <input_file_ref idref="fl-36"/>
      </object_component>
      <object_component id="oc-167">
         <name>.debug_abbrev</name>
         <load_address>0x10b6</load_address>
         <run_address>0x10b6</run_address>
         <size>0x27</size>
         <alignment>0x1</alignment>
         <input_file_ref idref="fl-b8"/>
      </object_component>
      <object_component id="oc-15d">
         <name>.debug_abbrev</name>
         <load_address>0x10dd</load_address>
         <run_address>0x10dd</run_address>
         <size>0x27</size>
         <alignment>0x1</alignment>
         <input_file_ref idref="fl-b9"/>
      </object_component>
      <object_component id="oc-15c">
         <name>.debug_abbrev</name>
         <load_address>0x1104</load_address>
         <run_address>0x1104</run_address>
         <size>0x27</size>
         <alignment>0x1</alignment>
         <input_file_ref idref="fl-ba"/>
      </object_component>
      <object_component id="oc-15f">
         <name>.debug_abbrev</name>
         <load_address>0x112b</load_address>
         <run_address>0x112b</run_address>
         <size>0x27</size>
         <alignment>0x1</alignment>
         <input_file_ref idref="fl-bb"/>
      </object_component>
      <object_component id="oc-137">
         <name>.debug_abbrev</name>
         <load_address>0x1152</load_address>
         <run_address>0x1152</run_address>
         <size>0x27</size>
         <alignment>0x1</alignment>
         <input_file_ref idref="fl-bc"/>
      </object_component>
      <object_component id="oc-131">
         <name>.debug_abbrev</name>
         <load_address>0x1179</load_address>
         <run_address>0x1179</run_address>
         <size>0x27</size>
         <alignment>0x1</alignment>
         <input_file_ref idref="fl-bd"/>
      </object_component>
      <object_component id="oc-15b">
         <name>.debug_abbrev</name>
         <load_address>0x11a0</load_address>
         <run_address>0x11a0</run_address>
         <size>0x27</size>
         <alignment>0x1</alignment>
         <input_file_ref idref="fl-bf"/>
      </object_component>
      <object_component id="oc-123">
         <name>.debug_abbrev</name>
         <load_address>0x11c7</load_address>
         <run_address>0x11c7</run_address>
         <size>0x27</size>
         <alignment>0x1</alignment>
         <input_file_ref idref="fl-c1"/>
      </object_component>
      <object_component id="oc-132">
         <name>.debug_abbrev</name>
         <load_address>0x11ee</load_address>
         <run_address>0x11ee</run_address>
         <size>0x27</size>
         <alignment>0x1</alignment>
         <input_file_ref idref="fl-c4"/>
      </object_component>
      <object_component id="oc-15e">
         <name>.debug_abbrev</name>
         <load_address>0x1215</load_address>
         <run_address>0x1215</run_address>
         <size>0x27</size>
         <alignment>0x1</alignment>
         <input_file_ref idref="fl-c7"/>
      </object_component>
      <object_component id="oc-16e">
         <name>.debug_abbrev</name>
         <load_address>0x123c</load_address>
         <run_address>0x123c</run_address>
         <size>0x27</size>
         <alignment>0x1</alignment>
         <input_file_ref idref="fl-c9"/>
      </object_component>
      <object_component id="oc-68">
         <name>.debug_abbrev</name>
         <load_address>0x1263</load_address>
         <run_address>0x1263</run_address>
         <size>0x27</size>
         <alignment>0x1</alignment>
         <input_file_ref idref="fl-cb"/>
      </object_component>
      <object_component id="oc-100">
         <name>.debug_abbrev</name>
         <load_address>0x128a</load_address>
         <run_address>0x128a</run_address>
         <size>0x27</size>
         <alignment>0x1</alignment>
         <input_file_ref idref="fl-cd"/>
      </object_component>
      <object_component id="oc-172">
         <name>.debug_abbrev</name>
         <load_address>0x12b1</load_address>
         <run_address>0x12b1</run_address>
         <size>0x25</size>
         <alignment>0x1</alignment>
         <input_file_ref idref="fl-cf"/>
      </object_component>
      <object_component id="oc-12e">
         <name>.debug_abbrev</name>
         <load_address>0x12d6</load_address>
         <run_address>0x12d6</run_address>
         <size>0x59</size>
         <alignment>0x1</alignment>
         <input_file_ref idref="fl-d3"/>
      </object_component>
      <object_component id="oc-bf">
         <name>.debug_abbrev</name>
         <load_address>0x132f</load_address>
         <run_address>0x132f</run_address>
         <size>0x25</size>
         <alignment>0x1</alignment>
         <input_file_ref idref="fl-d5"/>
      </object_component>
      <object_component id="oc-1bc">
         <name>.debug_abbrev</name>
         <load_address>0x1354</load_address>
         <run_address>0x1354</run_address>
         <size>0x23</size>
         <alignment>0x0</alignment>
      </object_component>
      <object_component id="oc-8f">
         <name>.debug_info</name>
         <load_address>0x0</load_address>
         <run_address>0x0</run_address>
         <size>0x21b0</size>
         <alignment>0x1</alignment>
         <input_file_ref idref="fl-1"/>
      </object_component>
      <object_component id="oc-9e">
         <name>.debug_info</name>
         <load_address>0x21b0</load_address>
         <run_address>0x21b0</run_address>
         <size>0x72d</size>
         <alignment>0x1</alignment>
         <input_file_ref idref="fl-2"/>
      </object_component>
      <object_component id="oc-8a">
         <name>.debug_info</name>
         <load_address>0x28dd</load_address>
         <run_address>0x28dd</run_address>
         <size>0x680</size>
         <alignment>0x1</alignment>
         <input_file_ref idref="fl-3"/>
      </object_component>
      <object_component id="oc-38">
         <name>.debug_info</name>
         <load_address>0x2f5d</load_address>
         <run_address>0x2f5d</run_address>
         <size>0xf14</size>
         <alignment>0x1</alignment>
         <input_file_ref idref="fl-4"/>
      </object_component>
      <object_component id="oc-95">
         <name>.debug_info</name>
         <load_address>0x3e71</load_address>
         <run_address>0x3e71</run_address>
         <size>0x5a9</size>
         <alignment>0x1</alignment>
         <input_file_ref idref="fl-5"/>
      </object_component>
      <object_component id="oc-19">
         <name>.debug_info</name>
         <load_address>0x441a</load_address>
         <run_address>0x441a</run_address>
         <size>0x94</size>
         <alignment>0x1</alignment>
         <input_file_ref idref="fl-8"/>
      </object_component>
      <object_component id="oc-10f">
         <name>.debug_info</name>
         <load_address>0x44ae</load_address>
         <run_address>0x44ae</run_address>
         <size>0x793</size>
         <alignment>0x1</alignment>
         <input_file_ref idref="fl-22"/>
      </object_component>
      <object_component id="oc-13b">
         <name>.debug_info</name>
         <load_address>0x4c41</load_address>
         <run_address>0x4c41</run_address>
         <size>0x143</size>
         <alignment>0x1</alignment>
         <input_file_ref idref="fl-23"/>
      </object_component>
      <object_component id="oc-155">
         <name>.debug_info</name>
         <load_address>0x4d84</load_address>
         <run_address>0x4d84</run_address>
         <size>0xe8</size>
         <alignment>0x1</alignment>
         <input_file_ref idref="fl-24"/>
      </object_component>
      <object_component id="oc-13f">
         <name>.debug_info</name>
         <load_address>0x4e6c</load_address>
         <run_address>0x4e6c</run_address>
         <size>0x339</size>
         <alignment>0x1</alignment>
         <input_file_ref idref="fl-25"/>
      </object_component>
      <object_component id="oc-30">
         <name>.debug_info</name>
         <load_address>0x51a5</load_address>
         <run_address>0x51a5</run_address>
         <size>0xa5e</size>
         <alignment>0x1</alignment>
         <input_file_ref idref="fl-28"/>
      </object_component>
      <object_component id="oc-1b">
         <name>.debug_info</name>
         <load_address>0x5c03</load_address>
         <run_address>0x5c03</run_address>
         <size>0x423</size>
         <alignment>0x1</alignment>
         <input_file_ref idref="fl-29"/>
      </object_component>
      <object_component id="oc-af">
         <name>.debug_info</name>
         <load_address>0x6026</load_address>
         <run_address>0x6026</run_address>
         <size>0x74a</size>
         <alignment>0x1</alignment>
         <input_file_ref idref="fl-2b"/>
      </object_component>
      <object_component id="oc-71">
         <name>.debug_info</name>
         <load_address>0x6770</load_address>
         <run_address>0x6770</run_address>
         <size>0x46</size>
         <alignment>0x1</alignment>
         <input_file_ref idref="fl-2c"/>
      </object_component>
      <object_component id="oc-21">
         <name>.debug_info</name>
         <load_address>0x67b6</load_address>
         <run_address>0x67b6</run_address>
         <size>0xc6</size>
         <alignment>0x1</alignment>
         <input_file_ref idref="fl-2f"/>
      </object_component>
      <object_component id="oc-1d">
         <name>.debug_info</name>
         <load_address>0x687c</load_address>
         <run_address>0x687c</run_address>
         <size>0x180</size>
         <alignment>0x1</alignment>
         <input_file_ref idref="fl-30"/>
      </object_component>
      <object_component id="oc-a7">
         <name>.debug_info</name>
         <load_address>0x69fc</load_address>
         <run_address>0x69fc</run_address>
         <size>0xed</size>
         <alignment>0x1</alignment>
         <input_file_ref idref="fl-36"/>
      </object_component>
      <object_component id="oc-144">
         <name>.debug_info</name>
         <load_address>0x6ae9</load_address>
         <run_address>0x6ae9</run_address>
         <size>0x1b4</size>
         <alignment>0x1</alignment>
         <input_file_ref idref="fl-b8"/>
      </object_component>
      <object_component id="oc-11c">
         <name>.debug_info</name>
         <load_address>0x6c9d</load_address>
         <run_address>0x6c9d</run_address>
         <size>0x1b4</size>
         <alignment>0x1</alignment>
         <input_file_ref idref="fl-b9"/>
      </object_component>
      <object_component id="oc-118">
         <name>.debug_info</name>
         <load_address>0x6e51</load_address>
         <run_address>0x6e51</run_address>
         <size>0x19a</size>
         <alignment>0x1</alignment>
         <input_file_ref idref="fl-ba"/>
      </object_component>
      <object_component id="oc-134">
         <name>.debug_info</name>
         <load_address>0x6feb</load_address>
         <run_address>0x6feb</run_address>
         <size>0x19c</size>
         <alignment>0x1</alignment>
         <input_file_ref idref="fl-bb"/>
      </object_component>
      <object_component id="oc-10a">
         <name>.debug_info</name>
         <load_address>0x7187</load_address>
         <run_address>0x7187</run_address>
         <size>0x19a</size>
         <alignment>0x1</alignment>
         <input_file_ref idref="fl-bc"/>
      </object_component>
      <object_component id="oc-102">
         <name>.debug_info</name>
         <load_address>0x7321</load_address>
         <run_address>0x7321</run_address>
         <size>0x19a</size>
         <alignment>0x1</alignment>
         <input_file_ref idref="fl-bd"/>
      </object_component>
      <object_component id="oc-114">
         <name>.debug_info</name>
         <load_address>0x74bb</load_address>
         <run_address>0x74bb</run_address>
         <size>0x1a4</size>
         <alignment>0x1</alignment>
         <input_file_ref idref="fl-bf"/>
      </object_component>
      <object_component id="oc-e5">
         <name>.debug_info</name>
         <load_address>0x765f</load_address>
         <run_address>0x765f</run_address>
         <size>0x19c</size>
         <alignment>0x1</alignment>
         <input_file_ref idref="fl-c1"/>
      </object_component>
      <object_component id="oc-106">
         <name>.debug_info</name>
         <load_address>0x77fb</load_address>
         <run_address>0x77fb</run_address>
         <size>0x1a0</size>
         <alignment>0x1</alignment>
         <input_file_ref idref="fl-c4"/>
      </object_component>
      <object_component id="oc-120">
         <name>.debug_info</name>
         <load_address>0x799b</load_address>
         <run_address>0x799b</run_address>
         <size>0x1a2</size>
         <alignment>0x1</alignment>
         <input_file_ref idref="fl-c7"/>
      </object_component>
      <object_component id="oc-150">
         <name>.debug_info</name>
         <load_address>0x7b3d</load_address>
         <run_address>0x7b3d</run_address>
         <size>0x224</size>
         <alignment>0x1</alignment>
         <input_file_ref idref="fl-c9"/>
      </object_component>
      <object_component id="oc-48">
         <name>.debug_info</name>
         <load_address>0x7d61</load_address>
         <run_address>0x7d61</run_address>
         <size>0x1a6</size>
         <alignment>0x1</alignment>
         <input_file_ref idref="fl-cb"/>
      </object_component>
      <object_component id="oc-e0">
         <name>.debug_info</name>
         <load_address>0x7f07</load_address>
         <run_address>0x7f07</run_address>
         <size>0x1c9</size>
         <alignment>0x1</alignment>
         <input_file_ref idref="fl-cd"/>
      </object_component>
      <object_component id="oc-169">
         <name>.debug_info</name>
         <load_address>0x80d0</load_address>
         <run_address>0x80d0</run_address>
         <size>0x1ce</size>
         <alignment>0x1</alignment>
         <input_file_ref idref="fl-cf"/>
      </object_component>
      <object_component id="oc-fc">
         <name>.debug_info</name>
         <load_address>0x829e</load_address>
         <run_address>0x829e</run_address>
         <size>0x85</size>
         <alignment>0x1</alignment>
         <input_file_ref idref="fl-d3"/>
      </object_component>
      <object_component id="oc-80">
         <name>.debug_info</name>
         <load_address>0x8323</load_address>
         <run_address>0x8323</run_address>
         <size>0x2fe</size>
         <alignment>0x1</alignment>
         <input_file_ref idref="fl-d5"/>
      </object_component>
      <object_component id="oc-1bb">
         <name>.debug_info</name>
         <load_address>0x8621</load_address>
         <run_address>0x8621</run_address>
         <size>0x179</size>
         <alignment>0x0</alignment>
      </object_component>
      <object_component id="oc-90">
         <name>.debug_ranges</name>
         <load_address>0x0</load_address>
         <run_address>0x0</run_address>
         <size>0x160</size>
         <alignment>0x1</alignment>
         <input_file_ref idref="fl-1"/>
      </object_component>
      <object_component id="oc-9f">
         <name>.debug_ranges</name>
         <load_address>0x160</load_address>
         <run_address>0x160</run_address>
         <size>0x20</size>
         <alignment>0x1</alignment>
         <input_file_ref idref="fl-2"/>
      </object_component>
      <object_component id="oc-8b">
[...]
      </symbol>
      <symbol id="sm-5f">
         <name>led_disable</name>
         <value>0x1ef1</value>
         <object_component_ref idref="oc-9b"/>
      </symbol>
      <symbol id="sm-60">
         <name>led_on</name>
         <value>0x1269</value>
         <object_component_ref idref="oc-e8"/>
      </symbol>
      <symbol id="sm-61">
         <name>dipsw_init</name>
         <value>0x1abd</value>
         <object_component_ref idref="oc-99"/>
      </symbol>
      <symbol id="sm-62">
         <name>dip_switch_config_data</name>
         <value>0x208c</value>
         <object_component_ref idref="oc-d3"/>
      </symbol>
      <symbol id="sm-63">
         <name>I2C_init</name>
         <value>0x11ad</value>
         <object_component_ref idref="oc-93"/>
      </symbol>
      <symbol id="sm-64">
         <name>iic_config_data</name>
         <value>0x20d4</value>
         <object_component_ref idref="oc-cc"/>
      </symbol>
      <symbol id="sm-65">
         <name>I2C_send1</name>
         <value>0x1521</value>
         <object_component_ref idref="oc-cd"/>
      </symbol>
      <symbol id="sm-75">
         <name>ADC0_init</name>
         <value>0xe85</value>
         <object_component_ref idref="oc-9d"/>
      </symbol>
      <symbol id="sm-76">
         <name>ADC0_in</name>
         <value>0x1945</value>
         <object_component_ref idref="oc-de"/>
      </symbol>
      <symbol id="sm-77">
         <name>thermistor_calc_temperature</name>
         <value>0xbd9</value>
         <object_component_ref idref="oc-e3"/>
      </symbol>
      <symbol id="sm-87">
         <name>g_bus_clock_freq</name>
         <value>0x20200804</value>
         <object_component_ref idref="oc-c6"/>
      </symbol>
      <symbol id="sm-88">
         <name>clock_init_40mhz</name>
         <value>0xa71</value>
         <object_component_ref idref="oc-89"/>
      </symbol>
      <symbol id="sm-89">
         <name>clock_delay</name>
         <value>0x1f45</value>
         <object_component_ref idref="oc-c9"/>
      </symbol>
      <symbol id="sm-8a">
         <name>msec_delay</name>
         <value>0x1dc1</value>
         <object_component_ref idref="oc-ce"/>
      </symbol>
      <symbol id="sm-ac">
         <name>main</name>
         <value>0x1a6d</value>
         <object_component_ref idref="oc-74"/>
      </symbol>
      <symbol id="sm-ad">
         <name>config_pb1_interrupts</name>
         <value>0x1d59</value>
         <object_component_ref idref="oc-a2"/>
      </symbol>
      <symbol id="sm-ae">
         <name>config_pb2_interrupts</name>
         <value>0x1d8d</value>
         <object_component_ref idref="oc-a3"/>
      </symbol>
      <symbol id="sm-af">
         <name>run_lab8_part3</name>
         <value>0x901</value>
         <object_component_ref idref="oc-a4"/>
      </symbol>
      <symbol id="sm-b0">
         <name>g_PB1_pressed</name>
         <value>0x20200808</value>
         <object_component_ref idref="oc-64"/>
      </symbol>
      <symbol id="sm-b1">
         <name>g_PB2_pressed</name>
         <value>0x20200809</value>
         <object_component_ref idref="oc-63"/>
      </symbol>
      <symbol id="sm-b2">
         <name>GROUP1_IRQHandler</name>
         <value>0x15b5</value>
         <object_component_ref idref="oc-37"/>
      </symbol>
      <symbol id="sm-d1">
         <name>lcd1602_init</name>
         <value>0x1029</value>
         <object_component_ref idref="oc-94"/>
      </symbol>
      <symbol id="sm-d2">
         <name>lcd1602_write</name>
         <value>0x10ed</value>
         <object_component_ref idref="oc-cf"/>
      </symbol>
      <symbol id="sm-d3">
         <name>lcd_set_display_on</name>
         <value>0x1eb9</value>
         <object_component_ref idref="oc-d0"/>
      </symbol>
      <symbol id="sm-d4">
         <name>lcd_set_ddram_addr</name>
         <value>0x1e99</value>
         <object_component_ref idref="oc-dc"/>
      </symbol>
      <symbol id="sm-d5">
         <name>lcd_write_char</name>
         <value>0x1ed9</value>
         <object_component_ref idref="oc-fa"/>
      </symbol>
      <symbol id="sm-d6">
         <name>lcd_write_string</name>
         <value>0x1e75</value>
         <object_component_ref idref="oc-dd"/>
      </symbol>
      <symbol id="sm-d7">
         <name>lcd_clear</name>
         <value>0x1f55</value>
         <object_component_ref idref="oc-9c"/>
      </symbol>
      <symbol id="sm-d8">
         <name>doublebyte_to_ascii</name>
         <value>0x17d3</value>
         <object_component_ref idref="oc-124"/>
      </symbol>
      <symbol id="sm-d9">
         <name>lcd_write_doublebyte</name>
         <value>0x1e21</value>
         <object_component_ref idref="oc-e9"/>
      </symbol>
      <symbol id="sm-e8">
         <name>Default_Handler</name>
         <value>0x1fa3</value>
         <object_component_ref idref="oc-35"/>
      </symbol>
      <symbol id="sm-e9">
         <name>Reset_Handler</name>
         <value>0x1fdd</value>
         <object_component_ref idref="oc-31"/>
      </symbol>
      <symbol id="sm-ea">
         <name>HardFault_Handler</name>
         <value>0x1fa7</value>
         <object_component_ref idref="oc-36"/>
      </symbol>
      <symbol id="sm-eb">
         <name>interruptVectors</name>
         <value>0x0</value>
         <object_component_ref idref="oc-18"/>
      </symbol>
      <symbol id="sm-ec">
         <name>NMI_Handler</name>
         <value>0x1fa3</value>
         <object_component_ref idref="oc-35"/>
      </symbol>
      <symbol id="sm-ed">
         <name>SVC_Handler</name>
         <value>0x1fa3</value>
         <object_component_ref idref="oc-35"/>
      </symbol>
      <symbol id="sm-ee">
         <name>PendSV_Handler</name>
         <value>0x1fa3</value>
         <object_component_ref idref="oc-35"/>
      </symbol>
      <symbol id="sm-ef">
         <name>SysTick_Handler</name>
         <value>0x1fa3</value>
         <object_component_ref idref="oc-35"/>
      </symbol>
      <symbol id="sm-f0">
         <name>GROUP0_IRQHandler</name>
         <value>0x1fa3</value>
         <object_component_ref idref="oc-35"/>
      </symbol>
      <symbol id="sm-f1">
         <name>TIMG8_IRQHandler</name>
         <value>0x1fa3</value>
         <object_component_ref idref="oc-35"/>
      </symbol>
      <symbol id="sm-f2">
         <name>UART3_IRQHandler</name>
         <value>0x1fa3</value>
         <object_component_ref idref="oc-35"/>
      </symbol>
      <symbol id="sm-f3">
         <name>ADC0_IRQHandler</name>
         <value>0x1fa3</value>
         <object_component_ref idref="oc-35"/>
      </symbol>
      <symbol id="sm-f4">
         <name>ADC1_IRQHandler</name>
         <value>0x1fa3</value>
         <object_component_ref idref="oc-35"/>
      </symbol>
      <symbol id="sm-f5">
         <name>CANFD0_IRQHandler</name>
         <value>0x1fa3</value>
         <object_component_ref idref="oc-35"/>
      </symbol>
      <symbol id="sm-f6">
         <name>DAC0_IRQHandler</name>
         <value>0x1fa3</value>
         <object_component_ref idref="oc-35"/>
      </symbol>
      <symbol id="sm-f7">
         <name>SPI0_IRQHandler</name>
         <value>0x1fa3</value>
         <object_component_ref idref="oc-35"/>
      </symbol>
      <symbol id="sm-f8">
         <name>SPI1_IRQHandler</name>
         <value>0x1fa3</value>
         <object_component_ref idref="oc-35"/>
      </symbol>
      <symbol id="sm-f9">
         <name>UART1_IRQHandler</name>
         <value>0x1fa3</value>
         <object_component_ref idref="oc-35"/>
      </symbol>
      <symbol id="sm-fa">
         <name>UART2_IRQHandler</name>
         <value>0x1fa3</value>
         <object_component_ref idref="oc-35"/>
      </symbol>
      <symbol id="sm-fb">
         <name>UART0_IRQHandler</name>
         <value>0x1fa3</value>
         <object_component_ref idref="oc-35"/>
      </symbol>
      <symbol id="sm-fc">
         <name>TIMG0_IRQHandler</name>
         <value>0x1fa3</value>
         <object_component_ref idref="oc-35"/>
      </symbol>
      <symbol id="sm-fd">
         <name>TIMG6_IRQHandler</name>
         <value>0x1fa3</value>
         <object_component_ref idref="oc-35"/>
      </symbol>
      <symbol id="sm-fe">
         <name>TIMA0_IRQHandler</name>
         <value>0x1fa3</value>
         <object_component_ref idref="oc-35"/>
      </symbol>
      <symbol id="sm-ff">
         <name>TIMA1_IRQHandler</name>
         <value>0x1fa3</value>
         <object_component_ref idref="oc-35"/>
      </symbol>
      <symbol id="sm-100">
         <name>TIMG7_IRQHandler</name>
         <value>0x1fa3</value>
         <object_component_ref idref="oc-35"/>
      </symbol>
      <symbol id="sm-101">
         <name>TIMG12_IRQHandler</name>
         <value>0x1fa3</value>
         <object_component_ref idref="oc-35"/>
      </symbol>
      <symbol id="sm-102">
         <name>I2C0_IRQHandler</name>
         <value>0x1fa3</value>
         <object_component_ref idref="oc-35"/>
      </symbol>
      <symbol id="sm-103">
         <name>I2C1_IRQHandler</name>
         <value>0x1fa3</value>
         <object_component_ref idref="oc-35"/>
      </symbol>
      <symbol id="sm-104">
         <name>AES_IRQHandler</name>
         <value>0x1fa3</value>
         <object_component_ref idref="oc-35"/>
      </symbol>
      <symbol id="sm-105">
         <name>RTC_IRQHandler</name>
         <value>0x1fa3</value>
         <object_component_ref idref="oc-35"/>
      </symbol>
      <symbol id="sm-106">
         <name>DMA_IRQHandler</name>
         <value>0x1fa3</value>
         <object_component_ref idref="oc-35"/>
      </symbol>
      <symbol id="sm-107">
         <name>__TI_ATRegion0_src_addr</name>
         <value>0x0</value>
      </symbol>
      <symbol id="sm-108">
         <name>__TI_ATRegion0_trg_addr</name>
         <value>0x0</value>
      </symbol>
      <symbol id="sm-109">
         <name>__TI_ATRegion0_region_sz</name>
         <value>0x0</value>
      </symbol>
      <symbol id="sm-10a">
         <name>__TI_ATRegion1_src_addr</name>
         <value>0x0</value>
      </symbol>
      <symbol id="sm-10b">
         <name>__TI_ATRegion1_trg_addr</name>
         <value>0x0</value>
      </symbol>
      <symbol id="sm-10c">
         <name>__TI_ATRegion1_region_sz</name>
         <value>0x0</value>
      </symbol>
      <symbol id="sm-10d">
         <name>__TI_ATRegion2_src_addr</name>
         <value>0x0</value>
      </symbol>
      <symbol id="sm-10e">
         <name>__TI_ATRegion2_trg_addr</name>
         <value>0x0</value>
      </symbol>
      <symbol id="sm-10f">
         <name>__TI_ATRegion2_region_sz</name>
         <value>0x0</value>
      </symbol>
      <symbol id="sm-141">
         <name>powf</name>
         <value>0xc1</value>
         <object_component_ref idref="oc-10d"/>
      </symbol>
      <symbol id="sm-14b">
         <name>sqrtf</name>
         <value>0x1479</value>
         <object_component_ref idref="oc-13a"/>
      </symbol>
      <symbol id="sm-155">
         <name>scalbnf</name>
         <value>0x131d</value>
         <object_component_ref idref="oc-154"/>
      </symbol>
      <symbol id="sm-156">
         <name>ldexpf</name>
         <value>0x131d</value>
         <object_component_ref idref="oc-154"/>
      </symbol>
      <symbol id="sm-161">
         <name>__aeabi_errno_addr</name>
         <value>0x18c9</value>
         <object_component_ref idref="oc-13e"/>
      </symbol>
      <symbol id="sm-162">
         <name>__aeabi_errno</name>
         <value>0x20200800</value>
         <object_component_ref idref="oc-163"/>
      </symbol>
      <symbol id="sm-16b">
         <name>_sys_memory</name>
         <value>0x20200000</value>
         <object_component_ref idref="oc-2f"/>
      </symbol>
      <symbol id="sm-176">
         <name>_c_int00_noargs</name>
         <value>0x1e4d</value>
         <object_component_ref idref="oc-57"/>
      </symbol>
      <symbol id="sm-177">
         <name>__stack</name>
         <value>0x20207e00</value>
         <object_component_ref idref="oc-1a"/>
      </symbol>
      <symbol id="sm-183">
         <name>__TI_auto_init_nobinit_nopinit</name>
         <value>0x1c01</value>
         <object_component_ref idref="oc-ad"/>
      </symbol>
      <symbol id="sm-18b">
         <name>_system_pre_init</name>
         <value>0x1fe1</value>
         <object_component_ref idref="oc-70"/>
      </symbol>
      <symbol id="sm-196">
         <name>__TI_decompress_none</name>
         <value>0x1f33</value>
         <object_component_ref idref="oc-20"/>
      </symbol>
      <symbol id="sm-1a1">
         <name>__TI_decompress_lzss</name>
         <value>0x1851</value>
         <object_component_ref idref="oc-1c"/>
      </symbol>
      <symbol id="sm-1b0">
         <name>abort</name>
         <value>0x1fe5</value>
         <object_component_ref idref="oc-a6"/>
      </symbol>
      <symbol id="sm-1b1">
         <name>C$$EXIT</name>
         <value>0x1fe4</value>
         <object_component_ref idref="oc-a6"/>
      </symbol>
      <symbol id="sm-1d2">
         <name>__aeabi_fadd</name>
         <value>0xdb7</value>
         <object_component_ref idref="oc-143"/>
      </symbol>
      <symbol id="sm-1d3">
         <name>__addsf3</name>
         <value>0xdb7</value>
         <object_component_ref idref="oc-143"/>
      </symbol>
      <symbol id="sm-1d4">
         <name>__aeabi_fsub</name>
         <value>0xdad</value>
         <object_component_ref idref="oc-143"/>
      </symbol>
      <symbol id="sm-1d5">
         <name>__subsf3</name>
         <value>0xdad</value>
         <object_component_ref idref="oc-143"/>
      </symbol>
      <symbol id="sm-1e1">
         <name>__aeabi_dadd</name>
         <value>0x777</value>
         <object_component_ref idref="oc-11b"/>
      </symbol>
      <symbol id="sm-1e2">
         <name>__adddf3</name>
         <value>0x777</value>
         <object_component_ref idref="oc-11b"/>
      </symbol>
      <symbol id="sm-1e3">
         <name>__aeabi_dsub</name>
         <value>0x76d</value>
         <object_component_ref idref="oc-11b"/>
      </symbol>
      <symbol id="sm-1e4">
         <name>__subdf3</name>
         <value>0x76d</value>
         <object_component_ref idref="oc-11b"/>
      </symbol>
      <symbol id="sm-1ea">
         <name>__aeabi_dmul</name>
         <value>0xcc9</value>
         <object_component_ref idref="oc-117"/>
      </symbol>
      <symbol id="sm-1eb">
         <name>__muldf3</name>
         <value>0xcc9</value>
         <object_component_ref idref="oc-117"/>
      </symbol>
      <symbol id="sm-1f1">
         <name>__muldsi3</name>
         <value>0x1c79</value>
         <object_component_ref idref="oc-133"/>
      </symbol>
      <symbol id="sm-1f7">
         <name>__aeabi_fmul</name>
         <value>0x1641</value>
         <object_component_ref idref="oc-109"/>
      </symbol>
      <symbol id="sm-1f8">
         <name>__mulsf3</name>
         <value>0x1641</value>
         <object_component_ref idref="oc-109"/>
      </symbol>
      <symbol id="sm-201">
         <name>__aeabi_fdiv</name>
         <value>0x1751</value>
         <object_component_ref idref="oc-101"/>
      </symbol>
      <symbol id="sm-202">
         <name>__divsf3</name>
         <value>0x1751</value>
         <object_component_ref idref="oc-101"/>
      </symbol>
      <symbol id="sm-208">
         <name>__aeabi_f2d</name>
         <value>0x1b49</value>
         <object_component_ref idref="oc-113"/>
      </symbol>
      <symbol id="sm-209">
         <name>__extendsfdf2</name>
         <value>0x1b49</value>
         <object_component_ref idref="oc-113"/>
      </symbol>
      <symbol id="sm-20f">
         <name>__aeabi_f2iz</name>
         <value>0x1cb5</value>
         <object_component_ref idref="oc-e4"/>
      </symbol>
      <symbol id="sm-210">
         <name>__fixsfsi</name>
         <value>0x1cb5</value>
         <object_component_ref idref="oc-e4"/>
      </symbol>
      <symbol id="sm-216">
         <name>__aeabi_i2f</name>
         <value>0x1b89</value>
         <object_component_ref idref="oc-105"/>
      </symbol>
      <symbol id="sm-217">
         <name>__floatsisf</name>
         <value>0x1b89</value>
         <object_component_ref idref="oc-105"/>
      </symbol>
      <symbol id="sm-21e">
         <name>__aeabi_d2f</name>
         <value>0x18d1</value>
         <object_component_ref idref="oc-11f"/>
      </symbol>
      <symbol id="sm-21f">
         <name>__truncdfsf2</name>
         <value>0x18d1</value>
         <object_component_ref idref="oc-11f"/>
      </symbol>
      <symbol id="sm-225">
         <name>__aeabi_fcmpeq</name>
         <value>0x19ad</value>
         <object_component_ref idref="oc-14f"/>
      </symbol>
      <symbol id="sm-226">
         <name>__aeabi_fcmplt</name>
         <value>0x19c1</value>
         <object_component_ref idref="oc-14f"/>
      </symbol>
      <symbol id="sm-227">
         <name>__aeabi_fcmple</name>
         <value>0x19d5</value>
         <object_component_ref idref="oc-14f"/>
      </symbol>
      <symbol id="sm-228">
         <name>__aeabi_fcmpge</name>
         <value>0x19e9</value>
         <object_component_ref idref="oc-14f"/>
      </symbol>
      <symbol id="sm-229">
         <name>__aeabi_fcmpgt</name>
         <value>0x19fd</value>
         <object_component_ref idref="oc-14f"/>
      </symbol>
      <symbol id="sm-22f">
         <name>__aeabi_memcpy</name>
         <value>0x1f65</value>
         <object_component_ref idref="oc-47"/>
      </symbol>
      <symbol id="sm-230">
         <name>__aeabi_memcpy4</name>
         <value>0x1f65</value>
         <object_component_ref idref="oc-47"/>
      </symbol>
      <symbol id="sm-231">
         <name>__aeabi_memcpy8</name>
         <value>0x1f65</value>
         <object_component_ref idref="oc-47"/>
      </symbol>
      <symbol id="sm-237">
         <name>__aeabi_uidiv</name>
         <value>0x1b09</value>
         <object_component_ref idref="oc-df"/>
      </symbol>
      <symbol id="sm-238">
         <name>__aeabi_uidivmod</name>
         <value>0x1b09</value>
         <object_component_ref idref="oc-df"/>
      </symbol>
      <symbol id="sm-241">
         <name>__eqsf2</name>
         <value>0x1c3d</value>
         <object_component_ref idref="oc-168"/>
      </symbol>
      <symbol id="sm-242">
         <name>__lesf2</name>
         <value>0x1c3d</value>
         <object_component_ref idref="oc-168"/>
      </symbol>
      <symbol id="sm-243">
         <name>__ltsf2</name>
         <value>0x1c3d</value>
         <object_component_ref idref="oc-168"/>
      </symbol>
      <symbol id="sm-244">
         <name>__nesf2</name>
         <value>0x1c3d</value>
         <object_component_ref idref="oc-168"/>
      </symbol>
      <symbol id="sm-245">
         <name>__cmpsf2</name>
         <value>0x1c3d</value>
         <object_component_ref idref="oc-168"/>
      </symbol>
      <symbol id="sm-246">
         <name>__gtsf2</name>
         <value>0x1bc5</value>
         <object_component_ref idref="oc-16d"/>
      </symbol>
      <symbol id="sm-247">
         <name>__gesf2</name>
         <value>0x1bc5</value>
         <object_component_ref idref="oc-16d"/>
      </symbol>
      <symbol id="sm-252">
         <name>__aeabi_idiv0</name>
         <value>0x8ff</value>
         <object_component_ref idref="oc-fb"/>
      </symbol>
      <symbol id="sm-25c">
         <name>TI_memcpy_small</name>
         <value>0x1f21</value>
         <object_component_ref idref="oc-7f"/>
      </symbol>
      <symbol id="sm-25d">
         <name>__TI_static_base__</name>
         <value>0x0</value>
      </symbol>
      <symbol id="sm-261">
         <name>__mpu_init</name>
         <value>0x0</value>
      </symbol>
      <symbol id="sm-262">
         <name>_system_post_cinit</name>
         <value>0x0</value>
      </symbol>
   </symbol_table>
   <title>Link successful</title>
</link_info>
