******************************************************************************
            TI ARM Clang Linker Unix v3.2.1                    
******************************************************************************
>> Linked Wed Feb  5 14:56:52 2025

OUTPUT FILE NAME:   <lab2_part3.out>
ENTRY POINT SYMBOL: "_c_int00_noargs"  address: 00002261


MEMORY CONFIGURATION

         name            origin    length      used     unused   attr    fill
----------------------  --------  ---------  --------  --------  ----  --------
  FLASH                 00000000   00020000  00002a38  0001d5c8  R  X
  SRAM                  20200000   00008000  00000a08  000075f8  RW X
  BCR_CONFIG            41c00000   00000080  00000000  00000080  R   
  BSL_CONFIG            41c00100   00000080  00000000  00000080  R   


SEGMENT ALLOCATION MAP

run origin  load origin   length   init length attrs members
----------  ----------- ---------- ----------- ----- -------
00000000    00000000    00002428   00002428    r-x
  00000000    00000000    000000c0   000000c0    r-- .intvecs
  000000c0    000000c0    00002368   00002368    r-x .text
00002430    00002430    00000610   00000610    r--
  00002430    00002430    000005f0   000005f0    r-- .rodata
  00002a20    00002a20    00000020   00000020    r-- .cinit
20200000    20200000    00000808   00000000    rw-
  20200000    20200000    00000800   00000000    rw- .sysmem
  20200800    20200800    00000008   00000000    rw- .data
20207e00    20207e00    00000200   00000000    rw-
  20207e00    20207e00    00000200   00000000    rw- .stack


SECTION ALLOCATION MAP

 output                                  attributes/
section   page    origin      length       input sections
--------  ----  ----------  ----------   ----------------
.intvecs   0    00000000    000000c0     
                  00000000    000000c0     startup_mspm0g3507_ticlang.o (.intvecs)

.text      0    000000c0    00002368     
                  000000c0    00000a00     libc.a : _printfi.c.obj (.text:__TI_printfi)
                  00000ac0    00000220            : _printfi.c.obj (.text._pconv_a)
                  00000ce0    00000218     lab2_p3_main.o (.text.main)
                  00000ef8    000001dc     libc.a : _printfi.c.obj (.text._pconv_g)
                  000010d4    00000192     libclang_rt.builtins.a : adddf3.S.obj (.text.adddf3_subdf3)
                  00001266    00000002                            : aeabi_div0.c.obj (.text.__aeabi_idiv0)
                  00001268    00000168     clock.o (.text.clock_init_40mhz)
                  000013d0    0000013c     libc.a : _printfi.c.obj (.text.fcvt)
                  0000150c    00000120            : _printfi.c.obj (.text._pconv_e)
                  0000162c    0000010c     libclang_rt.builtins.a : divdf3.S.obj (.text.__divdf3)
                  00001738    000000e4                            : muldf3.S.obj (.text.__muldf3)
                  0000181c    000000d8     libc.a : s_scalbn.c.obj (.text.scalbn)
                  000018f4    000000d4     uart.o (.text.UART_init)
                  000019c8    000000b4     LaunchPad.o (.text.lp_leds_off)
                  00001a7c    000000a8     LaunchPad.o (.text.lp_leds_init)
                  00001b24    000000a2     libclang_rt.builtins.a : udivmoddi4.S.obj (.text)
                  00001bc6    00000002                            : aeabi_div0.c.obj (.text.__aeabi_ldiv0)
                  00001bc8    00000078     libc.a : copy_decompress_lzss.c.obj (.text:decompress:lzss)
                  00001c40    00000070     libclang_rt.builtins.a : comparedf2.c.obj (.text.__gedf2)
                  00001cb0    0000006c                            : comparedf2.c.obj (.text.__ledf2)
                  00001d1c    00000066     libc.a : _printfi.c.obj (.text._mcpy)
                  00001d82    00000002     --HOLE-- [fill = 0]
                  00001d84    00000062     libclang_rt.builtins.a : aeabi_dcmp.S.obj (.text.__aeabi_dcmp)
                  00001de6    00000002     --HOLE-- [fill = 0]
                  00001de8    0000005c     libc.a : s_frexp.c.obj (.text.frexp)
                  00001e44    00000058            : _ltoa.c.obj (.text.__TI_ltoa)
                  00001e9c    00000058            : _printfi.c.obj (.text._pconv_f)
                  00001ef4    00000056     libclang_rt.builtins.a : aeabi_idivmod.S.obj (.text.__aeabi_idivmod)
                  00001f4a    00000052     libc.a : _printfi.c.obj (.text._ecpy)
                  00001f9c    0000004a     libclang_rt.builtins.a : fixdfsi.S.obj (.text.__fixdfsi)
                  00001fe6    00000046     lab2_p3_main.o (.text.msp_printf)
                  0000202c    00000042     libclang_rt.builtins.a : fixunsdfsi.S.obj (.text.__fixunsdfsi)
                  0000206e    00000002     --HOLE-- [fill = 0]
                  00002070    00000040                            : aeabi_uidivmod.S.obj (.text.__aeabi_uidivmod)
                  000020b0    00000040     libc.a : atoi.c.obj (.text.atoi)
                  000020f0    0000003c            : autoinit.c.obj (.text:__TI_auto_init_nobinit_nopinit)
                  0000212c    0000003a     libclang_rt.builtins.a : muldsi3.S.obj (.text.__muldsi3)
                  00002166    00000002     --HOLE-- [fill = 0]
                  00002168    00000038     LaunchPad.o (.text.launchpad_gpio_init)
                  000021a0    00000038     libc.a : sprintf.c.obj (.text.sprintf)
                  000021d8    00000030            : _printfi.c.obj (.text._fcpy)
                  00002208    0000002c     uart.o (.text.UART_out_char)
                  00002234    0000002c     libclang_rt.builtins.a : floatsidf.S.obj (.text.__floatsidf)
                  00002260    00000028     libc.a : boot_cortex_m.c.obj (.text:_c_int00_noargs)
                  00002288    00000024     libclang_rt.builtins.a : floatunsidf.S.obj (.text.__floatunsidf)
                  000022ac    00000024                            : muldi3.S.obj (.text.__muldi3)
                  000022d0    00000022     libc.a : memccpy.c.obj (.text.memccpy)
                  000022f2    00000002     --HOLE-- [fill = 0]
                  000022f4    0000001e     libclang_rt.builtins.a : ashldi3.S.obj (.text.__ashldi3)
                  00002312    00000018     libc.a : sprintf.c.obj (.text._outs)
                  0000232a    00000002     --HOLE-- [fill = 0]
                  0000232c    00000014     libclang_rt.builtins.a : aeabi_uldivmod.S.obj (.text.__aeabi_uldivmod)
                  00002340    00000014     libc.a : _printfi.c.obj (.text.strchr)
                  00002354    00000012            : memcpy16.S.obj (.text:TI_memcpy_small)
                  00002366    00000012            : copy_decompress_none.c.obj (.text:decompress:none)
                  00002378    00000010     clock.o (.text.clock_delay)
                  00002388    00000010     libc.a : wcslen.c.obj (.text.wcslen)
                  00002398    0000000e     libclang_rt.builtins.a : aeabi_memset.S.obj (.text.__aeabi_memset)
                  000023a6    0000000e     libc.a : _printfi.c.obj (.text.strlen)
                  000023b4    0000000e            : memset16.S.obj (.text:TI_memset_small)
                  000023c2    00000002     --HOLE-- [fill = 0]
                  000023c4    0000000c     clock.o (.text.get_bus_clock_freq)
                  000023d0    0000000a     libc.a : _printfi.c.obj (.text.OUTLINED_FUNCTION_0)
                  000023da    00000002     --HOLE-- [fill = 0]
                  000023dc    00000010     libclang_rt.builtins.a : adddf3.S.obj (.tramp.__aeabi_dsub.1)
                  000023ec    0000000a     libc.a : _printfi.c.obj (.text.OUTLINED_FUNCTION_1)
                  000023f6    0000000a            : sprintf.c.obj (.text._outc)
                  00002400    00000008            : aeabi_portable.c.obj (.text.__aeabi_errno_addr)
                  00002408    00000008     libclang_rt.builtins.a : aeabi_memcpy.S.obj (.text.__aeabi_memcpy)
                  00002410    00000004     startup_mspm0g3507_ticlang.o (.text.Default_Handler)
                  00002414    00000004     startup_mspm0g3507_ticlang.o (.text.HardFault_Handler)
                  00002418    00000004     startup_mspm0g3507_ticlang.o (.text.Reset_Handler)
                  0000241c    00000004     libc.a : pre_init.c.obj (.text._system_pre_init)
                  00002420    00000004            : exit.c.obj (.text:abort)
                  00002424    00000004     --HOLE-- [fill = 0]

.cinit     0    00002a20    00000020     
                  00002a20    0000000a     (.cinit..data.load) [load image, compression = lzss]
                  00002a2a    00000002     --HOLE-- [fill = 0]
                  00002a2c    00000008     (__TI_handler_table)
                  00002a34    00000008     (__TI_cinit_table)
                  00002a3c    00000004     --HOLE-- [fill = 0]

.rodata    0    00002430    000005f0     
                  00002430    00000101     libc.a : aeabi_ctype.S.obj (.rodata:__aeabi_ctype_table_)
                  00002531    0000003c     lab2_p3_main.o (.rodata.str1.18060775737760446061)
                  0000256d    00000031     lab2_p3_main.o (.rodata.str1.112668094263046459841)
                  0000259e    00000002     --HOLE-- [fill = 0]
                  000025a0    00000030     LaunchPad.o (.rodata.lp_led_config_data)
                  000025d0    00000028     lab2_p3_main.o (.rodata.str1.114449959471068458721)
                  000025f8    00000028     lab2_p3_main.o (.rodata.str1.120367703425773799941)
                  00002620    00000028     lab2_p3_main.o (.rodata.str1.12859678900469460511)
                  00002648    00000028     lab2_p3_main.o (.rodata.str1.141091000069780022361)
                  00002670    00000028     lab2_p3_main.o (.rodata.str1.177513242178102564361)
                  00002698    00000028     lab2_p3_main.o (.rodata.str1.20486527576398774461)
                  000026c0    00000028     lab2_p3_main.o (.rodata.str1.23406685786098431621)
                  000026e8    00000028     lab2_p3_main.o (.rodata.str1.38822370424636075611)
                  00002710    00000028     lab2_p3_main.o (.rodata.str1.62411712224476748501)
                  00002738    00000028     lab2_p3_main.o (.rodata.str1.75661457404236454991)
                  00002760    00000028     lab2_p3_main.o (.rodata.str1.83010216234914369901)
                  00002788    00000028     lab2_p3_main.o (.rodata.str1.90715542355243323291)
                  000027b0    00000027     lab2_p3_main.o (.rodata.str1.170789620738925173181)
                  000027d7    00000027     lab2_p3_main.o (.rodata.str1.176599626076837981241)
                  000027fe    00000027     lab2_p3_main.o (.rodata.str1.178339119190464646661)
                  00002825    00000027     lab2_p3_main.o (.rodata.str1.20691538123130438791)
                  0000284c    00000025     lab2_p3_main.o (.rodata.str1.31295316142787581631)
                  00002871    00000022     lab2_p3_main.o (.rodata.str1.100454560508452819451)
                  00002893    00000022     lab2_p3_main.o (.rodata.str1.116622765392058842351)
                  000028b5    00000022     lab2_p3_main.o (.rodata.str1.120709931637308445951)
                  000028d7    00000022     lab2_p3_main.o (.rodata.str1.154877346838720400611)
                  000028f9    00000022     lab2_p3_main.o (.rodata.str1.165671735461189910911)
                  0000291b    00000022     lab2_p3_main.o (.rodata.str1.16917698952010224421)
                  0000293d    00000022     lab2_p3_main.o (.rodata.str1.54370815427292640471)
                  0000295f    00000022     lab2_p3_main.o (.rodata.str1.94918974340695794251)
                  00002981    0000001e     lab2_p3_main.o (.rodata.str1.25498877579394047981)
                  0000299f    0000001e     lab2_p3_main.o (.rodata.str1.95096195836158756841)
                  000029bd    0000001e     lab2_p3_main.o (.rodata.str1.97652812158145961301)
                  000029db    0000001d     lab2_p3_main.o (.rodata.str1.19632187643950825131)
                  000029f8    00000011     libc.a : _printfi.c.obj (.rodata.str1.11645776875810915891)
                  00002a09    00000011            : _printfi.c.obj (.rodata.str1.44690500295887128011)
                  00002a1a    00000003     lab2_p3_main.o (.rodata.str1.36730737538291881601)
                  00002a1d    00000003     --HOLE-- [fill = 0]

.init_array 
*          0    00000000    00000000     UNINITIALIZED

.binit     0    00000000    00000000     

.data      0    20200800    00000008     UNINITIALIZED
                  20200800    00000004     libc.a : aeabi_portable.c.obj (.data.__aeabi_errno)
                  20200804    00000004     clock.o (.data.g_bus_clock_freq)

.sysmem    0    20200000    00000800     UNINITIALIZED
                  20200000    00000010     libc.a : memory.c.obj (.sysmem)
                  20200010    000007f0     --HOLE--

.stack     0    20207e00    00000200     UNINITIALIZED
                  20207e00    00000004     libc.a : boot_cortex_m.c.obj (.stack)
                  20207e04    000001fc     --HOLE--

__llvm_prf_cnts 
*          0    20200000    00000000     UNINITIALIZED

__llvm_prf_bits 
*          0    20200000    00000000     UNINITIALIZED

MODULE SUMMARY

       Module                         code   ro data   rw data
       ------                         ----   -------   -------
    ./
       lab2_p3_main.o                 606    1176      0      
       LaunchPad.o                    404    48        0      
       clock.o                        388    0         4      
       uart.o                         256    0         0      
    +--+------------------------------+------+---------+---------+
       Total:                         1654   1224      4      
                                                              
    ./ticlang/
       startup_mspm0g3507_ticlang.o   12     192       0      
    +--+------------------------------+------+---------+---------+
       Total:                         12     192       0      
                                                              
    /Applications/ti/ccstheia141/ccs/tools/compiler/ti-cgt-armllvm_3.2.1.LTS/lib/armv6m-ti-none-eabi/c/libc.a
       _printfi.c.obj                 4558   34        0      
       aeabi_ctype.S.obj              0      257       0      
       s_scalbn.c.obj                 216    0         0      
       copy_decompress_lzss.c.obj     120    0         0      
       s_frexp.c.obj                  92     0         0      
       sprintf.c.obj                  90     0         0      
       _ltoa.c.obj                    88     0         0      
       atoi.c.obj                     64     0         0      
       autoinit.c.obj                 60     0         0      
       boot_cortex_m.c.obj            40     0         0      
       memccpy.c.obj                  34     0         0      
       copy_decompress_none.c.obj     18     0         0      
       memcpy16.S.obj                 18     0         0      
       wcslen.c.obj                   16     0         0      
       memset16.S.obj                 14     0         0      
       aeabi_portable.c.obj           8      0         4      
       exit.c.obj                     4      0         0      
       pre_init.c.obj                 4      0         0      
    +--+------------------------------+------+---------+---------+
       Total:                         5444   291       4      
                                                              
    /Applications/ti/ccstheia141/ccs/tools/compiler/ti-cgt-armllvm_3.2.1.LTS/lib/clang/15.0.7/lib/armv6m-ti-none-eabi/libclang_rt.builtins.a
       adddf3.S.obj                   418    0         0      
       divdf3.S.obj                   268    0         0      
       muldf3.S.obj                   228    0         0      
       comparedf2.c.obj               220    0         0      
       udivmoddi4.S.obj               162    0         0      
       aeabi_dcmp.S.obj               98     0         0      
       aeabi_idivmod.S.obj            86     0         0      
       fixdfsi.S.obj                  74     0         0      
       fixunsdfsi.S.obj               66     0         0      
       aeabi_uidivmod.S.obj           64     0         0      
       muldsi3.S.obj                  58     0         0      
       floatsidf.S.obj                44     0         0      
       floatunsidf.S.obj              36     0         0      
       muldi3.S.obj                   36     0         0      
       ashldi3.S.obj                  30     0         0      
       aeabi_uldivmod.S.obj           20     0         0      
       aeabi_memset.S.obj             14     0         0      
       aeabi_memcpy.S.obj             8      0         0      
       aeabi_div0.c.obj               4      0         0      
    +--+------------------------------+------+---------+---------+
       Total:                         1934   0         0      
                                                              
       Heap:                          0      0         2048   
       Stack:                         0      0         512    
       Linker Generated:              0      26        0      
    +--+------------------------------+------+---------+---------+
       Grand Total:                   9044   1733      2568   


LINKER GENERATED COPY TABLES

__TI_cinit_table @ 00002a34 records: 1, size/record: 8, table size: 8
	.data: load addr=00002a20, load size=0000000a bytes, run addr=20200800, run size=00000008 bytes, compression=lzss


LINKER GENERATED HANDLER TABLE

__TI_handler_table @ 00002a2c records: 2, size/record: 4, table size: 8
	index: 0, handler: __TI_decompress_lzss
	index: 1, handler: __TI_decompress_none


FAR CALL TRAMPOLINES

callee name               trampoline name
   callee addr  tramp addr   call addr  call info
--------------  -----------  ---------  ----------------
__aeabi_dsub              $Tramp$TT$L$PI$$__aeabi_dsub
   000010d5     000023dc     000023d8   libc.a : _printfi.c.obj (.text.OUTLINED_FUNCTION_0)

[1 trampolines]
[1 trampoline calls]


GLOBAL SYMBOLS: SORTED ALPHABETICALLY BY Name 

address   name                          
-------   ----                          
00002411  ADC0_IRQHandler               
00002411  ADC1_IRQHandler               
00002411  AES_IRQHandler                
00002420  C$$EXIT                       
00002411  CANFD0_IRQHandler             
00002411  DAC0_IRQHandler               
00002411  DMA_IRQHandler                
00002411  Default_Handler               
00002411  GROUP0_IRQHandler             
00002411  GROUP1_IRQHandler             
00002415  HardFault_Handler             
00002411  I2C0_IRQHandler               
00002411  I2C1_IRQHandler               
00002411  NMI_Handler                   
00002411  PendSV_Handler                
00002411  RTC_IRQHandler                
00002419  Reset_Handler                 
00002411  SPI0_IRQHandler               
00002411  SPI1_IRQHandler               
00002411  SVC_Handler                   
00002411  SysTick_Handler               
00002411  TIMA0_IRQHandler              
00002411  TIMA1_IRQHandler              
00002411  TIMG0_IRQHandler              
00002411  TIMG12_IRQHandler             
00002411  TIMG6_IRQHandler              
00002411  TIMG7_IRQHandler              
00002411  TIMG8_IRQHandler              
00002355  TI_memcpy_small               
000023b5  TI_memset_small               
00002411  UART0_IRQHandler              
00002411  UART1_IRQHandler              
00002411  UART2_IRQHandler              
00002411  UART3_IRQHandler              
000018f5  UART_init                     
00002209  UART_out_char                 
20208000  __STACK_END                   
00000200  __STACK_SIZE                  
00000800  __SYSMEM_SIZE                 
00000000  __TI_ATRegion0_region_sz      
00000000  __TI_ATRegion0_src_addr       
00000000  __TI_ATRegion0_trg_addr       
00000000  __TI_ATRegion1_region_sz      
00000000  __TI_ATRegion1_src_addr       
00000000  __TI_ATRegion1_trg_addr       
00000000  __TI_ATRegion2_region_sz      
00000000  __TI_ATRegion2_src_addr       
00000000  __TI_ATRegion2_trg_addr       
00002a34  __TI_CINIT_Base               
00002a3c  __TI_CINIT_Limit              
00002a3c  __TI_CINIT_Warm               
00002a2c  __TI_Handler_Table_Base       
00002a34  __TI_Handler_Table_Limit      
000020f1  __TI_auto_init_nobinit_nopinit
00001bc9  __TI_decompress_lzss          
00002367  __TI_decompress_none          
00001e45  __TI_ltoa                     
ffffffff  __TI_pprof_out_hndl           
000000c1  __TI_printfi                  
ffffffff  __TI_prof_data_size           
ffffffff  __TI_prof_data_start          
00000000  __TI_static_base__            
000010df  __adddf3                      
00002430  __aeabi_ctype_table_          
00002430  __aeabi_ctype_table_C         
00001f9d  __aeabi_d2iz                  
0000202d  __aeabi_d2uiz                 
000010df  __aeabi_dadd                  
00001d85  __aeabi_dcmpeq                
00001dc1  __aeabi_dcmpge                
00001dd5  __aeabi_dcmpgt                
00001dad  __aeabi_dcmple                
00001d99  __aeabi_dcmplt                
0000162d  __aeabi_ddiv                  
00001739  __aeabi_dmul                  
000010d5  __aeabi_dsub                  
20200800  __aeabi_errno                 
00002401  __aeabi_errno_addr            
00002235  __aeabi_i2d                   
00001ef5  __aeabi_idiv                  
00001267  __aeabi_idiv0                 
00001ef5  __aeabi_idivmod               
00001bc7  __aeabi_ldiv0                 
000022f5  __aeabi_llsl                  
000022ad  __aeabi_lmul                  
00002409  __aeabi_memcpy                
00002409  __aeabi_memcpy4               
00002409  __aeabi_memcpy8               
00002399  __aeabi_memset                
00002399  __aeabi_memset4               
00002399  __aeabi_memset8               
00002289  __aeabi_ui2d                  
00002071  __aeabi_uidiv                 
00002071  __aeabi_uidivmod              
0000232d  __aeabi_uldivmod              
000022f5  __ashldi3                     
ffffffff  __binit__                     
00001cb1  __cmpdf2                      
0000162d  __divdf3                      
00001cb1  __eqdf2                       
00001f9d  __fixdfsi                     
0000202d  __fixunsdfsi                  
00002235  __floatsidf                   
00002289  __floatunsidf                 
00001c41  __gedf2                       
00001c41  __gtdf2                       
00001cb1  __ledf2                       
00001cb1  __ltdf2                       
UNDEFED   __mpu_init                    
00001739  __muldf3                      
000022ad  __muldi3                      
0000212d  __muldsi3                     
00001cb1  __nedf2                       
20207e00  __stack                       
20200000  __start___llvm_prf_bits       
20200000  __start___llvm_prf_cnts       
20200000  __stop___llvm_prf_bits        
20200000  __stop___llvm_prf_cnts        
000010d5  __subdf3                      
00001b25  __udivmoddi4                  
00002261  _c_int00_noargs               
20200000  _sys_memory                   
UNDEFED   _system_post_cinit            
0000241d  _system_pre_init              
00002421  abort                         
000020b1  atoi                          
ffffffff  binit                         
00002379  clock_delay                   
00001269  clock_init_40mhz              
00001de9  frexp                         
00001de9  frexpl                        
20200804  g_bus_clock_freq              
000023c5  get_bus_clock_freq            
00000000  interruptVectors              
00002169  launchpad_gpio_init           
0000181d  ldexp                         
0000181d  ldexpl                        
000025a0  lp_led_config_data            
00001a7d  lp_leds_init                  
000019c9  lp_leds_off                   
00000ce1  main                          
000022d1  memccpy                       
00001fe7  msp_printf                    
0000181d  scalbn                        
0000181d  scalbnl                       
000021a1  sprintf                       
00002389  wcslen                        


GLOBAL SYMBOLS: SORTED BY Symbol Address 

address   name                          
-------   ----                          
00000000  __TI_ATRegion0_region_sz      
00000000  __TI_ATRegion0_src_addr       
00000000  __TI_ATRegion0_trg_addr       
00000000  __TI_ATRegion1_region_sz      
00000000  __TI_ATRegion1_src_addr       
00000000  __TI_ATRegion1_trg_addr       
00000000  __TI_ATRegion2_region_sz      
00000000  __TI_ATRegion2_src_addr       
00000000  __TI_ATRegion2_trg_addr       
00000000  __TI_static_base__            
00000000  interruptVectors              
000000c1  __TI_printfi                  
00000200  __STACK_SIZE                  
00000800  __SYSMEM_SIZE                 
00000ce1  main                          
000010d5  __aeabi_dsub                  
000010d5  __subdf3                      
000010df  __adddf3                      
000010df  __aeabi_dadd                  
00001267  __aeabi_idiv0                 
00001269  clock_init_40mhz              
0000162d  __aeabi_ddiv                  
0000162d  __divdf3                      
00001739  __aeabi_dmul                  
00001739  __muldf3                      
0000181d  ldexp                         
0000181d  ldexpl                        
0000181d  scalbn                        
0000181d  scalbnl                       
000018f5  UART_init                     
000019c9  lp_leds_off                   
00001a7d  lp_leds_init                  
00001b25  __udivmoddi4                  
00001bc7  __aeabi_ldiv0                 
00001bc9  __TI_decompress_lzss          
00001c41  __gedf2                       
00001c41  __gtdf2                       
00001cb1  __cmpdf2                      
00001cb1  __eqdf2                       
00001cb1  __ledf2                       
00001cb1  __ltdf2                       
00001cb1  __nedf2                       
00001d85  __aeabi_dcmpeq                
00001d99  __aeabi_dcmplt                
00001dad  __aeabi_dcmple                
00001dc1  __aeabi_dcmpge                
00001dd5  __aeabi_dcmpgt                
00001de9  frexp                         
00001de9  frexpl                        
00001e45  __TI_ltoa                     
00001ef5  __aeabi_idiv                  
00001ef5  __aeabi_idivmod               
00001f9d  __aeabi_d2iz                  
00001f9d  __fixdfsi                     
00001fe7  msp_printf                    
0000202d  __aeabi_d2uiz                 
0000202d  __fixunsdfsi                  
00002071  __aeabi_uidiv                 
00002071  __aeabi_uidivmod              
000020b1  atoi                          
000020f1  __TI_auto_init_nobinit_nopinit
0000212d  __muldsi3                     
00002169  launchpad_gpio_init           
000021a1  sprintf                       
00002209  UART_out_char                 
00002235  __aeabi_i2d                   
00002235  __floatsidf                   
00002261  _c_int00_noargs               
00002289  __aeabi_ui2d                  
00002289  __floatunsidf                 
000022ad  __aeabi_lmul                  
000022ad  __muldi3                      
000022d1  memccpy                       
000022f5  __aeabi_llsl                  
000022f5  __ashldi3                     
0000232d  __aeabi_uldivmod              
00002355  TI_memcpy_small               
00002367  __TI_decompress_none          
00002379  clock_delay                   
00002389  wcslen                        
00002399  __aeabi_memset                
00002399  __aeabi_memset4               
00002399  __aeabi_memset8               
000023b5  TI_memset_small               
000023c5  get_bus_clock_freq            
00002401  __aeabi_errno_addr            
00002409  __aeabi_memcpy                
00002409  __aeabi_memcpy4               
00002409  __aeabi_memcpy8               
00002411  ADC0_IRQHandler               
00002411  ADC1_IRQHandler               
00002411  AES_IRQHandler                
00002411  CANFD0_IRQHandler             
00002411  DAC0_IRQHandler               
00002411  DMA_IRQHandler                
00002411  Default_Handler               
00002411  GROUP0_IRQHandler             
00002411  GROUP1_IRQHandler             
00002411  I2C0_IRQHandler               
00002411  I2C1_IRQHandler               
00002411  NMI_Handler                   
00002411  PendSV_Handler                
00002411  RTC_IRQHandler                
00002411  SPI0_IRQHandler               
00002411  SPI1_IRQHandler               
00002411  SVC_Handler                   
00002411  SysTick_Handler               
00002411  TIMA0_IRQHandler              
00002411  TIMA1_IRQHandler              
00002411  TIMG0_IRQHandler              
00002411  TIMG12_IRQHandler             
00002411  TIMG6_IRQHandler              
00002411  TIMG7_IRQHandler              
00002411  TIMG8_IRQHandler              
00002411  UART0_IRQHandler              
00002411  UART1_IRQHandler              
00002411  UART2_IRQHandler              
00002411  UART3_IRQHandler              
00002415  HardFault_Handler             
00002419  Reset_Handler                 
0000241d  _system_pre_init              
00002420  C$$EXIT                       
00002421  abort                         
00002430  __aeabi_ctype_table_          
00002430  __aeabi_ctype_table_C         
000025a0  lp_led_config_data            
00002a2c  __TI_Handler_Table_Base       
00002a34  __TI_CINIT_Base               
00002a34  __TI_Handler_Table_Limit      
00002a3c  __TI_CINIT_Limit              
00002a3c  __TI_CINIT_Warm               
20200000  __start___llvm_prf_bits       
20200000  __start___llvm_prf_cnts       
20200000  __stop___llvm_prf_bits        
20200000  __stop___llvm_prf_cnts        
20200000  _sys_memory                   
20200800  __aeabi_errno                 
20200804  g_bus_clock_freq              
20207e00  __stack                       
20208000  __STACK_END                   
ffffffff  __TI_pprof_out_hndl           
ffffffff  __TI_prof_data_size           
ffffffff  __TI_prof_data_start          
ffffffff  __binit__                     
ffffffff  binit                         
UNDEFED   __mpu_init                    
UNDEFED   _system_post_cinit            

[147 symbols]
