******************************************************************************
            TI ARM Clang Linker Unix v3.2.1                    
******************************************************************************
>> Linked Wed Mar  5 14:03:56 2025

OUTPUT FILE NAME:   <lab5.out>
ENTRY POINT SYMBOL: "_c_int00_noargs"  address: 0000116d


MEMORY CONFIGURATION

         name            origin    length      used     unused   attr    fill
----------------------  --------  ---------  --------  --------  ----  --------
  FLASH                 00000000   00020000  000013d8  0001ec28  R  X
  SRAM                  20200000   00008000  00000a14  000075ec  RW X
  BCR_CONFIG            41c00000   00000080  00000000  00000080  R   
  BSL_CONFIG            41c00100   00000080  00000000  00000080  R   


SEGMENT ALLOCATION MAP

run origin  load origin   length   init length attrs members
----------  ----------- ---------- ----------- ----- -------
00000000    00000000    000013d8   000013d8    r-x
  00000000    00000000    000000c0   000000c0    r-- .intvecs
  000000c0    000000c0    000011a0   000011a0    r-x .text
  00001260    00001260    00000148   00000148    r-- .rodata
  000013a8    000013a8    00000030   00000030    r-- .cinit
20200000    20200000    00000814   00000000    rw-
  20200000    20200000    00000800   00000000    rw- .sysmem
  20200800    20200800    00000014   00000000    rw- .data
20207e00    20207e00    00000200   00000000    rw-
  20207e00    20207e00    00000200   00000000    rw- .stack


SECTION ALLOCATION MAP

 output                                  attributes/
section   page    origin      length       input sections
--------  ----  ----------  ----------   ----------------
.intvecs   0    00000000    000000c0     
                  00000000    000000c0     startup_mspm0g3507_ticlang.o (.intvecs)

.text      0    000000c0    000011a0     
                  000000c0    00000180     LaunchPad.o (.text.leds_on)
                  00000240    00000168     clock.o (.text.clock_init_40mhz)
                  000003a8    0000014e     lab5_main.o (.text.run_lab5_part2)
                  000004f6    00000002     libclang_rt.builtins.a : aeabi_div0.c.obj (.text.__aeabi_idiv0)
                  000004f8    0000010c     LaunchPad.o (.text.seg7_init)
                  00000604    000000dc     LaunchPad.o (.text.write_keycol_data)
                  000006e0    000000d0     LaunchPad.o (.text.keypad_init)
                  000007b0    000000d0     LaunchPad.o (.text.leds_off)
                  00000880    000000b4     LaunchPad.o (.text.dipsw_read)
                  00000934    000000ac     LaunchPad.o (.text.led_init)
                  000009e0    000000ac     LaunchPad.o (.text.read_keyrow_data)
                  00000a8c    0000009c     LaunchPad.o (.text.is_pb_down)
                  00000b28    0000009c     LaunchPad.o (.text.is_pb_up)
                  00000bc4    00000090     lab5_main.o (.text.run_lab5_part1)
                  00000c54    0000008e     lab5_main.o (.text.run_lab5_part4)
                  00000ce2    00000002     --HOLE-- [fill = 0]
                  00000ce4    0000008c     LaunchPad.o (.text.is_lpsw_down)
                  00000d70    00000088     LaunchPad.o (.text.keypad_scan)
                  00000df8    00000078     libc.a : copy_decompress_lzss.c.obj (.text:decompress:lzss)
                  00000e70    00000074     LaunchPad.o (.text.seg7_off)
                  00000ee4    0000005c     lab5_main.o (.text.run_lab5_part3)
                  00000f40    00000058     LaunchPad.o (.text.seg7_dig_enable)
                  00000f98    0000004c     LaunchPad.o (.text.dipsw_init)
                  00000fe4    00000040     libclang_rt.builtins.a : aeabi_uidivmod.S.obj (.text.__aeabi_uidivmod)
                  00001024    00000040     LaunchPad.o (.text.seg7_hex)
                  00001064    0000003c     libc.a : autoinit.c.obj (.text:__TI_auto_init_nobinit_nopinit)
                  000010a0    00000038     LaunchPad.o (.text.launchpad_gpio_init)
                  000010d8    00000038     lab5_main.o (.text.main)
                  00001110    00000034     clock.o (.text.msec_delay)
                  00001144    00000028     LaunchPad.o (.text.getkey_pressed)
                  0000116c    00000028     libc.a : boot_cortex_m.c.obj (.text:_c_int00_noargs)
                  00001194    00000026     LaunchPad.o (.text.seg7_on)
                  000011ba    0000001e     LaunchPad.o (.text.wait_no_key_pressed)
                  000011d8    0000001c     LaunchPad.o (.text.lpsw_init)
                  000011f4    00000018     LaunchPad.o (.text.led_enable)
                  0000120c    00000012     libc.a : memcpy16.S.obj (.text:TI_memcpy_small)
                  0000121e    00000012            : copy_decompress_none.c.obj (.text:decompress:none)
                  00001230    00000010     clock.o (.text.clock_delay)
                  00001240    00000008     libclang_rt.builtins.a : aeabi_memcpy.S.obj (.text.__aeabi_memcpy)
                  00001248    00000004     startup_mspm0g3507_ticlang.o (.text.Default_Handler)
                  0000124c    00000004     startup_mspm0g3507_ticlang.o (.text.HardFault_Handler)
                  00001250    00000004     startup_mspm0g3507_ticlang.o (.text.Reset_Handler)
                  00001254    00000004     libc.a : pre_init.c.obj (.text._system_pre_init)
                  00001258    00000004            : exit.c.obj (.text:abort)
                  0000125c    00000004     --HOLE-- [fill = 0]

.cinit     0    000013a8    00000030     
                  000013a8    0000001a     (.cinit..data.load) [load image, compression = lzss]
                  000013c2    00000002     --HOLE-- [fill = 0]
                  000013c4    00000008     (__TI_handler_table)
                  000013cc    00000008     (__TI_cinit_table)
                  000013d4    00000004     --HOLE-- [fill = 0]

.rodata    0    00001260    00000148     
                  00001260    00000060     LaunchPad.o (.rodata.led_config_data)
                  000012c0    0000003c     LaunchPad.o (.rodata.enable_controls)
                  000012fc    00000030     LaunchPad.o (.rodata.dip_switch_config_data)
                  0000132c    00000030     LaunchPad.o (.rodata.kp_col_config_data)
                  0000135c    00000030     LaunchPad.o (.rodata.kp_row_config_data)
                  0000138c    00000018     LaunchPad.o (.rodata.lp_switch_config_data)
                  000013a4    00000004     --HOLE-- [fill = 0]

.init_array 
*          0    00000000    00000000     UNINITIALIZED

.binit     0    00000000    00000000     

.data      0    20200800    00000014     UNINITIALIZED
                  20200800    00000010     LaunchPad.o (.data.keycodes)
                  20200810    00000004     clock.o (.data.g_bus_clock_freq)

.sysmem    0    20200000    00000800     UNINITIALIZED
                  20200000    00000010     libc.a : memory.c.obj (.sysmem)
                  20200010    000007f0     --HOLE--

.stack     0    20207e00    00000200     UNINITIALIZED
                  20207e00    00000004     libc.a : boot_cortex_m.c.obj (.stack)
                  20207e04    000001fc     --HOLE--

__llvm_prf_cnts 
*          0    20200000    00000000     UNINITIALIZED

__llvm_prf_bits 
*          0    20200000    00000000     UNINITIALIZED

MODULE SUMMARY

       Module                         code   ro data   rw data
       ------                         ----   -------   -------
    ./
       LaunchPad.o                    2960   324       16     
       lab5_main.o                    768    0         0      
       clock.o                        428    0         4      
    +--+------------------------------+------+---------+---------+
       Total:                         4156   324       20     
                                                              
    ./ticlang/
       startup_mspm0g3507_ticlang.o   12     192       0      
    +--+------------------------------+------+---------+---------+
       Total:                         12     192       0      
                                                              
    /Applications/ti/ccstheia141/ccs/tools/compiler/ti-cgt-armllvm_3.2.1.LTS/lib/armv6m-ti-none-eabi/c/libc.a
       copy_decompress_lzss.c.obj     120    0         0      
       autoinit.c.obj                 60     0         0      
       boot_cortex_m.c.obj            40     0         0      
       copy_decompress_none.c.obj     18     0         0      
       memcpy16.S.obj                 18     0         0      
       exit.c.obj                     4      0         0      
       pre_init.c.obj                 4      0         0      
    +--+------------------------------+------+---------+---------+
       Total:                         264    0         0      
                                                              
    /Applications/ti/ccstheia141/ccs/tools/compiler/ti-cgt-armllvm_3.2.1.LTS/lib/clang/15.0.7/lib/armv6m-ti-none-eabi/libclang_rt.builtins.a
       aeabi_uidivmod.S.obj           64     0         0      
       aeabi_memcpy.S.obj             8      0         0      
       aeabi_div0.c.obj               2      0         0      
    +--+------------------------------+------+---------+---------+
       Total:                         74     0         0      
                                                              
       Heap:                          0      0         2048   
       Stack:                         0      0         512    
       Linker Generated:              0      42        0      
    +--+------------------------------+------+---------+---------+
       Grand Total:                   4506   558       2580   


LINKER GENERATED COPY TABLES

__TI_cinit_table @ 000013cc records: 1, size/record: 8, table size: 8
	.data: load addr=000013a8, load size=0000001a bytes, run addr=20200800, run size=00000014 bytes, compression=lzss


LINKER GENERATED HANDLER TABLE

__TI_handler_table @ 000013c4 records: 2, size/record: 4, table size: 8
	index: 0, handler: __TI_decompress_lzss
	index: 1, handler: __TI_decompress_none


GLOBAL SYMBOLS: SORTED ALPHABETICALLY BY Name 

address   name                          
-------   ----                          
00001249  ADC0_IRQHandler               
00001249  ADC1_IRQHandler               
00001249  AES_IRQHandler                
00001258  C$$EXIT                       
00001249  CANFD0_IRQHandler             
00001249  DAC0_IRQHandler               
00001249  DMA_IRQHandler                
00001249  Default_Handler               
00001249  GROUP0_IRQHandler             
00001249  GROUP1_IRQHandler             
0000124d  HardFault_Handler             
00001249  I2C0_IRQHandler               
00001249  I2C1_IRQHandler               
00001249  NMI_Handler                   
00001249  PendSV_Handler                
00001249  RTC_IRQHandler                
00001251  Reset_Handler                 
00001249  SPI0_IRQHandler               
00001249  SPI1_IRQHandler               
00001249  SVC_Handler                   
00001249  SysTick_Handler               
00001249  TIMA0_IRQHandler              
00001249  TIMA1_IRQHandler              
00001249  TIMG0_IRQHandler              
00001249  TIMG12_IRQHandler             
00001249  TIMG6_IRQHandler              
00001249  TIMG7_IRQHandler              
00001249  TIMG8_IRQHandler              
0000120d  TI_memcpy_small               
00001249  UART0_IRQHandler              
00001249  UART1_IRQHandler              
00001249  UART2_IRQHandler              
00001249  UART3_IRQHandler              
20208000  __STACK_END                   
00000200  __STACK_SIZE                  
00000800  __SYSMEM_SIZE                 
00000000  __TI_ATRegion0_region_sz      
00000000  __TI_ATRegion0_src_addr       
00000000  __TI_ATRegion0_trg_addr       
00000000  __TI_ATRegion1_region_sz      
00000000  __TI_ATRegion1_src_addr       
00000000  __TI_ATRegion1_trg_addr       
00000000  __TI_ATRegion2_region_sz      
00000000  __TI_ATRegion2_src_addr       
00000000  __TI_ATRegion2_trg_addr       
000013cc  __TI_CINIT_Base               
000013d4  __TI_CINIT_Limit              
000013d4  __TI_CINIT_Warm               
000013c4  __TI_Handler_Table_Base       
000013cc  __TI_Handler_Table_Limit      
00001065  __TI_auto_init_nobinit_nopinit
00000df9  __TI_decompress_lzss          
0000121f  __TI_decompress_none          
ffffffff  __TI_pprof_out_hndl           
ffffffff  __TI_prof_data_size           
ffffffff  __TI_prof_data_start          
00000000  __TI_static_base__            
000004f7  __aeabi_idiv0                 
00001241  __aeabi_memcpy                
00001241  __aeabi_memcpy4               
00001241  __aeabi_memcpy8               
00000fe5  __aeabi_uidiv                 
00000fe5  __aeabi_uidivmod              
ffffffff  __binit__                     
UNDEFED   __mpu_init                    
20207e00  __stack                       
20200000  __start___llvm_prf_bits       
20200000  __start___llvm_prf_cnts       
20200000  __stop___llvm_prf_bits        
20200000  __stop___llvm_prf_cnts        
0000116d  _c_int00_noargs               
20200000  _sys_memory                   
UNDEFED   _system_post_cinit            
00001255  _system_pre_init              
00001259  abort                         
ffffffff  binit                         
00001231  clock_delay                   
00000241  clock_init_40mhz              
000012fc  dip_switch_config_data        
00000f99  dipsw_init                    
00000881  dipsw_read                    
000012c0  enable_controls               
20200810  g_bus_clock_freq              
00001145  getkey_pressed                
00000000  interruptVectors              
00000ce5  is_lpsw_down                  
00000a8d  is_pb_down                    
00000b29  is_pb_up                      
20200800  keycodes                      
000006e1  keypad_init                   
00000d71  keypad_scan                   
0000132c  kp_col_config_data            
0000135c  kp_row_config_data            
000010a1  launchpad_gpio_init           
00001260  led_config_data               
000011f5  led_enable                    
00000935  led_init                      
000007b1  leds_off                      
000000c1  leds_on                       
0000138c  lp_switch_config_data         
000011d9  lpsw_init                     
000010d9  main                          
00001111  msec_delay                    
000009e1  read_keyrow_data              
00000bc5  run_lab5_part1                
000003a9  run_lab5_part2                
00000ee5  run_lab5_part3                
00000c55  run_lab5_part4                
00000f41  seg7_dig_enable               
00001025  seg7_hex                      
000004f9  seg7_init                     
00000e71  seg7_off                      
00001195  seg7_on                       
000011bb  wait_no_key_pressed           
00000605  write_keycol_data             


GLOBAL SYMBOLS: SORTED BY Symbol Address 

address   name                          
-------   ----                          
00000000  __TI_ATRegion0_region_sz      
00000000  __TI_ATRegion0_src_addr       
00000000  __TI_ATRegion0_trg_addr       
00000000  __TI_ATRegion1_region_sz      
00000000  __TI_ATRegion1_src_addr       
00000000  __TI_ATRegion1_trg_addr       
00000000  __TI_ATRegion2_region_sz      
00000000  __TI_ATRegion2_src_addr       
00000000  __TI_ATRegion2_trg_addr       
00000000  __TI_static_base__            
00000000  interruptVectors              
000000c1  leds_on                       
00000200  __STACK_SIZE                  
00000241  clock_init_40mhz              
000003a9  run_lab5_part2                
000004f7  __aeabi_idiv0                 
000004f9  seg7_init                     
00000605  write_keycol_data             
000006e1  keypad_init                   
000007b1  leds_off                      
00000800  __SYSMEM_SIZE                 
00000881  dipsw_read                    
00000935  led_init                      
000009e1  read_keyrow_data              
00000a8d  is_pb_down                    
00000b29  is_pb_up                      
00000bc5  run_lab5_part1                
00000c55  run_lab5_part4                
00000ce5  is_lpsw_down                  
00000d71  keypad_scan                   
00000df9  __TI_decompress_lzss          
00000e71  seg7_off                      
00000ee5  run_lab5_part3                
00000f41  seg7_dig_enable               
00000f99  dipsw_init                    
00000fe5  __aeabi_uidiv                 
00000fe5  __aeabi_uidivmod              
00001025  seg7_hex                      
00001065  __TI_auto_init_nobinit_nopinit
000010a1  launchpad_gpio_init           
000010d9  main                          
00001111  msec_delay                    
00001145  getkey_pressed                
0000116d  _c_int00_noargs               
00001195  seg7_on                       
000011bb  wait_no_key_pressed           
000011d9  lpsw_init                     
000011f5  led_enable                    
0000120d  TI_memcpy_small               
0000121f  __TI_decompress_none          
00001231  clock_delay                   
00001241  __aeabi_memcpy                
00001241  __aeabi_memcpy4               
00001241  __aeabi_memcpy8               
00001249  ADC0_IRQHandler               
00001249  ADC1_IRQHandler               
00001249  AES_IRQHandler                
00001249  CANFD0_IRQHandler             
00001249  DAC0_IRQHandler               
00001249  DMA_IRQHandler                
00001249  Default_Handler               
00001249  GROUP0_IRQHandler             
00001249  GROUP1_IRQHandler             
00001249  I2C0_IRQHandler               
00001249  I2C1_IRQHandler               
00001249  NMI_Handler                   
00001249  PendSV_Handler                
00001249  RTC_IRQHandler                
00001249  SPI0_IRQHandler               
00001249  SPI1_IRQHandler               
00001249  SVC_Handler                   
00001249  SysTick_Handler               
00001249  TIMA0_IRQHandler              
00001249  TIMA1_IRQHandler              
00001249  TIMG0_IRQHandler              
00001249  TIMG12_IRQHandler             
00001249  TIMG6_IRQHandler              
00001249  TIMG7_IRQHandler              
00001249  TIMG8_IRQHandler              
00001249  UART0_IRQHandler              
00001249  UART1_IRQHandler              
00001249  UART2_IRQHandler              
00001249  UART3_IRQHandler              
0000124d  HardFault_Handler             
00001251  Reset_Handler                 
00001255  _system_pre_init              
00001258  C$$EXIT                       
00001259  abort                         
00001260  led_config_data               
000012c0  enable_controls               
000012fc  dip_switch_config_data        
0000132c  kp_col_config_data            
0000135c  kp_row_config_data            
0000138c  lp_switch_config_data         
000013c4  __TI_Handler_Table_Base       
000013cc  __TI_CINIT_Base               
000013cc  __TI_Handler_Table_Limit      
000013d4  __TI_CINIT_Limit              
000013d4  __TI_CINIT_Warm               
20200000  __start___llvm_prf_bits       
20200000  __start___llvm_prf_cnts       
20200000  __stop___llvm_prf_bits        
20200000  __stop___llvm_prf_cnts        
20200000  _sys_memory                   
20200800  keycodes                      
20200810  g_bus_clock_freq              
20207e00  __stack                       
20208000  __STACK_END                   
ffffffff  __TI_pprof_out_hndl           
ffffffff  __TI_prof_data_size           
ffffffff  __TI_prof_data_start          
ffffffff  __binit__                     
ffffffff  binit                         
UNDEFED   __mpu_init                    
UNDEFED   _system_post_cinit            

[115 symbols]
