******************************************************************************
            TI ARM Clang Linker Unix v3.2.1                    
******************************************************************************
>> Linked Wed Apr  2 11:54:52 2025

OUTPUT FILE NAME:   <lab9_p1.out>
ENTRY POINT SYMBOL: "_c_int00_noargs"  address: 000012f1


MEMORY CONFIGURATION

         name            origin    length      used     unused   attr    fill
----------------------  --------  ---------  --------  --------  ----  --------
  FLASH                 00000000   00020000  000015d0  0001ea30  R  X
  SRAM                  20200000   00008000  00000a17  000075e9  RW X
  BCR_CONFIG            41c00000   00000080  00000000  00000080  R   
  BSL_CONFIG            41c00100   00000080  00000000  00000080  R   


SEGMENT ALLOCATION MAP

run origin  load origin   length   init length attrs members
----------  ----------- ---------- ----------- ----- -------
00000000    00000000    000015d0   000015d0    r-x
  00000000    00000000    000000c0   000000c0    r-- .intvecs
  000000c0    000000c0    00001380   00001380    r-x .text
  00001440    00001440    00000160   00000160    r-- .rodata
  000015a0    000015a0    00000030   00000030    r-- .cinit
20200000    20200000    00000817   00000000    rw-
  20200000    20200000    00000800   00000000    rw- .sysmem
  20200800    20200800    00000017   00000000    rw- .data
20207e00    20207e00    00000200   00000000    rw-
  20207e00    20207e00    00000200   00000000    rw- .stack


SECTION ALLOCATION MAP

 output                                  attributes/
section   page    origin      length       input sections
--------  ----  ----------  ----------   ----------------
.intvecs   0    00000000    000000c0     
                  00000000    000000c0     startup_mspm0g3507_ticlang.o (.intvecs)

.text      0    000000c0    00001380     
                  000000c0    00000168     clock.o (.text.clock_init_40mhz)
                  00000228    00000160     lab9p1_main.o (.text.run_lab9_part1)
                  00000388    000000dc     LaunchPad.o (.text.write_keycol_data)
                  00000464    000000d4     adc.o (.text.ADC0_init)
                  00000538    000000d0     LaunchPad.o (.text.keypad_init)
                  00000608    000000d0     LaunchPad.o (.text.leds_off)
                  000006d8    000000c4     lcd1602.o (.text.lcd1602_init)
                  0000079c    000000c0     lcd1602.o (.text.lcd1602_write)
                  0000085c    000000bc     LaunchPad.o (.text.I2C_init)
                  00000918    000000b4     LaunchPad.o (.text.led_off)
                  000009cc    000000b4     LaunchPad.o (.text.led_on)
                  00000a80    000000ac     LaunchPad.o (.text.led_init)
                  00000b2c    000000ac     LaunchPad.o (.text.motor0_pwm_init)
                  00000bd8    000000ac     LaunchPad.o (.text.read_keyrow_data)
                  00000c84    00000094     LaunchPad.o (.text.I2C_send1)
                  00000d18    0000008c     lab9p1_main.o (.text.GROUP1_IRQHandler)
                  00000da4    00000088     LaunchPad.o (.text.keypad_scan)
                  00000e2c    00000084     lab9p1_main.o (.text.__NVIC_SetPriority)
                  00000eb0    0000007c     lcd1602.o (.text.doublebyte_to_ascii)
                  00000f2c    00000078     libc.a : copy_decompress_lzss.c.obj (.text:decompress:lzss)
                  00000fa4    00000066     lab9p1_main.o (.text.main)
                  0000100a    00000002     libclang_rt.builtins.a : aeabi_div0.c.obj (.text.__aeabi_idiv0)
                  0000100c    0000005c     LaunchPad.o (.text.I2C_fill_tx_fifo)
                  00001068    0000004c     LaunchPad.o (.text.dipsw_init)
                  000010b4    00000040     libclang_rt.builtins.a : aeabi_uidivmod.S.obj (.text.__aeabi_uidivmod)
                  000010f4    0000003c     libc.a : autoinit.c.obj (.text:__TI_auto_init_nobinit_nopinit)
                  00001130    00000038     LaunchPad.o (.text.launchpad_gpio_init)
                  00001168    00000034     lab9p1_main.o (.text.__NVIC_DisableIRQ)
                  0000119c    00000034     lab9p1_main.o (.text.config_pb1_interrupts)
                  000011d0    00000034     lab9p1_main.o (.text.config_pb2_interrupts)
                  00001204    00000034     LaunchPad.o (.text.motor0_init)
                  00001238    00000034     clock.o (.text.msec_delay)
                  0000126c    0000002c     lab9p1_main.o (.text.__NVIC_EnableIRQ)
                  00001298    0000002c     lcd1602.o (.text.lcd_write_doublebyte)
                  000012c4    0000002c     LaunchPad.o (.text.motor0_set_pwm_dc)
                  000012f0    00000028     libc.a : boot_cortex_m.c.obj (.text:_c_int00_noargs)
                  00001318    00000024     lcd1602.o (.text.lcd_write_string)
                  0000133c    00000020     lcd1602.o (.text.lcd_set_ddram_addr)
                  0000135c    00000020     lcd1602.o (.text.lcd_set_display_on)
                  0000137c    0000001e     LaunchPad.o (.text.wait_no_key_pressed)
                  0000139a    00000018     lcd1602.o (.text.lcd_write_char)
                  000013b2    00000002     --HOLE-- [fill = 0]
                  000013b4    00000018     LaunchPad.o (.text.led_enable)
                  000013cc    00000012     libc.a : memcpy16.S.obj (.text:TI_memcpy_small)
                  000013de    00000012            : copy_decompress_none.c.obj (.text:decompress:none)
                  000013f0    00000010     clock.o (.text.clock_delay)
                  00001400    00000010     LaunchPad.o (.text.motor0_pwm_enable)
                  00001410    0000000e     lcd1602.o (.text.lcd_clear)
                  0000141e    00000002     --HOLE-- [fill = 0]
                  00001420    00000008     libclang_rt.builtins.a : aeabi_memcpy.S.obj (.text.__aeabi_memcpy)
                  00001428    00000004     startup_mspm0g3507_ticlang.o (.text.Default_Handler)
                  0000142c    00000004     startup_mspm0g3507_ticlang.o (.text.HardFault_Handler)
                  00001430    00000004     startup_mspm0g3507_ticlang.o (.text.Reset_Handler)
                  00001434    00000004     libc.a : pre_init.c.obj (.text._system_pre_init)
                  00001438    00000004            : exit.c.obj (.text:abort)
                  0000143c    00000004     --HOLE-- [fill = 0]

.cinit     0    000015a0    00000030     
                  000015a0    0000001d     (.cinit..data.load) [load image, compression = lzss]
                  000015bd    00000003     --HOLE-- [fill = 0]
                  000015c0    00000008     (__TI_handler_table)
                  000015c8    00000008     (__TI_cinit_table)

.rodata    0    00001440    00000160     
                  00001440    00000060     LaunchPad.o (.rodata.led_config_data)
                  000014a0    0000003c     LaunchPad.o (.rodata.enable_controls)
                  000014dc    00000030     LaunchPad.o (.rodata.dip_switch_config_data)
                  0000150c    00000030     LaunchPad.o (.rodata.kp_col_config_data)
                  0000153c    00000030     LaunchPad.o (.rodata.kp_row_config_data)
                  0000156c    00000018     LaunchPad.o (.rodata.iic_config_data)
                  00001584    00000010     lab9p1_main.o (.rodata.str1.145207101029822766511)
                  00001594    0000000c     lab9p1_main.o (.rodata.str1.84502141166503941211)

.init_array 
*          0    00000000    00000000     UNINITIALIZED

.binit     0    00000000    00000000     

.data      0    20200800    00000017     UNINITIALIZED
                  20200800    00000010     LaunchPad.o (.data.keycodes)
                  20200810    00000004     clock.o (.data.g_bus_clock_freq)
                  20200814    00000001     lab9p1_main.o (.data.g_PB1_pressed)
                  20200815    00000001     lab9p1_main.o (.data.g_PB2_pressed)
                  20200816    00000001     lcd1602.o (.data.g_lcd_backlight_mode)

.sysmem    0    20200000    00000800     UNINITIALIZED
                  20200000    00000010     libc.a : memory.c.obj (.sysmem)
                  20200010    000007f0     --HOLE--

.stack     0    20207e00    00000200     UNINITIALIZED
                  20207e00    00000004     libc.a : boot_cortex_m.c.obj (.stack)
                  20207e04    000001fc     --HOLE--

__llvm_prf_cnts 
*          0    20200000    00000000     UNINITIALIZED

__llvm_prf_bits 
*          0    20200000    00000000     UNINITIALIZED

MODULE SUMMARY

       Module                         code   ro data   rw data
       ------                         ----   -------   -------
    ./
       LaunchPad.o                    2374   324       16     
       lab9p1_main.o                  926    28        2      
       lcd1602.o                      694    0         1      
       clock.o                        428    0         4      
       adc.o                          212    0         0      
    +--+------------------------------+------+---------+---------+
       Total:                         4634   352       23     
                                                              
    ./ticlang/
       startup_mspm0g3507_ticlang.o   12     192       0      
    +--+------------------------------+------+---------+---------+
       Total:                         12     192       0      
                                                              
    /Applications/ti/ccstheia141/ccs/tools/compiler/ti-cgt-armllvm_3.2.1.LTS/lib/armv6m-ti-none-eabi/c/libc.a
       copy_decompress_lzss.c.obj     120    0         0      
       autoinit.c.obj                 60     0         0      
       boot_cortex_m.c.obj            40     0         0      
       copy_decompress_none.c.obj     18     0         0      
       memcpy16.S.obj                 18     0         0      
       exit.c.obj                     4      0         0      
       pre_init.c.obj                 4      0         0      
    +--+------------------------------+------+---------+---------+
       Total:                         264    0         0      
                                                              
    /Applications/ti/ccstheia141/ccs/tools/compiler/ti-cgt-armllvm_3.2.1.LTS/lib/clang/15.0.7/lib/armv6m-ti-none-eabi/libclang_rt.builtins.a
       aeabi_uidivmod.S.obj           64     0         0      
       aeabi_memcpy.S.obj             8      0         0      
       aeabi_div0.c.obj               2      0         0      
    +--+------------------------------+------+---------+---------+
       Total:                         74     0         0      
                                                              
       Heap:                          0      0         2048   
       Stack:                         0      0         512    
       Linker Generated:              0      45        0      
    +--+------------------------------+------+---------+---------+
       Grand Total:                   4984   589       2583   


LINKER GENERATED COPY TABLES

__TI_cinit_table @ 000015c8 records: 1, size/record: 8, table size: 8
	.data: load addr=000015a0, load size=0000001d bytes, run addr=20200800, run size=00000017 bytes, compression=lzss


LINKER GENERATED HANDLER TABLE

__TI_handler_table @ 000015c0 records: 2, size/record: 4, table size: 8
	index: 0, handler: __TI_decompress_lzss
	index: 1, handler: __TI_decompress_none


GLOBAL SYMBOLS: SORTED ALPHABETICALLY BY Name 

address   name                          
-------   ----                          
00001429  ADC0_IRQHandler               
00000465  ADC0_init                     
00001429  ADC1_IRQHandler               
00001429  AES_IRQHandler                
00001438  C$$EXIT                       
00001429  CANFD0_IRQHandler             
00001429  DAC0_IRQHandler               
00001429  DMA_IRQHandler                
00001429  Default_Handler               
00001429  GROUP0_IRQHandler             
00000d19  GROUP1_IRQHandler             
0000142d  HardFault_Handler             
00001429  I2C0_IRQHandler               
00001429  I2C1_IRQHandler               
0000085d  I2C_init                      
00000c85  I2C_send1                     
00001429  NMI_Handler                   
00001429  PendSV_Handler                
00001429  RTC_IRQHandler                
00001431  Reset_Handler                 
00001429  SPI0_IRQHandler               
00001429  SPI1_IRQHandler               
00001429  SVC_Handler                   
00001429  SysTick_Handler               
00001429  TIMA0_IRQHandler              
00001429  TIMA1_IRQHandler              
00001429  TIMG0_IRQHandler              
00001429  TIMG12_IRQHandler             
00001429  TIMG6_IRQHandler              
00001429  TIMG7_IRQHandler              
00001429  TIMG8_IRQHandler              
000013cd  TI_memcpy_small               
00001429  UART0_IRQHandler              
00001429  UART1_IRQHandler              
00001429  UART2_IRQHandler              
00001429  UART3_IRQHandler              
20208000  __STACK_END                   
00000200  __STACK_SIZE                  
00000800  __SYSMEM_SIZE                 
00000000  __TI_ATRegion0_region_sz      
00000000  __TI_ATRegion0_src_addr       
00000000  __TI_ATRegion0_trg_addr       
00000000  __TI_ATRegion1_region_sz      
00000000  __TI_ATRegion1_src_addr       
00000000  __TI_ATRegion1_trg_addr       
00000000  __TI_ATRegion2_region_sz      
00000000  __TI_ATRegion2_src_addr       
00000000  __TI_ATRegion2_trg_addr       
000015c8  __TI_CINIT_Base               
000015d0  __TI_CINIT_Limit              
000015d0  __TI_CINIT_Warm               
000015c0  __TI_Handler_Table_Base       
000015c8  __TI_Handler_Table_Limit      
000010f5  __TI_auto_init_nobinit_nopinit
00000f2d  __TI_decompress_lzss          
000013df  __TI_decompress_none          
ffffffff  __TI_pprof_out_hndl           
ffffffff  __TI_prof_data_size           
ffffffff  __TI_prof_data_start          
00000000  __TI_static_base__            
0000100b  __aeabi_idiv0                 
00001421  __aeabi_memcpy                
00001421  __aeabi_memcpy4               
00001421  __aeabi_memcpy8               
000010b5  __aeabi_uidiv                 
000010b5  __aeabi_uidivmod              
ffffffff  __binit__                     
UNDEFED   __mpu_init                    
20207e00  __stack                       
20200000  __start___llvm_prf_bits       
20200000  __start___llvm_prf_cnts       
20200000  __stop___llvm_prf_bits        
20200000  __stop___llvm_prf_cnts        
000012f1  _c_int00_noargs               
20200000  _sys_memory                   
UNDEFED   _system_post_cinit            
00001435  _system_pre_init              
00001439  abort                         
ffffffff  binit                         
000013f1  clock_delay                   
000000c1  clock_init_40mhz              
0000119d  config_pb1_interrupts         
000011d1  config_pb2_interrupts         
000014dc  dip_switch_config_data        
00001069  dipsw_init                    
00000eb1  doublebyte_to_ascii           
000014a0  enable_controls               
20200814  g_PB1_pressed                 
20200815  g_PB2_pressed                 
20200810  g_bus_clock_freq              
0000156c  iic_config_data               
00000000  interruptVectors              
20200800  keycodes                      
00000539  keypad_init                   
00000da5  keypad_scan                   
0000150c  kp_col_config_data            
0000153c  kp_row_config_data            
00001131  launchpad_gpio_init           
000006d9  lcd1602_init                  
0000079d  lcd1602_write                 
00001411  lcd_clear                     
0000133d  lcd_set_ddram_addr            
0000135d  lcd_set_display_on            
0000139b  lcd_write_char                
00001299  lcd_write_doublebyte          
00001319  lcd_write_string              
00001440  led_config_data               
000013b5  led_enable                    
00000a81  led_init                      
00000919  led_off                       
000009cd  led_on                        
00000609  leds_off                      
00000fa5  main                          
00001205  motor0_init                   
00001401  motor0_pwm_enable             
00000b2d  motor0_pwm_init               
000012c5  motor0_set_pwm_dc             
00001239  msec_delay                    
00000bd9  read_keyrow_data              
00000229  run_lab9_part1                
0000137d  wait_no_key_pressed           
00000389  write_keycol_data             


GLOBAL SYMBOLS: SORTED BY Symbol Address 

address   name                          
-------   ----                          
00000000  __TI_ATRegion0_region_sz      
00000000  __TI_ATRegion0_src_addr       
00000000  __TI_ATRegion0_trg_addr       
00000000  __TI_ATRegion1_region_sz      
00000000  __TI_ATRegion1_src_addr       
00000000  __TI_ATRegion1_trg_addr       
00000000  __TI_ATRegion2_region_sz      
00000000  __TI_ATRegion2_src_addr       
00000000  __TI_ATRegion2_trg_addr       
00000000  __TI_static_base__            
00000000  interruptVectors              
000000c1  clock_init_40mhz              
00000200  __STACK_SIZE                  
00000229  run_lab9_part1                
00000389  write_keycol_data             
00000465  ADC0_init                     
00000539  keypad_init                   
00000609  leds_off                      
000006d9  lcd1602_init                  
0000079d  lcd1602_write                 
00000800  __SYSMEM_SIZE                 
0000085d  I2C_init                      
00000919  led_off                       
000009cd  led_on                        
00000a81  led_init                      
00000b2d  motor0_pwm_init               
00000bd9  read_keyrow_data              
00000c85  I2C_send1                     
00000d19  GROUP1_IRQHandler             
00000da5  keypad_scan                   
00000eb1  doublebyte_to_ascii           
00000f2d  __TI_decompress_lzss          
00000fa5  main                          
0000100b  __aeabi_idiv0                 
00001069  dipsw_init                    
000010b5  __aeabi_uidiv                 
000010b5  __aeabi_uidivmod              
000010f5  __TI_auto_init_nobinit_nopinit
00001131  launchpad_gpio_init           
0000119d  config_pb1_interrupts         
000011d1  config_pb2_interrupts         
00001205  motor0_init                   
00001239  msec_delay                    
00001299  lcd_write_doublebyte          
000012c5  motor0_set_pwm_dc             
000012f1  _c_int00_noargs               
00001319  lcd_write_string              
0000133d  lcd_set_ddram_addr            
0000135d  lcd_set_display_on            
0000137d  wait_no_key_pressed           
0000139b  lcd_write_char                
000013b5  led_enable                    
000013cd  TI_memcpy_small               
000013df  __TI_decompress_none          
000013f1  clock_delay                   
00001401  motor0_pwm_enable             
00001411  lcd_clear                     
00001421  __aeabi_memcpy                
00001421  __aeabi_memcpy4               
00001421  __aeabi_memcpy8               
00001429  ADC0_IRQHandler               
00001429  ADC1_IRQHandler               
00001429  AES_IRQHandler                
00001429  CANFD0_IRQHandler             
00001429  DAC0_IRQHandler               
00001429  DMA_IRQHandler                
00001429  Default_Handler               
00001429  GROUP0_IRQHandler             
00001429  I2C0_IRQHandler               
00001429  I2C1_IRQHandler               
00001429  NMI_Handler                   
00001429  PendSV_Handler                
00001429  RTC_IRQHandler                
00001429  SPI0_IRQHandler               
00001429  SPI1_IRQHandler               
00001429  SVC_Handler                   
00001429  SysTick_Handler               
00001429  TIMA0_IRQHandler              
00001429  TIMA1_IRQHandler              
00001429  TIMG0_IRQHandler              
00001429  TIMG12_IRQHandler             
00001429  TIMG6_IRQHandler              
00001429  TIMG7_IRQHandler              
00001429  TIMG8_IRQHandler              
00001429  UART0_IRQHandler              
00001429  UART1_IRQHandler              
00001429  UART2_IRQHandler              
00001429  UART3_IRQHandler              
0000142d  HardFault_Handler             
00001431  Reset_Handler                 
00001435  _system_pre_init              
00001438  C$$EXIT                       
00001439  abort                         
00001440  led_config_data               
000014a0  enable_controls               
000014dc  dip_switch_config_data        
0000150c  kp_col_config_data            
0000153c  kp_row_config_data            
0000156c  iic_config_data               
000015c0  __TI_Handler_Table_Base       
000015c8  __TI_CINIT_Base               
000015c8  __TI_Handler_Table_Limit      
000015d0  __TI_CINIT_Limit              
000015d0  __TI_CINIT_Warm               
20200000  __start___llvm_prf_bits       
20200000  __start___llvm_prf_cnts       
20200000  __stop___llvm_prf_bits        
20200000  __stop___llvm_prf_cnts        
20200000  _sys_memory                   
20200800  keycodes                      
20200810  g_bus_clock_freq              
20200814  g_PB1_pressed                 
20200815  g_PB2_pressed                 
20207e00  __stack                       
20208000  __STACK_END                   
ffffffff  __TI_pprof_out_hndl           
ffffffff  __TI_prof_data_size           
ffffffff  __TI_prof_data_start          
ffffffff  __binit__                     
ffffffff  binit                         
UNDEFED   __mpu_init                    
UNDEFED   _system_post_cinit            

[122 symbols]
