******************************************************************************
            TI ARM Clang Linker Unix v3.2.1                    
******************************************************************************
>> Linked Mon Apr  7 14:24:08 2025

OUTPUT FILE NAME:   <lab9_p3.out>
ENTRY POINT SYMBOL: "_c_int00_noargs"  address: 00000e91


MEMORY CONFIGURATION

         name            origin    length      used     unused   attr    fill
----------------------  --------  ---------  --------  --------  ----  --------
  FLASH                 00000000   00020000  000010e8  0001ef18  R  X
  SRAM                  20200000   00008000  00000a07  000075f9  RW X
  BCR_CONFIG            41c00000   00000080  00000000  00000080  R   
  BSL_CONFIG            41c00100   00000080  00000000  00000080  R   


SEGMENT ALLOCATION MAP

run origin  load origin   length   init length attrs members
----------  ----------- ---------- ----------- ----- -------
00000000    00000000    000010e8   000010e8    r-x
  00000000    00000000    000000c0   000000c0    r-- .intvecs
  000000c0    000000c0    00000f10   00000f10    r-x .text
  00000fd0    00000fd0    000000f8   000000f8    r-- .rodata
  000010c8    000010c8    00000020   00000020    r-- .cinit
20200000    20200000    00000807   00000000    rw-
  20200000    20200000    00000800   00000000    rw- .sysmem
  20200800    20200800    00000007   00000000    rw- .data
20207e00    20207e00    00000200   00000000    rw-
  20207e00    20207e00    00000200   00000000    rw- .stack


SECTION ALLOCATION MAP

 output                                  attributes/
section   page    origin      length       input sections
--------  ----  ----------  ----------   ----------------
.intvecs   0    00000000    000000c0     
                  00000000    000000c0     startup_mspm0g3507_ticlang.o (.intvecs)

.text      0    000000c0    00000f10     
                  000000c0    00000168     clock.o (.text.clock_init_40mhz)
                  00000228    00000110     lab9p3_main.o (.text.run_lab9_part3)
                  00000338    000000d4     adc.o (.text.ADC0_init)
                  0000040c    000000d0     LaunchPad.o (.text.leds_off)
                  000004dc    000000c4     lcd1602.o (.text.lcd1602_init)
                  000005a0    000000c0     lcd1602.o (.text.lcd1602_write)
                  00000660    000000bc     LaunchPad.o (.text.I2C_init)
                  0000071c    000000ac     LaunchPad.o (.text.led_init)
                  000007c8    000000ac     LaunchPad.o (.text.motor0_pwm_init)
                  00000874    00000094     LaunchPad.o (.text.I2C_send1)
                  00000908    0000008c     lab9p3_main.o (.text.GROUP1_IRQHandler)
                  00000994    00000084     lab9p3_main.o (.text.__NVIC_SetPriority)
                  00000a18    0000007c     lcd1602.o (.text.doublebyte_to_ascii)
                  00000a94    00000078     libc.a : copy_decompress_lzss.c.obj (.text:decompress:lzss)
                  00000b0c    00000068     adc.o (.text.ADC0_in)
                  00000b74    00000062     lab9p3_main.o (.text.main)
                  00000bd6    00000002     libclang_rt.builtins.a : aeabi_div0.c.obj (.text.__aeabi_idiv0)
                  00000bd8    0000005c     LaunchPad.o (.text.I2C_fill_tx_fifo)
                  00000c34    0000004c     LaunchPad.o (.text.dipsw_init)
                  00000c80    00000040     libclang_rt.builtins.a : aeabi_uidivmod.S.obj (.text.__aeabi_uidivmod)
                  00000cc0    0000003c     libc.a : autoinit.c.obj (.text:__TI_auto_init_nobinit_nopinit)
                  00000cfc    00000038     LaunchPad.o (.text.launchpad_gpio_init)
                  00000d34    00000034     lab9p3_main.o (.text.__NVIC_DisableIRQ)
                  00000d68    00000034     lab9p3_main.o (.text.config_pb1_interrupts)
                  00000d9c    00000034     lab9p3_main.o (.text.config_pb2_interrupts)
                  00000dd0    00000034     LaunchPad.o (.text.motor0_init)
                  00000e04    00000034     clock.o (.text.msec_delay)
                  00000e38    0000002c     lab9p3_main.o (.text.__NVIC_EnableIRQ)
                  00000e64    0000002c     lcd1602.o (.text.lcd_write_doublebyte)
                  00000e90    00000028     libc.a : boot_cortex_m.c.obj (.text:_c_int00_noargs)
                  00000eb8    00000024     lcd1602.o (.text.lcd_write_string)
                  00000edc    00000020     lcd1602.o (.text.lcd_set_ddram_addr)
                  00000efc    00000020     lcd1602.o (.text.lcd_set_display_on)
                  00000f1c    00000018     lcd1602.o (.text.lcd_write_char)
                  00000f34    00000018     LaunchPad.o (.text.led_enable)
                  00000f4c    00000014     LaunchPad.o (.text.motor0_set_pwm_count)
                  00000f60    00000012     libc.a : memcpy16.S.obj (.text:TI_memcpy_small)
                  00000f72    00000012            : copy_decompress_none.c.obj (.text:decompress:none)
                  00000f84    00000010     clock.o (.text.clock_delay)
                  00000f94    00000010     LaunchPad.o (.text.motor0_pwm_enable)
                  00000fa4    0000000e     lcd1602.o (.text.lcd_clear)
                  00000fb2    00000002     --HOLE-- [fill = 0]
                  00000fb4    00000008     libclang_rt.builtins.a : aeabi_memcpy.S.obj (.text.__aeabi_memcpy)
                  00000fbc    00000004     startup_mspm0g3507_ticlang.o (.text.Default_Handler)
                  00000fc0    00000004     startup_mspm0g3507_ticlang.o (.text.HardFault_Handler)
                  00000fc4    00000004     startup_mspm0g3507_ticlang.o (.text.Reset_Handler)
                  00000fc8    00000004     libc.a : pre_init.c.obj (.text._system_pre_init)
                  00000fcc    00000004            : exit.c.obj (.text:abort)

.cinit     0    000010c8    00000020     
                  000010c8    0000000b     (.cinit..data.load) [load image, compression = lzss]
                  000010d3    00000001     --HOLE-- [fill = 0]
                  000010d4    00000008     (__TI_handler_table)
                  000010dc    00000008     (__TI_cinit_table)
                  000010e4    00000004     --HOLE-- [fill = 0]

.rodata    0    00000fd0    000000f8     
                  00000fd0    00000060     LaunchPad.o (.rodata.led_config_data)
                  00001030    0000003c     LaunchPad.o (.rodata.enable_controls)
                  0000106c    00000030     LaunchPad.o (.rodata.dip_switch_config_data)
                  0000109c    00000018     LaunchPad.o (.rodata.iic_config_data)
                  000010b4    00000010     lab9p3_main.o (.rodata.str1.34183662826772269501)
                  000010c4    00000004     --HOLE-- [fill = 0]

.init_array 
*          0    00000000    00000000     UNINITIALIZED

.binit     0    00000000    00000000     

.data      0    20200800    00000007     UNINITIALIZED
                  20200800    00000004     clock.o (.data.g_bus_clock_freq)
                  20200804    00000001     lab9p3_main.o (.data.g_PB1_pressed)
                  20200805    00000001     lab9p3_main.o (.data.g_PB2_pressed)
                  20200806    00000001     lcd1602.o (.data.g_lcd_backlight_mode)

.sysmem    0    20200000    00000800     UNINITIALIZED
                  20200000    00000010     libc.a : memory.c.obj (.sysmem)
                  20200010    000007f0     --HOLE--

.stack     0    20207e00    00000200     UNINITIALIZED
                  20207e00    00000004     libc.a : boot_cortex_m.c.obj (.stack)
                  20207e04    000001fc     --HOLE--

__llvm_prf_cnts 
*          0    20200000    00000000     UNINITIALIZED

__llvm_prf_bits 
*          0    20200000    00000000     UNINITIALIZED

MODULE SUMMARY

       Module                         code   ro data   rw data
       ------                         ----   -------   -------
    ./
       LaunchPad.o                    1224   228       0      
       lab9p3_main.o                  842    16        2      
       lcd1602.o                      694    0         1      
       clock.o                        428    0         4      
       adc.o                          316    0         0      
    +--+------------------------------+------+---------+---------+
       Total:                         3504   244       7      
                                                              
    ./ticlang/
       startup_mspm0g3507_ticlang.o   12     192       0      
    +--+------------------------------+------+---------+---------+
       Total:                         12     192       0      
                                                              
    /Applications/ti/ccstheia141/ccs/tools/compiler/ti-cgt-armllvm_3.2.1.LTS/lib/armv6m-ti-none-eabi/c/libc.a
       copy_decompress_lzss.c.obj     120    0         0      
       autoinit.c.obj                 60     0         0      
       boot_cortex_m.c.obj            40     0         0      
       copy_decompress_none.c.obj     18     0         0      
       memcpy16.S.obj                 18     0         0      
       exit.c.obj                     4      0         0      
       pre_init.c.obj                 4      0         0      
    +--+------------------------------+------+---------+---------+
       Total:                         264    0         0      
                                                              
    /Applications/ti/ccstheia141/ccs/tools/compiler/ti-cgt-armllvm_3.2.1.LTS/lib/clang/15.0.7/lib/armv6m-ti-none-eabi/libclang_rt.builtins.a
       aeabi_uidivmod.S.obj           64     0         0      
       aeabi_memcpy.S.obj             8      0         0      
       aeabi_div0.c.obj               2      0         0      
    +--+------------------------------+------+---------+---------+
       Total:                         74     0         0      
                                                              
       Heap:                          0      0         2048   
       Stack:                         0      0         512    
       Linker Generated:              0      27        0      
    +--+------------------------------+------+---------+---------+
       Grand Total:                   3854   463       2567   


LINKER GENERATED COPY TABLES

__TI_cinit_table @ 000010dc records: 1, size/record: 8, table size: 8
	.data: load addr=000010c8, load size=0000000b bytes, run addr=20200800, run size=00000007 bytes, compression=lzss


LINKER GENERATED HANDLER TABLE

__TI_handler_table @ 000010d4 records: 2, size/record: 4, table size: 8
	index: 0, handler: __TI_decompress_lzss
	index: 1, handler: __TI_decompress_none


GLOBAL SYMBOLS: SORTED ALPHABETICALLY BY Name 

address   name                          
-------   ----                          
00000fbd  ADC0_IRQHandler               
00000b0d  ADC0_in                       
00000339  ADC0_init                     
00000fbd  ADC1_IRQHandler               
00000fbd  AES_IRQHandler                
00000fcc  C$$EXIT                       
00000fbd  CANFD0_IRQHandler             
00000fbd  DAC0_IRQHandler               
00000fbd  DMA_IRQHandler                
00000fbd  Default_Handler               
00000fbd  GROUP0_IRQHandler             
00000909  GROUP1_IRQHandler             
00000fc1  HardFault_Handler             
00000fbd  I2C0_IRQHandler               
00000fbd  I2C1_IRQHandler               
00000661  I2C_init                      
00000875  I2C_send1                     
00000fbd  NMI_Handler                   
00000fbd  PendSV_Handler                
00000fbd  RTC_IRQHandler                
00000fc5  Reset_Handler                 
00000fbd  SPI0_IRQHandler               
00000fbd  SPI1_IRQHandler               
00000fbd  SVC_Handler                   
00000fbd  SysTick_Handler               
00000fbd  TIMA0_IRQHandler              
00000fbd  TIMA1_IRQHandler              
00000fbd  TIMG0_IRQHandler              
00000fbd  TIMG12_IRQHandler             
00000fbd  TIMG6_IRQHandler              
00000fbd  TIMG7_IRQHandler              
00000fbd  TIMG8_IRQHandler              
00000f61  TI_memcpy_small               
00000fbd  UART0_IRQHandler              
00000fbd  UART1_IRQHandler              
00000fbd  UART2_IRQHandler              
00000fbd  UART3_IRQHandler              
20208000  __STACK_END                   
00000200  __STACK_SIZE                  
00000800  __SYSMEM_SIZE                 
00000000  __TI_ATRegion0_region_sz      
00000000  __TI_ATRegion0_src_addr       
00000000  __TI_ATRegion0_trg_addr       
00000000  __TI_ATRegion1_region_sz      
00000000  __TI_ATRegion1_src_addr       
00000000  __TI_ATRegion1_trg_addr       
00000000  __TI_ATRegion2_region_sz      
00000000  __TI_ATRegion2_src_addr       
00000000  __TI_ATRegion2_trg_addr       
000010dc  __TI_CINIT_Base               
000010e4  __TI_CINIT_Limit              
000010e4  __TI_CINIT_Warm               
000010d4  __TI_Handler_Table_Base       
000010dc  __TI_Handler_Table_Limit      
00000cc1  __TI_auto_init_nobinit_nopinit
00000a95  __TI_decompress_lzss          
00000f73  __TI_decompress_none          
ffffffff  __TI_pprof_out_hndl           
ffffffff  __TI_prof_data_size           
ffffffff  __TI_prof_data_start          
00000000  __TI_static_base__            
00000bd7  __aeabi_idiv0                 
00000fb5  __aeabi_memcpy                
00000fb5  __aeabi_memcpy4               
00000fb5  __aeabi_memcpy8               
00000c81  __aeabi_uidiv                 
00000c81  __aeabi_uidivmod              
ffffffff  __binit__                     
UNDEFED   __mpu_init                    
20207e00  __stack                       
20200000  __start___llvm_prf_bits       
20200000  __start___llvm_prf_cnts       
20200000  __stop___llvm_prf_bits        
20200000  __stop___llvm_prf_cnts        
00000e91  _c_int00_noargs               
20200000  _sys_memory                   
UNDEFED   _system_post_cinit            
00000fc9  _system_pre_init              
00000fcd  abort                         
ffffffff  binit                         
00000f85  clock_delay                   
000000c1  clock_init_40mhz              
00000d69  config_pb1_interrupts         
00000d9d  config_pb2_interrupts         
0000106c  dip_switch_config_data        
00000c35  dipsw_init                    
00000a19  doublebyte_to_ascii           
00001030  enable_controls               
20200804  g_PB1_pressed                 
20200805  g_PB2_pressed                 
20200800  g_bus_clock_freq              
0000109c  iic_config_data               
00000000  interruptVectors              
00000cfd  launchpad_gpio_init           
000004dd  lcd1602_init                  
000005a1  lcd1602_write                 
00000fa5  lcd_clear                     
00000edd  lcd_set_ddram_addr            
00000efd  lcd_set_display_on            
00000f1d  lcd_write_char                
00000e65  lcd_write_doublebyte          
00000eb9  lcd_write_string              
00000fd0  led_config_data               
00000f35  led_enable                    
0000071d  led_init                      
0000040d  leds_off                      
00000b75  main                          
00000dd1  motor0_init                   
00000f95  motor0_pwm_enable             
000007c9  motor0_pwm_init               
00000f4d  motor0_set_pwm_count          
00000e05  msec_delay                    
00000229  run_lab9_part3                


GLOBAL SYMBOLS: SORTED BY Symbol Address 

address   name                          
-------   ----                          
00000000  __TI_ATRegion0_region_sz      
00000000  __TI_ATRegion0_src_addr       
00000000  __TI_ATRegion0_trg_addr       
00000000  __TI_ATRegion1_region_sz      
00000000  __TI_ATRegion1_src_addr       
00000000  __TI_ATRegion1_trg_addr       
00000000  __TI_ATRegion2_region_sz      
00000000  __TI_ATRegion2_src_addr       
00000000  __TI_ATRegion2_trg_addr       
00000000  __TI_static_base__            
00000000  interruptVectors              
000000c1  clock_init_40mhz              
00000200  __STACK_SIZE                  
00000229  run_lab9_part3                
00000339  ADC0_init                     
0000040d  leds_off                      
000004dd  lcd1602_init                  
000005a1  lcd1602_write                 
00000661  I2C_init                      
0000071d  led_init                      
000007c9  motor0_pwm_init               
00000800  __SYSMEM_SIZE                 
00000875  I2C_send1                     
00000909  GROUP1_IRQHandler             
00000a19  doublebyte_to_ascii           
00000a95  __TI_decompress_lzss          
00000b0d  ADC0_in                       
00000b75  main                          
00000bd7  __aeabi_idiv0                 
00000c35  dipsw_init                    
00000c81  __aeabi_uidiv                 
00000c81  __aeabi_uidivmod              
00000cc1  __TI_auto_init_nobinit_nopinit
00000cfd  launchpad_gpio_init           
00000d69  config_pb1_interrupts         
00000d9d  config_pb2_interrupts         
00000dd1  motor0_init                   
00000e05  msec_delay                    
00000e65  lcd_write_doublebyte          
00000e91  _c_int00_noargs               
00000eb9  lcd_write_string              
00000edd  lcd_set_ddram_addr            
00000efd  lcd_set_display_on            
00000f1d  lcd_write_char                
00000f35  led_enable                    
00000f4d  motor0_set_pwm_count          
00000f61  TI_memcpy_small               
00000f73  __TI_decompress_none          
00000f85  clock_delay                   
00000f95  motor0_pwm_enable             
00000fa5  lcd_clear                     
00000fb5  __aeabi_memcpy                
00000fb5  __aeabi_memcpy4               
00000fb5  __aeabi_memcpy8               
00000fbd  ADC0_IRQHandler               
00000fbd  ADC1_IRQHandler               
00000fbd  AES_IRQHandler                
00000fbd  CANFD0_IRQHandler             
00000fbd  DAC0_IRQHandler               
00000fbd  DMA_IRQHandler                
00000fbd  Default_Handler               
00000fbd  GROUP0_IRQHandler             
00000fbd  I2C0_IRQHandler               
00000fbd  I2C1_IRQHandler               
00000fbd  NMI_Handler                   
00000fbd  PendSV_Handler                
00000fbd  RTC_IRQHandler                
00000fbd  SPI0_IRQHandler               
00000fbd  SPI1_IRQHandler               
00000fbd  SVC_Handler                   
00000fbd  SysTick_Handler               
00000fbd  TIMA0_IRQHandler              
00000fbd  TIMA1_IRQHandler              
00000fbd  TIMG0_IRQHandler              
00000fbd  TIMG12_IRQHandler             
00000fbd  TIMG6_IRQHandler              
00000fbd  TIMG7_IRQHandler              
00000fbd  TIMG8_IRQHandler              
00000fbd  UART0_IRQHandler              
00000fbd  UART1_IRQHandler              
00000fbd  UART2_IRQHandler              
00000fbd  UART3_IRQHandler              
00000fc1  HardFault_Handler             
00000fc5  Reset_Handler                 
00000fc9  _system_pre_init              
00000fcc  C$$EXIT                       
00000fcd  abort                         
00000fd0  led_config_data               
00001030  enable_controls               
0000106c  dip_switch_config_data        
0000109c  iic_config_data               
000010d4  __TI_Handler_Table_Base       
000010dc  __TI_CINIT_Base               
000010dc  __TI_Handler_Table_Limit      
000010e4  __TI_CINIT_Limit              
000010e4  __TI_CINIT_Warm               
20200000  __start___llvm_prf_bits       
20200000  __start___llvm_prf_cnts       
20200000  __stop___llvm_prf_bits        
20200000  __stop___llvm_prf_cnts        
20200000  _sys_memory                   
20200800  g_bus_clock_freq              
20200804  g_PB1_pressed                 
20200805  g_PB2_pressed                 
20207e00  __stack                       
20208000  __STACK_END                   
ffffffff  __TI_pprof_out_hndl           
ffffffff  __TI_prof_data_size           
ffffffff  __TI_prof_data_start          
ffffffff  __binit__                     
ffffffff  binit                         
UNDEFED   __mpu_init                    
UNDEFED   _system_post_cinit            

[113 symbols]
