******************************************************************************
            TI ARM Clang Linker Unix v3.2.1                    
******************************************************************************
>> Linked Wed Apr  9 14:35:34 2025

OUTPUT FILE NAME:   <lab9_p2.out>
ENTRY POINT SYMBOL: "_c_int00_noargs"  address: 000020b9


MEMORY CONFIGURATION

         name            origin    length      used     unused   attr    fill
----------------------  --------  ---------  --------  --------  ----  --------
  FLASH                 00000000   00020000  00002380  0001dc80  R  X
  SRAM                  20200000   00008000  00000a0b  000075f5  RW X
  BCR_CONFIG            41c00000   00000080  00000000  00000080  R   
  BSL_CONFIG            41c00100   00000080  00000000  00000080  R   


SEGMENT ALLOCATION MAP

run origin  load origin   length   init length attrs members
----------  ----------- ---------- ----------- ----- -------
00000000    00000000    00002380   00002380    r-x
  00000000    00000000    000000c0   000000c0    r-- .intvecs
  000000c0    000000c0    00002190   00002190    r-x .text
  00002250    00002250    00000110   00000110    r-- .rodata
  00002360    00002360    00000020   00000020    r-- .cinit
20200000    20200000    0000080b   00000000    rw-
  20200000    20200000    00000800   00000000    rw- .sysmem
  20200800    20200800    0000000b   00000000    rw- .data
20207e00    20207e00    00000200   00000000    rw-
  20207e00    20207e00    00000200   00000000    rw- .stack


SECTION ALLOCATION MAP

 output                                  attributes/
section   page    origin      length       input sections
--------  ----  ----------  ----------   ----------------
.intvecs   0    00000000    000000c0     
                  00000000    000000c0     startup_mspm0g3507_ticlang.o (.intvecs)

.text      0    000000c0    00002190     
                  000000c0    000006ac     libc.a : e_powf.c.obj (.text.powf)
                  0000076c    00000192     libclang_rt.builtins.a : adddf3.S.obj (.text.adddf3_subdf3)
                  000008fe    00000002                            : aeabi_div0.c.obj (.text.__aeabi_idiv0)
                  00000900    00000190     lab9p2_main.o (.text.run_lab9_part2)
                  00000a90    00000168     clock.o (.text.clock_init_40mhz)
                  00000bf8    000000f0     adc.o (.text.thermistor_calc_temperature)
                  00000ce8    000000e4     libclang_rt.builtins.a : muldf3.S.obj (.text.__muldf3)
                  00000dcc    000000d8                            : addsf3.S.obj (.text)
                  00000ea4    000000d4     adc.o (.text.ADC0_init)
                  00000f78    000000d0     LaunchPad.o (.text.leds_off)
                  00001048    000000c4     lcd1602.o (.text.lcd1602_init)
                  0000110c    000000c0     lcd1602.o (.text.lcd1602_write)
                  000011cc    000000bc     LaunchPad.o (.text.I2C_init)
                  00001288    000000b4     LaunchPad.o (.text.led_off)
                  0000133c    000000b4     LaunchPad.o (.text.led_on)
                  000013f0    000000b0     libc.a : s_scalbnf.c.obj (.text.scalbnf)
                  000014a0    000000ac     LaunchPad.o (.text.led_init)
                  0000154c    000000ac     LaunchPad.o (.text.motor0_pwm_init)
                  000015f8    000000a8     libc.a : e_sqrtf.c.obj (.text.sqrtf)
                  000016a0    00000094     LaunchPad.o (.text.I2C_send1)
                  00001734    0000008c     lab9p2_main.o (.text.GROUP1_IRQHandler)
                  000017c0    0000008c     libclang_rt.builtins.a : mulsf3.S.obj (.text.__mulsf3)
                  0000184c    00000084     lab9p2_main.o (.text.__NVIC_SetPriority)
                  000018d0    00000082     libclang_rt.builtins.a : divsf3.S.obj (.text.__divsf3)
                  00001952    0000007c     lcd1602.o (.text.byte_to_ascii)
                  000019ce    0000007c     lcd1602.o (.text.doublebyte_to_ascii)
                  00001a4a    00000002     --HOLE-- [fill = 0]
                  00001a4c    00000078     libc.a : copy_decompress_lzss.c.obj (.text:decompress:lzss)
                  00001ac4    00000008            : aeabi_portable.c.obj (.text.__aeabi_errno_addr)
                  00001acc    00000004     startup_mspm0g3507_ticlang.o (.text.Default_Handler)
                  00001ad0    00000074     libclang_rt.builtins.a : truncdfsf2.S.obj (.text.__truncdfsf2)
                  00001b44    00000068     adc.o (.text.ADC0_in)
                  00001bac    00000062     libclang_rt.builtins.a : aeabi_fcmp.S.obj (.text.__aeabi_fcmp)
                  00001c0e    00000062     lab9p2_main.o (.text.main)
                  00001c70    0000005c     LaunchPad.o (.text.I2C_fill_tx_fifo)
                  00001ccc    0000004c     LaunchPad.o (.text.dipsw_init)
                  00001d18    00000040     libclang_rt.builtins.a : aeabi_uidivmod.S.obj (.text.__aeabi_uidivmod)
                  00001d58    00000040                            : extendsfdf2.S.obj (.text.__extendsfdf2)
                  00001d98    0000003c                            : floatsisf.S.obj (.text.__floatsisf)
                  00001dd4    0000003c                            : comparesf2.S.obj (.text.__gtsf2)
                  00001e10    0000003c     libc.a : autoinit.c.obj (.text:__TI_auto_init_nobinit_nopinit)
                  00001e4c    0000003a     libclang_rt.builtins.a : comparesf2.S.obj (.text.__eqsf2)
                  00001e86    00000002     --HOLE-- [fill = 0]
                  00001e88    0000003a                            : muldsi3.S.obj (.text.__muldsi3)
                  00001ec2    00000002     --HOLE-- [fill = 0]
                  00001ec4    00000038                            : fixsfsi.S.obj (.text.__fixsfsi)
                  00001efc    00000038     LaunchPad.o (.text.launchpad_gpio_init)
                  00001f34    00000034     lab9p2_main.o (.text.__NVIC_DisableIRQ)
                  00001f68    00000034     lab9p2_main.o (.text.config_pb1_interrupts)
                  00001f9c    00000034     lab9p2_main.o (.text.config_pb2_interrupts)
                  00001fd0    00000034     LaunchPad.o (.text.motor0_init)
                  00002004    00000034     clock.o (.text.msec_delay)
                  00002038    0000002c     lab9p2_main.o (.text.__NVIC_EnableIRQ)
                  00002064    0000002c     lcd1602.o (.text.lcd_write_doublebyte)
                  00002090    00000028     lcd1602.o (.text.lcd_write_byte)
                  000020b8    00000028     libc.a : boot_cortex_m.c.obj (.text:_c_int00_noargs)
                  000020e0    00000024     lcd1602.o (.text.lcd_write_string)
                  00002104    00000020     lcd1602.o (.text.lcd_set_ddram_addr)
                  00002124    00000020     lcd1602.o (.text.lcd_set_display_on)
                  00002144    00000018     lcd1602.o (.text.lcd_write_char)
                  0000215c    00000018     LaunchPad.o (.text.led_enable)
                  00002174    00000012     libc.a : memcpy16.S.obj (.text:TI_memcpy_small)
                  00002186    00000012            : copy_decompress_none.c.obj (.text:decompress:none)
                  00002198    00000010     clock.o (.text.clock_delay)
                  000021a8    00000010     LaunchPad.o (.text.motor0_pwm_enable)
                  000021b8    0000000e     lcd1602.o (.text.lcd_clear)
                  000021c6    00000002     --HOLE-- [fill = 0]
                  000021c8    00000008     libclang_rt.builtins.a : aeabi_memcpy.S.obj (.text.__aeabi_memcpy)
                  000021d0    00000006     libc.a : e_powf.c.obj (.text.OUTLINED_FUNCTION_1)
                  000021d6    00000002     --HOLE-- [fill = 0]
                  000021d8    00000010     libclang_rt.builtins.a : addsf3.S.obj (.tramp.__aeabi_fsub.1)
                  000021e8    00000006     libc.a : e_powf.c.obj (.text.OUTLINED_FUNCTION_2)
                  000021ee    00000002     --HOLE-- [fill = 0]
                  000021f0    00000010     libclang_rt.builtins.a : mulsf3.S.obj (.tramp.__aeabi_fmul.1)
                  00002200    00000006     libc.a : e_powf.c.obj (.text.OUTLINED_FUNCTION_6)
                  00002206    00000004     startup_mspm0g3507_ticlang.o (.text.HardFault_Handler)
                  0000220a    00000004     libc.a : e_powf.c.obj (.text.OUTLINED_FUNCTION_0)
                  0000220e    00000004            : e_powf.c.obj (.text.OUTLINED_FUNCTION_10)
                  00002212    00000004            : e_powf.c.obj (.text.OUTLINED_FUNCTION_3)
                  00002216    00000004            : e_powf.c.obj (.text.OUTLINED_FUNCTION_4)
                  0000221a    00000002     --HOLE-- [fill = 0]
                  0000221c    00000010     libclang_rt.builtins.a : addsf3.S.obj (.tramp.__aeabi_fadd.1)
                  0000222c    00000004     libc.a : e_powf.c.obj (.text.OUTLINED_FUNCTION_5)
                  00002230    00000004            : e_powf.c.obj (.text.OUTLINED_FUNCTION_7)
                  00002234    00000004            : e_powf.c.obj (.text.OUTLINED_FUNCTION_8)
                  00002238    00000004            : e_powf.c.obj (.text.OUTLINED_FUNCTION_9)
                  0000223c    00000004     startup_mspm0g3507_ticlang.o (.text.Reset_Handler)
                  00002240    00000004     libc.a : pre_init.c.obj (.text._system_pre_init)
                  00002244    00000004            : exit.c.obj (.text:abort)
                  00002248    00000008     --HOLE-- [fill = 0]

.cinit     0    00002360    00000020     
                  00002360    0000000c     (.cinit..data.load) [load image, compression = lzss]
                  0000236c    00000008     (__TI_handler_table)
                  00002374    00000008     (__TI_cinit_table)
                  0000237c    00000004     --HOLE-- [fill = 0]

.rodata    0    00002250    00000110     
                  00002250    00000060     LaunchPad.o (.rodata.led_config_data)
                  000022b0    0000003c     LaunchPad.o (.rodata.enable_controls)
                  000022ec    00000030     LaunchPad.o (.rodata.dip_switch_config_data)
                  0000231c    00000018     libc.a : e_powf.c.obj (.rodata.cst8)
                  00002334    00000018     LaunchPad.o (.rodata.iic_config_data)
                  0000234c    00000010     lab9p2_main.o (.rodata.str1.176657854643482872601)
                  0000235c    00000004     --HOLE-- [fill = 0]

.init_array 
*          0    00000000    00000000     UNINITIALIZED

.binit     0    00000000    00000000     

.data      0    20200800    0000000b     UNINITIALIZED
                  20200800    00000004     libc.a : aeabi_portable.c.obj (.data.__aeabi_errno)
                  20200804    00000004     clock.o (.data.g_bus_clock_freq)
                  20200808    00000001     lab9p2_main.o (.data.g_PB1_pressed)
                  20200809    00000001     lab9p2_main.o (.data.g_PB2_pressed)
                  2020080a    00000001     lcd1602.o (.data.g_lcd_backlight_mode)

.sysmem    0    20200000    00000800     UNINITIALIZED
                  20200000    00000010     libc.a : memory.c.obj (.sysmem)
                  20200010    000007f0     --HOLE--

.stack     0    20207e00    00000200     UNINITIALIZED
                  20207e00    00000004     libc.a : boot_cortex_m.c.obj (.stack)
                  20207e04    000001fc     --HOLE--

__llvm_prf_cnts 
*          0    20200000    00000000     UNINITIALIZED

__llvm_prf_bits 
*          0    20200000    00000000     UNINITIALIZED

MODULE SUMMARY

       Module                         code   ro data   rw data
       ------                         ----   -------   -------
    ./
       LaunchPad.o                    1564   228       0      
       lab9p2_main.o                  970    16        2      
       lcd1602.o                      858    0         1      
       adc.o                          556    0         0      
       clock.o                        428    0         4      
    +--+------------------------------+------+---------+---------+
       Total:                         4376   244       7      
                                                              
    ./ticlang/
       startup_mspm0g3507_ticlang.o   12     192       0      
    +--+------------------------------+------+---------+---------+
       Total:                         12     192       0      
                                                              
    /Applications/ti/ccstheia141/ccs/tools/compiler/ti-cgt-armllvm_3.2.1.LTS/lib/armv6m-ti-none-eabi/c/libc.a
       e_powf.c.obj                   1758   24        0      
       s_scalbnf.c.obj                176    0         0      
       e_sqrtf.c.obj                  168    0         0      
       copy_decompress_lzss.c.obj     120    0         0      
       autoinit.c.obj                 60     0         0      
       boot_cortex_m.c.obj            40     0         0      
       copy_decompress_none.c.obj     18     0         0      
       memcpy16.S.obj                 18     0         0      
       aeabi_portable.c.obj           8      0         4      
       exit.c.obj                     4      0         0      
       pre_init.c.obj                 4      0         0      
    +--+------------------------------+------+---------+---------+
       Total:                         2374   24        4      
                                                              
    /Applications/ti/ccstheia141/ccs/tools/compiler/ti-cgt-armllvm_3.2.1.LTS/lib/clang/15.0.7/lib/armv6m-ti-none-eabi/libclang_rt.builtins.a
       adddf3.S.obj                   402    0         0      
       addsf3.S.obj                   248    0         0      
       muldf3.S.obj                   228    0         0      
       mulsf3.S.obj                   156    0         0      
       divsf3.S.obj                   130    0         0      
       comparesf2.S.obj               118    0         0      
       truncdfsf2.S.obj               116    0         0      
       aeabi_fcmp.S.obj               98     0         0      
       aeabi_uidivmod.S.obj           64     0         0      
       extendsfdf2.S.obj              64     0         0      
       floatsisf.S.obj                60     0         0      
       muldsi3.S.obj                  58     0         0      
       fixsfsi.S.obj                  56     0         0      
       aeabi_memcpy.S.obj             8      0         0      
       aeabi_div0.c.obj               2      0         0      
    +--+------------------------------+------+---------+---------+
       Total:                         1808   0         0      
                                                              
       Heap:                          0      0         2048   
       Stack:                         0      0         512    
       Linker Generated:              0      28        0      
    +--+------------------------------+------+---------+---------+
       Grand Total:                   8570   488       2571   


LINKER GENERATED COPY TABLES

__TI_cinit_table @ 00002374 records: 1, size/record: 8, table size: 8
	.data: load addr=00002360, load size=0000000c bytes, run addr=20200800, run size=0000000b bytes, compression=lzss


LINKER GENERATED HANDLER TABLE

__TI_handler_table @ 0000236c records: 2, size/record: 4, table size: 8
	index: 0, handler: __TI_decompress_lzss
	index: 1, handler: __TI_decompress_none


FAR CALL TRAMPOLINES

callee name               trampoline name
   callee addr  tramp addr   call addr  call info
--------------  -----------  ---------  ----------------
__aeabi_fsub              $Tramp$TT$L$PI$$__aeabi_fsub
   00000dcd     000021d8     000021d4   libc.a : e_powf.c.obj (.text.OUTLINED_FUNCTION_1)
                             00002204          : e_powf.c.obj (.text.OUTLINED_FUNCTION_6)
                             00002214          : e_powf.c.obj (.text.OUTLINED_FUNCTION_3)
__aeabi_fmul              $Tramp$TT$L$PI$$__aeabi_fmul
   000017c1     000021f0     000021ec   libc.a : e_powf.c.obj (.text.OUTLINED_FUNCTION_2)
                             0000220c          : e_powf.c.obj (.text.OUTLINED_FUNCTION_0)
                             00002210          : e_powf.c.obj (.text.OUTLINED_FUNCTION_10)
                             00002236          : e_powf.c.obj (.text.OUTLINED_FUNCTION_8)
__aeabi_fadd              $Tramp$TT$L$PI$$__aeabi_fadd
   00000dd7     0000221c     00002218   libc.a : e_powf.c.obj (.text.OUTLINED_FUNCTION_4)
                             0000222e          : e_powf.c.obj (.text.OUTLINED_FUNCTION_5)
                             00002232          : e_powf.c.obj (.text.OUTLINED_FUNCTION_7)
                             0000223a          : e_powf.c.obj (.text.OUTLINED_FUNCTION_9)

[3 trampolines]
[11 trampoline calls]


GLOBAL SYMBOLS: SORTED ALPHABETICALLY BY Name 

address   name                          
-------   ----                          
00001acd  ADC0_IRQHandler               
00001b45  ADC0_in                       
00000ea5  ADC0_init                     
00001acd  ADC1_IRQHandler               
00001acd  AES_IRQHandler                
00002244  C$$EXIT                       
00001acd  CANFD0_IRQHandler             
00001acd  DAC0_IRQHandler               
00001acd  DMA_IRQHandler                
00001acd  Default_Handler               
00001acd  GROUP0_IRQHandler             
00001735  GROUP1_IRQHandler             
00002207  HardFault_Handler             
00001acd  I2C0_IRQHandler               
00001acd  I2C1_IRQHandler               
000011cd  I2C_init                      
000016a1  I2C_send1                     
00001acd  NMI_Handler                   
00001acd  PendSV_Handler                
00001acd  RTC_IRQHandler                
0000223d  Reset_Handler                 
00001acd  SPI0_IRQHandler               
00001acd  SPI1_IRQHandler               
00001acd  SVC_Handler                   
00001acd  SysTick_Handler               
00001acd  TIMA0_IRQHandler              
00001acd  TIMA1_IRQHandler              
00001acd  TIMG0_IRQHandler              
00001acd  TIMG12_IRQHandler             
00001acd  TIMG6_IRQHandler              
00001acd  TIMG7_IRQHandler              
00001acd  TIMG8_IRQHandler              
00002175  TI_memcpy_small               
00001acd  UART0_IRQHandler              
00001acd  UART1_IRQHandler              
00001acd  UART2_IRQHandler              
00001acd  UART3_IRQHandler              
20208000  __STACK_END                   
00000200  __STACK_SIZE                  
00000800  __SYSMEM_SIZE                 
00000000  __TI_ATRegion0_region_sz      
00000000  __TI_ATRegion0_src_addr       
00000000  __TI_ATRegion0_trg_addr       
00000000  __TI_ATRegion1_region_sz      
00000000  __TI_ATRegion1_src_addr       
00000000  __TI_ATRegion1_trg_addr       
00000000  __TI_ATRegion2_region_sz      
00000000  __TI_ATRegion2_src_addr       
00000000  __TI_ATRegion2_trg_addr       
00002374  __TI_CINIT_Base               
0000237c  __TI_CINIT_Limit              
0000237c  __TI_CINIT_Warm               
0000236c  __TI_Handler_Table_Base       
00002374  __TI_Handler_Table_Limit      
00001e11  __TI_auto_init_nobinit_nopinit
00001a4d  __TI_decompress_lzss          
00002187  __TI_decompress_none          
ffffffff  __TI_pprof_out_hndl           
ffffffff  __TI_prof_data_size           
ffffffff  __TI_prof_data_start          
00000000  __TI_static_base__            
00000777  __adddf3                      
00000dd7  __addsf3                      
00001ad1  __aeabi_d2f                   
00000777  __aeabi_dadd                  
00000ce9  __aeabi_dmul                  
0000076d  __aeabi_dsub                  
20200800  __aeabi_errno                 
00001ac5  __aeabi_errno_addr            
00001d59  __aeabi_f2d                   
00001ec5  __aeabi_f2iz                  
00000dd7  __aeabi_fadd                  
00001bad  __aeabi_fcmpeq                
00001be9  __aeabi_fcmpge                
00001bfd  __aeabi_fcmpgt                
00001bd5  __aeabi_fcmple                
00001bc1  __aeabi_fcmplt                
000018d1  __aeabi_fdiv                  
000017c1  __aeabi_fmul                  
00000dcd  __aeabi_fsub                  
00001d99  __aeabi_i2f                   
000008ff  __aeabi_idiv0                 
000021c9  __aeabi_memcpy                
000021c9  __aeabi_memcpy4               
000021c9  __aeabi_memcpy8               
00001d19  __aeabi_uidiv                 
00001d19  __aeabi_uidivmod              
ffffffff  __binit__                     
00001e4d  __cmpsf2                      
000018d1  __divsf3                      
00001e4d  __eqsf2                       
00001d59  __extendsfdf2                 
00001ec5  __fixsfsi                     
00001d99  __floatsisf                   
00001dd5  __gesf2                       
00001dd5  __gtsf2                       
00001e4d  __lesf2                       
00001e4d  __ltsf2                       
UNDEFED   __mpu_init                    
00000ce9  __muldf3                      
00001e89  __muldsi3                     
000017c1  __mulsf3                      
00001e4d  __nesf2                       
20207e00  __stack                       
20200000  __start___llvm_prf_bits       
20200000  __start___llvm_prf_cnts       
20200000  __stop___llvm_prf_bits        
20200000  __stop___llvm_prf_cnts        
0000076d  __subdf3                      
00000dcd  __subsf3                      
00001ad1  __truncdfsf2                  
000020b9  _c_int00_noargs               
20200000  _sys_memory                   
UNDEFED   _system_post_cinit            
00002241  _system_pre_init              
00002245  abort                         
ffffffff  binit                         
00001953  byte_to_ascii                 
00002199  clock_delay                   
00000a91  clock_init_40mhz              
00001f69  config_pb1_interrupts         
00001f9d  config_pb2_interrupts         
000022ec  dip_switch_config_data        
00001ccd  dipsw_init                    
000019cf  doublebyte_to_ascii           
000022b0  enable_controls               
20200808  g_PB1_pressed                 
20200809  g_PB2_pressed                 
20200804  g_bus_clock_freq              
00002334  iic_config_data               
00000000  interruptVectors              
00001efd  launchpad_gpio_init           
00001049  lcd1602_init                  
0000110d  lcd1602_write                 
000021b9  lcd_clear                     
00002105  lcd_set_ddram_addr            
00002125  lcd_set_display_on            
00002091  lcd_write_byte                
00002145  lcd_write_char                
00002065  lcd_write_doublebyte          
000020e1  lcd_write_string              
000013f1  ldexpf                        
00002250  led_config_data               
0000215d  led_enable                    
000014a1  led_init                      
00001289  led_off                       
0000133d  led_on                        
00000f79  leds_off                      
00001c0f  main                          
00001fd1  motor0_init                   
000021a9  motor0_pwm_enable             
0000154d  motor0_pwm_init               
00002005  msec_delay                    
000000c1  powf                          
00000901  run_lab9_part2                
000013f1  scalbnf                       
000015f9  sqrtf                         
00000bf9  thermistor_calc_temperature   


GLOBAL SYMBOLS: SORTED BY Symbol Address 

address   name                          
-------   ----                          
00000000  __TI_ATRegion0_region_sz      
00000000  __TI_ATRegion0_src_addr       
00000000  __TI_ATRegion0_trg_addr       
00000000  __TI_ATRegion1_region_sz      
00000000  __TI_ATRegion1_src_addr       
00000000  __TI_ATRegion1_trg_addr       
00000000  __TI_ATRegion2_region_sz      
00000000  __TI_ATRegion2_src_addr       
00000000  __TI_ATRegion2_trg_addr       
00000000  __TI_static_base__            
00000000  interruptVectors              
000000c1  powf                          
00000200  __STACK_SIZE                  
0000076d  __aeabi_dsub                  
0000076d  __subdf3                      
00000777  __adddf3                      
00000777  __aeabi_dadd                  
00000800  __SYSMEM_SIZE                 
000008ff  __aeabi_idiv0                 
00000901  run_lab9_part2                
00000a91  clock_init_40mhz              
00000bf9  thermistor_calc_temperature   
00000ce9  __aeabi_dmul                  
00000ce9  __muldf3                      
00000dcd  __aeabi_fsub                  
00000dcd  __subsf3                      
00000dd7  __addsf3                      
00000dd7  __aeabi_fadd                  
00000ea5  ADC0_init                     
00000f79  leds_off                      
00001049  lcd1602_init                  
0000110d  lcd1602_write                 
000011cd  I2C_init                      
00001289  led_off                       
0000133d  led_on                        
000013f1  ldexpf                        
000013f1  scalbnf                       
000014a1  led_init                      
0000154d  motor0_pwm_init               
000015f9  sqrtf                         
000016a1  I2C_send1                     
00001735  GROUP1_IRQHandler             
000017c1  __aeabi_fmul                  
000017c1  __mulsf3                      
000018d1  __aeabi_fdiv                  
000018d1  __divsf3                      
00001953  byte_to_ascii                 
000019cf  doublebyte_to_ascii           
00001a4d  __TI_decompress_lzss          
00001ac5  __aeabi_errno_addr            
00001acd  ADC0_IRQHandler               
00001acd  ADC1_IRQHandler               
00001acd  AES_IRQHandler                
00001acd  CANFD0_IRQHandler             
00001acd  DAC0_IRQHandler               
00001acd  DMA_IRQHandler                
00001acd  Default_Handler               
00001acd  GROUP0_IRQHandler             
00001acd  I2C0_IRQHandler               
00001acd  I2C1_IRQHandler               
00001acd  NMI_Handler                   
00001acd  PendSV_Handler                
00001acd  RTC_IRQHandler                
00001acd  SPI0_IRQHandler               
00001acd  SPI1_IRQHandler               
00001acd  SVC_Handler                   
00001acd  SysTick_Handler               
00001acd  TIMA0_IRQHandler              
00001acd  TIMA1_IRQHandler              
00001acd  TIMG0_IRQHandler              
00001acd  TIMG12_IRQHandler             
00001acd  TIMG6_IRQHandler              
00001acd  TIMG7_IRQHandler              
00001acd  TIMG8_IRQHandler              
00001acd  UART0_IRQHandler              
00001acd  UART1_IRQHandler              
00001acd  UART2_IRQHandler              
00001acd  UART3_IRQHandler              
00001ad1  __aeabi_d2f                   
00001ad1  __truncdfsf2                  
00001b45  ADC0_in                       
00001bad  __aeabi_fcmpeq                
00001bc1  __aeabi_fcmplt                
00001bd5  __aeabi_fcmple                
00001be9  __aeabi_fcmpge                
00001bfd  __aeabi_fcmpgt                
00001c0f  main                          
00001ccd  dipsw_init                    
00001d19  __aeabi_uidiv                 
00001d19  __aeabi_uidivmod              
00001d59  __aeabi_f2d                   
00001d59  __extendsfdf2                 
00001d99  __aeabi_i2f                   
00001d99  __floatsisf                   
00001dd5  __gesf2                       
00001dd5  __gtsf2                       
00001e11  __TI_auto_init_nobinit_nopinit
00001e4d  __cmpsf2                      
00001e4d  __eqsf2                       
00001e4d  __lesf2                       
00001e4d  __ltsf2                       
00001e4d  __nesf2                       
00001e89  __muldsi3                     
00001ec5  __aeabi_f2iz                  
00001ec5  __fixsfsi                     
00001efd  launchpad_gpio_init           
00001f69  config_pb1_interrupts         
00001f9d  config_pb2_interrupts         
00001fd1  motor0_init                   
00002005  msec_delay                    
00002065  lcd_write_doublebyte          
00002091  lcd_write_byte                
000020b9  _c_int00_noargs               
000020e1  lcd_write_string              
00002105  lcd_set_ddram_addr            
00002125  lcd_set_display_on            
00002145  lcd_write_char                
0000215d  led_enable                    
00002175  TI_memcpy_small               
00002187  __TI_decompress_none          
00002199  clock_delay                   
000021a9  motor0_pwm_enable             
000021b9  lcd_clear                     
000021c9  __aeabi_memcpy                
000021c9  __aeabi_memcpy4               
000021c9  __aeabi_memcpy8               
00002207  HardFault_Handler             
0000223d  Reset_Handler                 
00002241  _system_pre_init              
00002244  C$$EXIT                       
00002245  abort                         
00002250  led_config_data               
000022b0  enable_controls               
000022ec  dip_switch_config_data        
00002334  iic_config_data               
0000236c  __TI_Handler_Table_Base       
00002374  __TI_CINIT_Base               
00002374  __TI_Handler_Table_Limit      
0000237c  __TI_CINIT_Limit              
0000237c  __TI_CINIT_Warm               
20200000  __start___llvm_prf_bits       
20200000  __start___llvm_prf_cnts       
20200000  __stop___llvm_prf_bits        
20200000  __stop___llvm_prf_cnts        
20200000  _sys_memory                   
20200800  __aeabi_errno                 
20200804  g_bus_clock_freq              
20200808  g_PB1_pressed                 
20200809  g_PB2_pressed                 
20207e00  __stack                       
20208000  __STACK_END                   
ffffffff  __TI_pprof_out_hndl           
ffffffff  __TI_prof_data_size           
ffffffff  __TI_prof_data_start          
ffffffff  __binit__                     
ffffffff  binit                         
UNDEFED   __mpu_init                    
UNDEFED   _system_post_cinit            

[158 symbols]
