******************************************************************************
            TI ARM Clang Linker Unix v3.2.1                    
******************************************************************************
>> Linked Wed Apr  2 10:27:15 2025

OUTPUT FILE NAME:   <lab9_p1.out>
ENTRY POINT SYMBOL: "_c_int00_noargs"  address: 000012f9


MEMORY CONFIGURATION

         name            origin    length      used     unused   attr    fill
----------------------  --------  ---------  --------  --------  ----  --------
  FLASH                 00000000   00020000  000015d8  0001ea28  R  X
  SRAM                  20200000   00008000  00000a17  000075e9  RW X
  BCR_CONFIG            41c00000   00000080  00000000  00000080  R   
  BSL_CONFIG            41c00100   00000080  00000000  00000080  R   


SEGMENT ALLOCATION MAP

run origin  load origin   length   init length attrs members
----------  ----------- ---------- ----------- ----- -------
00000000    00000000    000015d8   000015d8    r-x
  00000000    00000000    000000c0   000000c0    r-- .intvecs
  000000c0    000000c0    00001388   00001388    r-x .text
  00001448    00001448    00000160   00000160    r-- .rodata
  000015a8    000015a8    00000030   00000030    r-- .cinit
20200000    20200000    00000817   00000000    rw-
  20200000    20200000    00000800   00000000    rw- .sysmem
  20200800    20200800    00000017   00000000    rw- .data
20207e00    20207e00    00000200   00000000    rw-
  20207e00    20207e00    00000200   00000000    rw- .stack


SECTION ALLOCATION MAP

 output                                  attributes/
section   page    origin      length       input sections
--------  ----  ----------  ----------   ----------------
.intvecs   0    00000000    000000c0     
                  00000000    000000c0     startup_mspm0g3507_ticlang.o (.intvecs)

.text      0    000000c0    00001388     
                  000000c0    00000168     clock.o (.text.clock_init_40mhz)
                  00000228    00000168     lab9p1_main.o (.text.run_lab9_part1)
                  00000390    000000dc     LaunchPad.o (.text.write_keycol_data)
                  0000046c    000000d4     adc.o (.text.ADC0_init)
                  00000540    000000d0     LaunchPad.o (.text.keypad_init)
                  00000610    000000d0     LaunchPad.o (.text.leds_off)
                  000006e0    000000c4     lcd1602.o (.text.lcd1602_init)
                  000007a4    000000c0     lcd1602.o (.text.lcd1602_write)
                  00000864    000000bc     LaunchPad.o (.text.I2C_init)
                  00000920    000000b4     LaunchPad.o (.text.led_off)
                  000009d4    000000b4     LaunchPad.o (.text.led_on)
                  00000a88    000000ac     LaunchPad.o (.text.led_init)
                  00000b34    000000ac     LaunchPad.o (.text.motor0_pwm_init)
                  00000be0    000000ac     LaunchPad.o (.text.read_keyrow_data)
                  00000c8c    00000094     LaunchPad.o (.text.I2C_send1)
                  00000d20    0000008c     lab9p1_main.o (.text.GROUP1_IRQHandler)
                  00000dac    00000088     LaunchPad.o (.text.keypad_scan)
                  00000e34    00000084     lab9p1_main.o (.text.__NVIC_SetPriority)
                  00000eb8    0000007c     lcd1602.o (.text.doublebyte_to_ascii)
                  00000f34    00000078     libc.a : copy_decompress_lzss.c.obj (.text:decompress:lzss)
                  00000fac    00000066     lab9p1_main.o (.text.main)
                  00001012    00000002     libclang_rt.builtins.a : aeabi_div0.c.obj (.text.__aeabi_idiv0)
                  00001014    0000005c     LaunchPad.o (.text.I2C_fill_tx_fifo)
                  00001070    0000004c     LaunchPad.o (.text.dipsw_init)
                  000010bc    00000040     libclang_rt.builtins.a : aeabi_uidivmod.S.obj (.text.__aeabi_uidivmod)
                  000010fc    0000003c     libc.a : autoinit.c.obj (.text:__TI_auto_init_nobinit_nopinit)
                  00001138    00000038     LaunchPad.o (.text.launchpad_gpio_init)
                  00001170    00000034     lab9p1_main.o (.text.__NVIC_DisableIRQ)
                  000011a4    00000034     lab9p1_main.o (.text.config_pb1_interrupts)
                  000011d8    00000034     lab9p1_main.o (.text.config_pb2_interrupts)
                  0000120c    00000034     LaunchPad.o (.text.motor0_init)
                  00001240    00000034     clock.o (.text.msec_delay)
                  00001274    0000002c     lab9p1_main.o (.text.__NVIC_EnableIRQ)
                  000012a0    0000002c     lcd1602.o (.text.lcd_write_doublebyte)
                  000012cc    0000002c     LaunchPad.o (.text.motor0_set_pwm_dc)
                  000012f8    00000028     libc.a : boot_cortex_m.c.obj (.text:_c_int00_noargs)
                  00001320    00000024     lcd1602.o (.text.lcd_write_string)
                  00001344    00000020     lcd1602.o (.text.lcd_set_ddram_addr)
                  00001364    00000020     lcd1602.o (.text.lcd_set_display_on)
                  00001384    0000001e     LaunchPad.o (.text.wait_no_key_pressed)
                  000013a2    00000018     lcd1602.o (.text.lcd_write_char)
                  000013ba    00000002     --HOLE-- [fill = 0]
                  000013bc    00000018     LaunchPad.o (.text.led_enable)
                  000013d4    00000012     libc.a : memcpy16.S.obj (.text:TI_memcpy_small)
                  000013e6    00000012            : copy_decompress_none.c.obj (.text:decompress:none)
                  000013f8    00000010     clock.o (.text.clock_delay)
                  00001408    00000010     LaunchPad.o (.text.motor0_pwm_enable)
                  00001418    0000000e     lcd1602.o (.text.lcd_clear)
                  00001426    00000002     --HOLE-- [fill = 0]
                  00001428    00000008     libclang_rt.builtins.a : aeabi_memcpy.S.obj (.text.__aeabi_memcpy)
                  00001430    00000004     startup_mspm0g3507_ticlang.o (.text.Default_Handler)
                  00001434    00000004     startup_mspm0g3507_ticlang.o (.text.HardFault_Handler)
                  00001438    00000004     startup_mspm0g3507_ticlang.o (.text.Reset_Handler)
                  0000143c    00000004     libc.a : pre_init.c.obj (.text._system_pre_init)
                  00001440    00000004            : exit.c.obj (.text:abort)
                  00001444    00000004     --HOLE-- [fill = 0]

.cinit     0    000015a8    00000030     
                  000015a8    0000001d     (.cinit..data.load) [load image, compression = lzss]
                  000015c5    00000003     --HOLE-- [fill = 0]
                  000015c8    00000008     (__TI_handler_table)
                  000015d0    00000008     (__TI_cinit_table)

.rodata    0    00001448    00000160     
                  00001448    00000060     LaunchPad.o (.rodata.led_config_data)
                  000014a8    0000003c     LaunchPad.o (.rodata.enable_controls)
                  000014e4    00000030     LaunchPad.o (.rodata.dip_switch_config_data)
                  00001514    00000030     LaunchPad.o (.rodata.kp_col_config_data)
                  00001544    00000030     LaunchPad.o (.rodata.kp_row_config_data)
                  00001574    00000018     LaunchPad.o (.rodata.iic_config_data)
                  0000158c    00000010     lab9p1_main.o (.rodata.str1.145207101029822766511)
                  0000159c    0000000c     lab9p1_main.o (.rodata.str1.84502141166503941211)

.init_array 
*          0    00000000    00000000     UNINITIALIZED

.binit     0    00000000    00000000     

.data      0    20200800    00000017     UNINITIALIZED
                  20200800    00000010     LaunchPad.o (.data.keycodes)
                  20200810    00000004     clock.o (.data.g_bus_clock_freq)
                  20200814    00000001     lab9p1_main.o (.data.g_PB1_pressed)
                  20200815    00000001     lab9p1_main.o (.data.g_PB2_pressed)
                  20200816    00000001     lcd1602.o (.data.g_lcd_backlight_mode)

.sysmem    0    20200000    00000800     UNINITIALIZED
                  20200000    00000010     libc.a : memory.c.obj (.sysmem)
                  20200010    000007f0     --HOLE--

.stack     0    20207e00    00000200     UNINITIALIZED
                  20207e00    00000004     libc.a : boot_cortex_m.c.obj (.stack)
                  20207e04    000001fc     --HOLE--

__llvm_prf_cnts 
*          0    20200000    00000000     UNINITIALIZED

__llvm_prf_bits 
*          0    20200000    00000000     UNINITIALIZED

MODULE SUMMARY

       Module                         code   ro data   rw data
       ------                         ----   -------   -------
    ./
       LaunchPad.o                    2374   324       16     
       lab9p1_main.o                  934    28        2      
       lcd1602.o                      694    0         1      
       clock.o                        428    0         4      
       adc.o                          212    0         0      
    +--+------------------------------+------+---------+---------+
       Total:                         4642   352       23     
                                                              
    ./ticlang/
       startup_mspm0g3507_ticlang.o   12     192       0      
    +--+------------------------------+------+---------+---------+
       Total:                         12     192       0      
                                                              
    /Applications/ti/ccstheia141/ccs/tools/compiler/ti-cgt-armllvm_3.2.1.LTS/lib/armv6m-ti-none-eabi/c/libc.a
       copy_decompress_lzss.c.obj     120    0         0      
       autoinit.c.obj                 60     0         0      
       boot_cortex_m.c.obj            40     0         0      
       copy_decompress_none.c.obj     18     0         0      
       memcpy16.S.obj                 18     0         0      
       exit.c.obj                     4      0         0      
       pre_init.c.obj                 4      0         0      
    +--+------------------------------+------+---------+---------+
       Total:                         264    0         0      
                                                              
    /Applications/ti/ccstheia141/ccs/tools/compiler/ti-cgt-armllvm_3.2.1.LTS/lib/clang/15.0.7/lib/armv6m-ti-none-eabi/libclang_rt.builtins.a
       aeabi_uidivmod.S.obj           64     0         0      
       aeabi_memcpy.S.obj             8      0         0      
       aeabi_div0.c.obj               2      0         0      
    +--+------------------------------+------+---------+---------+
       Total:                         74     0         0      
                                                              
       Heap:                          0      0         2048   
       Stack:                         0      0         512    
       Linker Generated:              0      45        0      
    +--+------------------------------+------+---------+---------+
       Grand Total:                   4992   589       2583   


LINKER GENERATED COPY TABLES

__TI_cinit_table @ 000015d0 records: 1, size/record: 8, table size: 8
	.data: load addr=000015a8, load size=0000001d bytes, run addr=20200800, run size=00000017 bytes, compression=lzss


LINKER GENERATED HANDLER TABLE

__TI_handler_table @ 000015c8 records: 2, size/record: 4, table size: 8
	index: 0, handler: __TI_decompress_lzss
	index: 1, handler: __TI_decompress_none


GLOBAL SYMBOLS: SORTED ALPHABETICALLY BY Name 

address   name                          
-------   ----                          
00001431  ADC0_IRQHandler               
0000046d  ADC0_init                     
00001431  ADC1_IRQHandler               
00001431  AES_IRQHandler                
00001440  C$$EXIT                       
00001431  CANFD0_IRQHandler             
00001431  DAC0_IRQHandler               
00001431  DMA_IRQHandler                
00001431  Default_Handler               
00001431  GROUP0_IRQHandler             
00000d21  GROUP1_IRQHandler             
00001435  HardFault_Handler             
00001431  I2C0_IRQHandler               
00001431  I2C1_IRQHandler               
00000865  I2C_init                      
00000c8d  I2C_send1                     
00001431  NMI_Handler                   
00001431  PendSV_Handler                
00001431  RTC_IRQHandler                
00001439  Reset_Handler                 
00001431  SPI0_IRQHandler               
00001431  SPI1_IRQHandler               
00001431  SVC_Handler                   
00001431  SysTick_Handler               
00001431  TIMA0_IRQHandler              
00001431  TIMA1_IRQHandler              
00001431  TIMG0_IRQHandler              
00001431  TIMG12_IRQHandler             
00001431  TIMG6_IRQHandler              
00001431  TIMG7_IRQHandler              
00001431  TIMG8_IRQHandler              
000013d5  TI_memcpy_small               
00001431  UART0_IRQHandler              
00001431  UART1_IRQHandler              
00001431  UART2_IRQHandler              
00001431  UART3_IRQHandler              
20208000  __STACK_END                   
00000200  __STACK_SIZE                  
00000800  __SYSMEM_SIZE                 
00000000  __TI_ATRegion0_region_sz      
00000000  __TI_ATRegion0_src_addr       
00000000  __TI_ATRegion0_trg_addr       
00000000  __TI_ATRegion1_region_sz      
00000000  __TI_ATRegion1_src_addr       
00000000  __TI_ATRegion1_trg_addr       
00000000  __TI_ATRegion2_region_sz      
00000000  __TI_ATRegion2_src_addr       
00000000  __TI_ATRegion2_trg_addr       
000015d0  __TI_CINIT_Base               
000015d8  __TI_CINIT_Limit              
000015d8  __TI_CINIT_Warm               
000015c8  __TI_Handler_Table_Base       
000015d0  __TI_Handler_Table_Limit      
000010fd  __TI_auto_init_nobinit_nopinit
00000f35  __TI_decompress_lzss          
000013e7  __TI_decompress_none          
ffffffff  __TI_pprof_out_hndl           
ffffffff  __TI_prof_data_size           
ffffffff  __TI_prof_data_start          
00000000  __TI_static_base__            
00001013  __aeabi_idiv0                 
00001429  __aeabi_memcpy                
00001429  __aeabi_memcpy4               
00001429  __aeabi_memcpy8               
000010bd  __aeabi_uidiv                 
000010bd  __aeabi_uidivmod              
ffffffff  __binit__                     
UNDEFED   __mpu_init                    
20207e00  __stack                       
20200000  __start___llvm_prf_bits       
20200000  __start___llvm_prf_cnts       
20200000  __stop___llvm_prf_bits        
20200000  __stop___llvm_prf_cnts        
000012f9  _c_int00_noargs               
20200000  _sys_memory                   
UNDEFED   _system_post_cinit            
0000143d  _system_pre_init              
00001441  abort                         
ffffffff  binit                         
000013f9  clock_delay                   
000000c1  clock_init_40mhz              
000011a5  config_pb1_interrupts         
000011d9  config_pb2_interrupts         
000014e4  dip_switch_config_data        
00001071  dipsw_init                    
00000eb9  doublebyte_to_ascii           
000014a8  enable_controls               
20200814  g_PB1_pressed                 
20200815  g_PB2_pressed                 
20200810  g_bus_clock_freq              
00001574  iic_config_data               
00000000  interruptVectors              
20200800  keycodes                      
00000541  keypad_init                   
00000dad  keypad_scan                   
00001514  kp_col_config_data            
00001544  kp_row_config_data            
00001139  launchpad_gpio_init           
000006e1  lcd1602_init                  
000007a5  lcd1602_write                 
00001419  lcd_clear                     
00001345  lcd_set_ddram_addr            
00001365  lcd_set_display_on            
000013a3  lcd_write_char                
000012a1  lcd_write_doublebyte          
00001321  lcd_write_string              
00001448  led_config_data               
000013bd  led_enable                    
00000a89  led_init                      
00000921  led_off                       
000009d5  led_on                        
00000611  leds_off                      
00000fad  main                          
0000120d  motor0_init                   
00001409  motor0_pwm_enable             
00000b35  motor0_pwm_init               
000012cd  motor0_set_pwm_dc             
00001241  msec_delay                    
00000be1  read_keyrow_data              
00000229  run_lab9_part1                
00001385  wait_no_key_pressed           
00000391  write_keycol_data             


GLOBAL SYMBOLS: SORTED BY Symbol Address 

address   name                          
-------   ----                          
00000000  __TI_ATRegion0_region_sz      
00000000  __TI_ATRegion0_src_addr       
00000000  __TI_ATRegion0_trg_addr       
00000000  __TI_ATRegion1_region_sz      
00000000  __TI_ATRegion1_src_addr       
00000000  __TI_ATRegion1_trg_addr       
00000000  __TI_ATRegion2_region_sz      
00000000  __TI_ATRegion2_src_addr       
00000000  __TI_ATRegion2_trg_addr       
00000000  __TI_static_base__            
00000000  interruptVectors              
000000c1  clock_init_40mhz              
00000200  __STACK_SIZE                  
00000229  run_lab9_part1                
00000391  write_keycol_data             
0000046d  ADC0_init                     
00000541  keypad_init                   
00000611  leds_off                      
000006e1  lcd1602_init                  
000007a5  lcd1602_write                 
00000800  __SYSMEM_SIZE                 
00000865  I2C_init                      
00000921  led_off                       
000009d5  led_on                        
00000a89  led_init                      
00000b35  motor0_pwm_init               
00000be1  read_keyrow_data              
00000c8d  I2C_send1                     
00000d21  GROUP1_IRQHandler             
00000dad  keypad_scan                   
00000eb9  doublebyte_to_ascii           
00000f35  __TI_decompress_lzss          
00000fad  main                          
00001013  __aeabi_idiv0                 
00001071  dipsw_init                    
000010bd  __aeabi_uidiv                 
000010bd  __aeabi_uidivmod              
000010fd  __TI_auto_init_nobinit_nopinit
00001139  launchpad_gpio_init           
000011a5  config_pb1_interrupts         
000011d9  config_pb2_interrupts         
0000120d  motor0_init                   
00001241  msec_delay                    
000012a1  lcd_write_doublebyte          
000012cd  motor0_set_pwm_dc             
000012f9  _c_int00_noargs               
00001321  lcd_write_string              
00001345  lcd_set_ddram_addr            
00001365  lcd_set_display_on            
00001385  wait_no_key_pressed           
000013a3  lcd_write_char                
000013bd  led_enable                    
000013d5  TI_memcpy_small               
000013e7  __TI_decompress_none          
000013f9  clock_delay                   
00001409  motor0_pwm_enable             
00001419  lcd_clear                     
00001429  __aeabi_memcpy                
00001429  __aeabi_memcpy4               
00001429  __aeabi_memcpy8               
00001431  ADC0_IRQHandler               
00001431  ADC1_IRQHandler               
00001431  AES_IRQHandler                
00001431  CANFD0_IRQHandler             
00001431  DAC0_IRQHandler               
00001431  DMA_IRQHandler                
00001431  Default_Handler               
00001431  GROUP0_IRQHandler             
00001431  I2C0_IRQHandler               
00001431  I2C1_IRQHandler               
00001431  NMI_Handler                   
00001431  PendSV_Handler                
00001431  RTC_IRQHandler                
00001431  SPI0_IRQHandler               
00001431  SPI1_IRQHandler               
00001431  SVC_Handler                   
00001431  SysTick_Handler               
00001431  TIMA0_IRQHandler              
00001431  TIMA1_IRQHandler              
00001431  TIMG0_IRQHandler              
00001431  TIMG12_IRQHandler             
00001431  TIMG6_IRQHandler              
00001431  TIMG7_IRQHandler              
00001431  TIMG8_IRQHandler              
00001431  UART0_IRQHandler              
00001431  UART1_IRQHandler              
00001431  UART2_IRQHandler              
00001431  UART3_IRQHandler              
00001435  HardFault_Handler             
00001439  Reset_Handler                 
0000143d  _system_pre_init              
00001440  C$$EXIT                       
00001441  abort                         
00001448  led_config_data               
000014a8  enable_controls               
000014e4  dip_switch_config_data        
00001514  kp_col_config_data            
00001544  kp_row_config_data            
00001574  iic_config_data               
000015c8  __TI_Handler_Table_Base       
000015d0  __TI_CINIT_Base               
000015d0  __TI_Handler_Table_Limit      
000015d8  __TI_CINIT_Limit              
000015d8  __TI_CINIT_Warm               
20200000  __start___llvm_prf_bits       
20200000  __start___llvm_prf_cnts       
20200000  __stop___llvm_prf_bits        
20200000  __stop___llvm_prf_cnts        
20200000  _sys_memory                   
20200800  keycodes                      
20200810  g_bus_clock_freq              
20200814  g_PB1_pressed                 
20200815  g_PB2_pressed                 
20207e00  __stack                       
20208000  __STACK_END                   
ffffffff  __TI_pprof_out_hndl           
ffffffff  __TI_prof_data_size           
ffffffff  __TI_prof_data_start          
ffffffff  __binit__                     
ffffffff  binit                         
UNDEFED   __mpu_init                    
UNDEFED   _system_post_cinit            

[122 symbols]
