******************************************************************************
            TI ARM Clang Linker Unix v3.2.1                    
******************************************************************************
>> Linked Wed Apr  9 15:14:58 2025

OUTPUT FILE NAME:   <lab10_p2.out>
ENTRY POINT SYMBOL: "_c_int00_noargs"  address: 000020d9


MEMORY CONFIGURATION

         name            origin    length      used     unused   attr    fill
----------------------  --------  ---------  --------  --------  ----  --------
  FLASH                 00000000   00020000  00002568  0001da98  R  X
  SRAM                  20200000   00008000  00000a0a  000075f6  RW X
  BCR_CONFIG            41c00000   00000080  00000000  00000080  R   
  BSL_CONFIG            41c00100   00000080  00000000  00000080  R   


SEGMENT ALLOCATION MAP

run origin  load origin   length   init length attrs members
----------  ----------- ---------- ----------- ----- -------
00000000    00000000    00002568   00002568    r-x
  00000000    00000000    000000c0   000000c0    r-- .intvecs
  000000c0    000000c0    00002260   00002260    r-x .text
  00002320    00002320    00000228   00000228    r-- .rodata
  00002548    00002548    00000020   00000020    r-- .cinit
20200000    20200000    0000080a   00000000    rw-
  20200000    20200000    00000800   00000000    rw- .sysmem
  20200800    20200800    0000000a   00000000    rw- .data
20207e00    20207e00    00000200   00000000    rw-
  20207e00    20207e00    00000200   00000000    rw- .stack


SECTION ALLOCATION MAP

 output                                  attributes/
section   page    origin      length       input sections
--------  ----  ----------  ----------   ----------------
.intvecs   0    00000000    000000c0     
                  00000000    000000c0     startup_mspm0g3507_ticlang.o (.intvecs)

.text      0    000000c0    00002260     
                  000000c0    000006ac     libc.a : e_powf.c.obj (.text.powf)
                  0000076c    00000192     libclang_rt.builtins.a : adddf3.S.obj (.text.adddf3_subdf3)
                  000008fe    00000002                            : aeabi_div0.c.obj (.text.__aeabi_idiv0)
                  00000900    00000180     LaunchPad.o (.text.leds_on)
                  00000a80    00000168     clock.o (.text.clock_init_40mhz)
                  00000be8    0000012c     lab10p2_main.o (.text.run_lab10_part2)
                  00000d14    0000010c     LaunchPad.o (.text.seg7_init)
                  00000e20    000000f0     adc.o (.text.thermistor_calc_temperature)
                  00000f10    000000e4     libclang_rt.builtins.a : muldf3.S.obj (.text.__muldf3)
                  00000ff4    000000d8                            : addsf3.S.obj (.text)
                  000010cc    000000d4     adc.o (.text.ADC0_init)
                  000011a0    000000d4     uart.o (.text.UART_init)
                  00001274    000000d0     LaunchPad.o (.text.leds_off)
                  00001344    000000c4     lcd1602.o (.text.lcd1602_init)
                  00001408    000000c0     lcd1602.o (.text.lcd1602_write)
                  000014c8    000000bc     LaunchPad.o (.text.I2C_init)
                  00001584    000000b0     libc.a : s_scalbnf.c.obj (.text.scalbnf)
                  00001634    000000ac     LaunchPad.o (.text.led_init)
                  000016e0    000000a8     libc.a : e_sqrtf.c.obj (.text.sqrtf)
                  00001788    00000094     LaunchPad.o (.text.I2C_send1)
                  0000181c    0000008c     libclang_rt.builtins.a : mulsf3.S.obj (.text.__mulsf3)
                  000018a8    00000082                            : divsf3.S.obj (.text.__divsf3)
                  0000192a    0000007c     lcd1602.o (.text.doublebyte_to_ascii)
                  000019a6    00000002     --HOLE-- [fill = 0]
                  000019a8    00000078     libc.a : copy_decompress_lzss.c.obj (.text:decompress:lzss)
                  00001a20    00000074     libclang_rt.builtins.a : truncdfsf2.S.obj (.text.__truncdfsf2)
                  00001a94    00000074     LaunchPad.o (.text.seg7_off)
                  00001b08    00000068     adc.o (.text.ADC0_in)
                  00001b70    00000068     lab10p2_main.o (.text.display_temp)
                  00001bd8    00000062     libclang_rt.builtins.a : aeabi_fcmp.S.obj (.text.__aeabi_fcmp)
                  00001c3a    00000002     --HOLE-- [fill = 0]
                  00001c3c    0000005c     LaunchPad.o (.text.I2C_fill_tx_fifo)
                  00001c98    00000058     LaunchPad.o (.text.seg7_dig_enable)
                  00001cf0    00000042     libclang_rt.builtins.a : fixunsdfsi.S.obj (.text.__fixunsdfsi)
                  00001d32    00000002     --HOLE-- [fill = 0]
                  00001d34    00000040                            : aeabi_uidivmod.S.obj (.text.__aeabi_uidivmod)
                  00001d74    00000040                            : extendsfdf2.S.obj (.text.__extendsfdf2)
                  00001db4    00000040     lab10p2_main.o (.text.flash_leds)
                  00001df4    00000040     lab10p2_main.o (.text.inc_seg7)
                  00001e34    00000040     LaunchPad.o (.text.seg7_hex)
                  00001e74    0000003c     libclang_rt.builtins.a : floatsisf.S.obj (.text.__floatsisf)
                  00001eb0    0000003c                            : comparesf2.S.obj (.text.__gtsf2)
                  00001eec    0000003c     lab10p2_main.o (.text.main)
                  00001f28    0000003c     libc.a : autoinit.c.obj (.text:__TI_auto_init_nobinit_nopinit)
                  00001f64    0000003a     libclang_rt.builtins.a : comparesf2.S.obj (.text.__eqsf2)
                  00001f9e    00000002     --HOLE-- [fill = 0]
                  00001fa0    0000003a                            : muldsi3.S.obj (.text.__muldsi3)
                  00001fda    00000002     --HOLE-- [fill = 0]
                  00001fdc    00000038                            : fixsfsi.S.obj (.text.__fixsfsi)
                  00002014    00000038     LaunchPad.o (.text.launchpad_gpio_init)
                  0000204c    00000034     clock.o (.text.msec_delay)
                  00002080    0000002c     uart.o (.text.UART_out_char)
                  000020ac    0000002c     lcd1602.o (.text.lcd_write_doublebyte)
                  000020d8    00000028     libc.a : boot_cortex_m.c.obj (.text:_c_int00_noargs)
                  00002100    00000026     LaunchPad.o (.text.seg7_on)
                  00002126    00000002     --HOLE-- [fill = 0]
                  00002128    00000024     libclang_rt.builtins.a : floatunsidf.S.obj (.text.__floatunsidf)
                  0000214c    00000024     lcd1602.o (.text.lcd_write_string)
                  00002170    00000024     lab10p2_main.o (.text.uart_string_printf)
                  00002194    00000020     uart.o (.text.UART_in_char)
                  000021b4    00000020     lcd1602.o (.text.lcd_set_ddram_addr)
                  000021d4    00000020     lcd1602.o (.text.lcd_set_display_on)
                  000021f4    00000018     lcd1602.o (.text.lcd_write_char)
                  0000220c    00000018     LaunchPad.o (.text.led_disable)
                  00002224    00000018     LaunchPad.o (.text.led_enable)
                  0000223c    00000012     libc.a : memcpy16.S.obj (.text:TI_memcpy_small)
                  0000224e    00000012            : copy_decompress_none.c.obj (.text:decompress:none)
                  00002260    00000010     clock.o (.text.clock_delay)
                  00002270    0000000e     lcd1602.o (.text.lcd_clear)
                  0000227e    00000002     --HOLE-- [fill = 0]
                  00002280    0000000c     clock.o (.text.get_bus_clock_freq)
                  0000228c    00000008     libc.a : aeabi_portable.c.obj (.text.__aeabi_errno_addr)
                  00002294    00000008     libclang_rt.builtins.a : aeabi_memcpy.S.obj (.text.__aeabi_memcpy)
                  0000229c    00000006     libc.a : e_powf.c.obj (.text.OUTLINED_FUNCTION_1)
                  000022a2    00000002     --HOLE-- [fill = 0]
                  000022a4    00000010     libclang_rt.builtins.a : addsf3.S.obj (.tramp.__aeabi_fsub.1)
                  000022b4    00000006     libc.a : e_powf.c.obj (.text.OUTLINED_FUNCTION_2)
                  000022ba    00000002     --HOLE-- [fill = 0]
                  000022bc    00000010     libclang_rt.builtins.a : mulsf3.S.obj (.tramp.__aeabi_fmul.1)
                  000022cc    00000006     libc.a : e_powf.c.obj (.text.OUTLINED_FUNCTION_6)
                  000022d2    00000004     startup_mspm0g3507_ticlang.o (.text.Default_Handler)
                  000022d6    00000004     startup_mspm0g3507_ticlang.o (.text.HardFault_Handler)
                  000022da    00000004     libc.a : e_powf.c.obj (.text.OUTLINED_FUNCTION_0)
                  000022de    00000004            : e_powf.c.obj (.text.OUTLINED_FUNCTION_10)
                  000022e2    00000004            : e_powf.c.obj (.text.OUTLINED_FUNCTION_3)
                  000022e6    00000004            : e_powf.c.obj (.text.OUTLINED_FUNCTION_4)
                  000022ea    00000002     --HOLE-- [fill = 0]
                  000022ec    00000010     libclang_rt.builtins.a : addsf3.S.obj (.tramp.__aeabi_fadd.1)
                  000022fc    00000004     libc.a : e_powf.c.obj (.text.OUTLINED_FUNCTION_5)
                  00002300    00000004            : e_powf.c.obj (.text.OUTLINED_FUNCTION_7)
                  00002304    00000004            : e_powf.c.obj (.text.OUTLINED_FUNCTION_8)
                  00002308    00000004            : e_powf.c.obj (.text.OUTLINED_FUNCTION_9)
                  0000230c    00000004     startup_mspm0g3507_ticlang.o (.text.Reset_Handler)
                  00002310    00000004     libc.a : pre_init.c.obj (.text._system_pre_init)
                  00002314    00000004            : exit.c.obj (.text:abort)
                  00002318    00000008     --HOLE-- [fill = 0]

.cinit     0    00002548    00000020     
                  00002548    0000000c     (.cinit..data.load) [load image, compression = lzss]
                  00002554    00000008     (__TI_handler_table)
                  0000255c    00000008     (__TI_cinit_table)
                  00002564    00000004     --HOLE-- [fill = 0]

.rodata    0    00002320    00000228     
                  00002320    00000060     LaunchPad.o (.rodata.led_config_data)
                  00002380    0000003c     LaunchPad.o (.rodata.enable_controls)
                  000023bc    00000029     lab10p2_main.o (.rodata.str1.96214182145560323211)
                  000023e5    00000024     lab10p2_main.o (.rodata.str1.11884547691634598101)
                  00002409    0000001d     lab10p2_main.o (.rodata.str1.123748165736706031091)
                  00002426    0000001a     lab10p2_main.o (.rodata.str1.153645444567097247951)
                  00002440    00000019     lab10p2_main.o (.rodata.str1.128802571158419302291)
                  00002459    00000019     lab10p2_main.o (.rodata.str1.129692136442733485601)
                  00002472    00000019     lab10p2_main.o (.rodata.str1.156584337493877105471)
                  0000248b    00000019     lab10p2_main.o (.rodata.str1.39848780534013547531)
                  000024a4    00000019     lab10p2_main.o (.rodata.str1.55733596084044598291)
                  000024bd    00000002     lab10p2_main.o (.rodata.str1.151131883861526721831)
                  000024bf    00000001     --HOLE-- [fill = 0]
                  000024c0    00000018     libc.a : e_powf.c.obj (.rodata.cst8)
                  000024d8    00000018     LaunchPad.o (.rodata.iic_config_data)
                  000024f0    00000017     lab10p2_main.o (.rodata.str1.164362199980772712531)
                  00002507    00000014     lab10p2_main.o (.rodata.str1.87947718078116163921)
                  0000251b    00000010     lab10p2_main.o (.rodata.str1.11790443410321600591)
                  0000252b    00000010     lab10p2_main.o (.rodata.str1.140710435426713662351)
                  0000253b    00000007     lab10p2_main.o (.rodata.str1.50449666466450664621)
                  00002542    00000006     --HOLE-- [fill = 0]

.init_array 
*          0    00000000    00000000     UNINITIALIZED

.binit     0    00000000    00000000     

.data      0    20200800    0000000a     UNINITIALIZED
                  20200800    00000004     libc.a : aeabi_portable.c.obj (.data.__aeabi_errno)
                  20200804    00000004     clock.o (.data.g_bus_clock_freq)
                  20200808    00000001     lcd1602.o (.data.g_lcd_backlight_mode)
                  20200809    00000001     lab10p2_main.o (.data.inc_seg7.count)

.sysmem    0    20200000    00000800     UNINITIALIZED
                  20200000    00000010     libc.a : memory.c.obj (.sysmem)
                  20200010    000007f0     --HOLE--

.stack     0    20207e00    00000200     UNINITIALIZED
                  20207e00    00000004     libc.a : boot_cortex_m.c.obj (.stack)
                  20207e04    000001fc     --HOLE--

__llvm_prf_cnts 
*          0    20200000    00000000     UNINITIALIZED

__llvm_prf_bits 
*          0    20200000    00000000     UNINITIALIZED

MODULE SUMMARY

       Module                         code   ro data   rw data
       ------                         ----   -------   -------
    ./
       LaunchPad.o                    1870   180       0      
       lab10p2_main.o                 628    341       1      
       lcd1602.o                      694    0         1      
       adc.o                          556    0         0      
       clock.o                        440    0         4      
       uart.o                         288    0         0      
    +--+------------------------------+------+---------+---------+
       Total:                         4476   521       6      
                                                              
    ./ticlang/
       startup_mspm0g3507_ticlang.o   12     192       0      
    +--+------------------------------+------+---------+---------+
       Total:                         12     192       0      
                                                              
    /Applications/ti/ccstheia141/ccs/tools/compiler/ti-cgt-armllvm_3.2.1.LTS/lib/armv6m-ti-none-eabi/c/libc.a
       e_powf.c.obj                   1758   24        0      
       s_scalbnf.c.obj                176    0         0      
       e_sqrtf.c.obj                  168    0         0      
       copy_decompress_lzss.c.obj     120    0         0      
       autoinit.c.obj                 60     0         0      
       boot_cortex_m.c.obj            40     0         0      
       copy_decompress_none.c.obj     18     0         0      
       memcpy16.S.obj                 18     0         0      
       aeabi_portable.c.obj           8      0         4      
       exit.c.obj                     4      0         0      
       pre_init.c.obj                 4      0         0      
    +--+------------------------------+------+---------+---------+
       Total:                         2374   24        4      
                                                              
    /Applications/ti/ccstheia141/ccs/tools/compiler/ti-cgt-armllvm_3.2.1.LTS/lib/clang/15.0.7/lib/armv6m-ti-none-eabi/libclang_rt.builtins.a
       adddf3.S.obj                   402    0         0      
       addsf3.S.obj                   248    0         0      
       muldf3.S.obj                   228    0         0      
       mulsf3.S.obj                   156    0         0      
       divsf3.S.obj                   130    0         0      
       comparesf2.S.obj               118    0         0      
       truncdfsf2.S.obj               116    0         0      
       aeabi_fcmp.S.obj               98     0         0      
       fixunsdfsi.S.obj               66     0         0      
       aeabi_uidivmod.S.obj           64     0         0      
       extendsfdf2.S.obj              64     0         0      
       floatsisf.S.obj                60     0         0      
       muldsi3.S.obj                  58     0         0      
       fixsfsi.S.obj                  56     0         0      
       floatunsidf.S.obj              36     0         0      
       aeabi_memcpy.S.obj             8      0         0      
       aeabi_div0.c.obj               2      0         0      
    +--+------------------------------+------+---------+---------+
       Total:                         1910   0         0      
                                                              
       Heap:                          0      0         2048   
       Stack:                         0      0         512    
       Linker Generated:              0      28        0      
    +--+------------------------------+------+---------+---------+
       Grand Total:                   8772   765       2570   


LINKER GENERATED COPY TABLES

__TI_cinit_table @ 0000255c records: 1, size/record: 8, table size: 8
	.data: load addr=00002548, load size=0000000c bytes, run addr=20200800, run size=0000000a bytes, compression=lzss


LINKER GENERATED HANDLER TABLE

__TI_handler_table @ 00002554 records: 2, size/record: 4, table size: 8
	index: 0, handler: __TI_decompress_lzss
	index: 1, handler: __TI_decompress_none


FAR CALL TRAMPOLINES

callee name               trampoline name
   callee addr  tramp addr   call addr  call info
--------------  -----------  ---------  ----------------
__aeabi_fsub              $Tramp$TT$L$PI$$__aeabi_fsub
   00000ff5     000022a4     000022a0   libc.a : e_powf.c.obj (.text.OUTLINED_FUNCTION_1)
                             000022d0          : e_powf.c.obj (.text.OUTLINED_FUNCTION_6)
                             000022e4          : e_powf.c.obj (.text.OUTLINED_FUNCTION_3)
__aeabi_fmul              $Tramp$TT$L$PI$$__aeabi_fmul
   0000181d     000022bc     000022b8   libc.a : e_powf.c.obj (.text.OUTLINED_FUNCTION_2)
                             000022dc          : e_powf.c.obj (.text.OUTLINED_FUNCTION_0)
                             000022e0          : e_powf.c.obj (.text.OUTLINED_FUNCTION_10)
                             00002306          : e_powf.c.obj (.text.OUTLINED_FUNCTION_8)
__aeabi_fadd              $Tramp$TT$L$PI$$__aeabi_fadd
   00000fff     000022ec     000022e8   libc.a : e_powf.c.obj (.text.OUTLINED_FUNCTION_4)
                             000022fe          : e_powf.c.obj (.text.OUTLINED_FUNCTION_5)
                             00002302          : e_powf.c.obj (.text.OUTLINED_FUNCTION_7)
                             0000230a          : e_powf.c.obj (.text.OUTLINED_FUNCTION_9)

[3 trampolines]
[11 trampoline calls]


GLOBAL SYMBOLS: SORTED ALPHABETICALLY BY Name 

address   name                          
-------   ----                          
000022d3  ADC0_IRQHandler               
00001b09  ADC0_in                       
000010cd  ADC0_init                     
000022d3  ADC1_IRQHandler               
000022d3  AES_IRQHandler                
00002314  C$$EXIT                       
000022d3  CANFD0_IRQHandler             
000022d3  DAC0_IRQHandler               
000022d3  DMA_IRQHandler                
000022d3  Default_Handler               
000022d3  GROUP0_IRQHandler             
000022d3  GROUP1_IRQHandler             
000022d7  HardFault_Handler             
000022d3  I2C0_IRQHandler               
000022d3  I2C1_IRQHandler               
000014c9  I2C_init                      
00001789  I2C_send1                     
000022d3  NMI_Handler                   
000022d3  PendSV_Handler                
000022d3  RTC_IRQHandler                
0000230d  Reset_Handler                 
000022d3  SPI0_IRQHandler               
000022d3  SPI1_IRQHandler               
000022d3  SVC_Handler                   
000022d3  SysTick_Handler               
000022d3  TIMA0_IRQHandler              
000022d3  TIMA1_IRQHandler              
000022d3  TIMG0_IRQHandler              
000022d3  TIMG12_IRQHandler             
000022d3  TIMG6_IRQHandler              
000022d3  TIMG7_IRQHandler              
000022d3  TIMG8_IRQHandler              
0000223d  TI_memcpy_small               
000022d3  UART0_IRQHandler              
000022d3  UART1_IRQHandler              
000022d3  UART2_IRQHandler              
000022d3  UART3_IRQHandler              
00002195  UART_in_char                  
000011a1  UART_init                     
00002081  UART_out_char                 
20208000  __STACK_END                   
00000200  __STACK_SIZE                  
00000800  __SYSMEM_SIZE                 
00000000  __TI_ATRegion0_region_sz      
00000000  __TI_ATRegion0_src_addr       
00000000  __TI_ATRegion0_trg_addr       
00000000  __TI_ATRegion1_region_sz      
00000000  __TI_ATRegion1_src_addr       
00000000  __TI_ATRegion1_trg_addr       
00000000  __TI_ATRegion2_region_sz      
00000000  __TI_ATRegion2_src_addr       
00000000  __TI_ATRegion2_trg_addr       
0000255c  __TI_CINIT_Base               
00002564  __TI_CINIT_Limit              
00002564  __TI_CINIT_Warm               
00002554  __TI_Handler_Table_Base       
0000255c  __TI_Handler_Table_Limit      
00001f29  __TI_auto_init_nobinit_nopinit
000019a9  __TI_decompress_lzss          
0000224f  __TI_decompress_none          
ffffffff  __TI_pprof_out_hndl           
ffffffff  __TI_prof_data_size           
ffffffff  __TI_prof_data_start          
00000000  __TI_static_base__            
00000777  __adddf3                      
00000fff  __addsf3                      
00001a21  __aeabi_d2f                   
00001cf1  __aeabi_d2uiz                 
00000777  __aeabi_dadd                  
00000f11  __aeabi_dmul                  
0000076d  __aeabi_dsub                  
20200800  __aeabi_errno                 
0000228d  __aeabi_errno_addr            
00001d75  __aeabi_f2d                   
00001fdd  __aeabi_f2iz                  
00000fff  __aeabi_fadd                  
00001bd9  __aeabi_fcmpeq                
00001c15  __aeabi_fcmpge                
00001c29  __aeabi_fcmpgt                
00001c01  __aeabi_fcmple                
00001bed  __aeabi_fcmplt                
000018a9  __aeabi_fdiv                  
0000181d  __aeabi_fmul                  
00000ff5  __aeabi_fsub                  
00001e75  __aeabi_i2f                   
000008ff  __aeabi_idiv0                 
00002295  __aeabi_memcpy                
00002295  __aeabi_memcpy4               
00002295  __aeabi_memcpy8               
00002129  __aeabi_ui2d                  
00001d35  __aeabi_uidiv                 
00001d35  __aeabi_uidivmod              
ffffffff  __binit__                     
00001f65  __cmpsf2                      
000018a9  __divsf3                      
00001f65  __eqsf2                       
00001d75  __extendsfdf2                 
00001fdd  __fixsfsi                     
00001cf1  __fixunsdfsi                  
00001e75  __floatsisf                   
00002129  __floatunsidf                 
00001eb1  __gesf2                       
00001eb1  __gtsf2                       
00001f65  __lesf2                       
00001f65  __ltsf2                       
UNDEFED   __mpu_init                    
00000f11  __muldf3                      
00001fa1  __muldsi3                     
0000181d  __mulsf3                      
00001f65  __nesf2                       
20207e00  __stack                       
20200000  __start___llvm_prf_bits       
20200000  __start___llvm_prf_cnts       
20200000  __stop___llvm_prf_bits        
20200000  __stop___llvm_prf_cnts        
0000076d  __subdf3                      
00000ff5  __subsf3                      
00001a21  __truncdfsf2                  
000020d9  _c_int00_noargs               
20200000  _sys_memory                   
UNDEFED   _system_post_cinit            
00002311  _system_pre_init              
00002315  abort                         
ffffffff  binit                         
00002261  clock_delay                   
00000a81  clock_init_40mhz              
00001b71  display_temp                  
0000192b  doublebyte_to_ascii           
00002380  enable_controls               
00001db5  flash_leds                    
20200804  g_bus_clock_freq              
00002281  get_bus_clock_freq            
000024d8  iic_config_data               
00001df5  inc_seg7                      
00000000  interruptVectors              
00002015  launchpad_gpio_init           
00001345  lcd1602_init                  
00001409  lcd1602_write                 
00002271  lcd_clear                     
000021b5  lcd_set_ddram_addr            
000021d5  lcd_set_display_on            
000021f5  lcd_write_char                
000020ad  lcd_write_doublebyte          
0000214d  lcd_write_string              
00001585  ldexpf                        
00002320  led_config_data               
0000220d  led_disable                   
00002225  led_enable                    
00001635  led_init                      
00001275  leds_off                      
00000901  leds_on                       
00001eed  main                          
0000204d  msec_delay                    
000000c1  powf                          
00000be9  run_lab10_part2               
00001585  scalbnf                       
00001c99  seg7_dig_enable               
00001e35  seg7_hex                      
00000d15  seg7_init                     
00001a95  seg7_off                      
00002101  seg7_on                       
000016e1  sqrtf                         
00000e21  thermistor_calc_temperature   
00002171  uart_string_printf            


GLOBAL SYMBOLS: SORTED BY Symbol Address 

address   name                          
-------   ----                          
00000000  __TI_ATRegion0_region_sz      
00000000  __TI_ATRegion0_src_addr       
00000000  __TI_ATRegion0_trg_addr       
00000000  __TI_ATRegion1_region_sz      
00000000  __TI_ATRegion1_src_addr       
00000000  __TI_ATRegion1_trg_addr       
00000000  __TI_ATRegion2_region_sz      
00000000  __TI_ATRegion2_src_addr       
00000000  __TI_ATRegion2_trg_addr       
00000000  __TI_static_base__            
00000000  interruptVectors              
000000c1  powf                          
00000200  __STACK_SIZE                  
0000076d  __aeabi_dsub                  
0000076d  __subdf3                      
00000777  __adddf3                      
00000777  __aeabi_dadd                  
00000800  __SYSMEM_SIZE                 
000008ff  __aeabi_idiv0                 
00000901  leds_on                       
00000a81  clock_init_40mhz              
00000be9  run_lab10_part2               
00000d15  seg7_init                     
00000e21  thermistor_calc_temperature   
00000f11  __aeabi_dmul                  
00000f11  __muldf3                      
00000ff5  __aeabi_fsub                  
00000ff5  __subsf3                      
00000fff  __addsf3                      
00000fff  __aeabi_fadd                  
000010cd  ADC0_init                     
000011a1  UART_init                     
00001275  leds_off                      
00001345  lcd1602_init                  
00001409  lcd1602_write                 
000014c9  I2C_init                      
00001585  ldexpf                        
00001585  scalbnf                       
00001635  led_init                      
000016e1  sqrtf                         
00001789  I2C_send1                     
0000181d  __aeabi_fmul                  
0000181d  __mulsf3                      
000018a9  __aeabi_fdiv                  
000018a9  __divsf3                      
0000192b  doublebyte_to_ascii           
000019a9  __TI_decompress_lzss          
00001a21  __aeabi_d2f                   
00001a21  __truncdfsf2                  
00001a95  seg7_off                      
00001b09  ADC0_in                       
00001b71  display_temp                  
00001bd9  __aeabi_fcmpeq                
00001bed  __aeabi_fcmplt                
00001c01  __aeabi_fcmple                
00001c15  __aeabi_fcmpge                
00001c29  __aeabi_fcmpgt                
00001c99  seg7_dig_enable               
00001cf1  __aeabi_d2uiz                 
00001cf1  __fixunsdfsi                  
00001d35  __aeabi_uidiv                 
00001d35  __aeabi_uidivmod              
00001d75  __aeabi_f2d                   
00001d75  __extendsfdf2                 
00001db5  flash_leds                    
00001df5  inc_seg7                      
00001e35  seg7_hex                      
00001e75  __aeabi_i2f                   
00001e75  __floatsisf                   
00001eb1  __gesf2                       
00001eb1  __gtsf2                       
00001eed  main                          
00001f29  __TI_auto_init_nobinit_nopinit
00001f65  __cmpsf2                      
00001f65  __eqsf2                       
00001f65  __lesf2                       
00001f65  __ltsf2                       
00001f65  __nesf2                       
00001fa1  __muldsi3                     
00001fdd  __aeabi_f2iz                  
00001fdd  __fixsfsi                     
00002015  launchpad_gpio_init           
0000204d  msec_delay                    
00002081  UART_out_char                 
000020ad  lcd_write_doublebyte          
000020d9  _c_int00_noargs               
00002101  seg7_on                       
00002129  __aeabi_ui2d                  
00002129  __floatunsidf                 
0000214d  lcd_write_string              
00002171  uart_string_printf            
00002195  UART_in_char                  
000021b5  lcd_set_ddram_addr            
000021d5  lcd_set_display_on            
000021f5  lcd_write_char                
0000220d  led_disable                   
00002225  led_enable                    
0000223d  TI_memcpy_small               
0000224f  __TI_decompress_none          
00002261  clock_delay                   
00002271  lcd_clear                     
00002281  get_bus_clock_freq            
0000228d  __aeabi_errno_addr            
00002295  __aeabi_memcpy                
00002295  __aeabi_memcpy4               
00002295  __aeabi_memcpy8               
000022d3  ADC0_IRQHandler               
000022d3  ADC1_IRQHandler               
000022d3  AES_IRQHandler                
000022d3  CANFD0_IRQHandler             
000022d3  DAC0_IRQHandler               
000022d3  DMA_IRQHandler                
000022d3  Default_Handler               
000022d3  GROUP0_IRQHandler             
000022d3  GROUP1_IRQHandler             
000022d3  I2C0_IRQHandler               
000022d3  I2C1_IRQHandler               
000022d3  NMI_Handler                   
000022d3  PendSV_Handler                
000022d3  RTC_IRQHandler                
000022d3  SPI0_IRQHandler               
000022d3  SPI1_IRQHandler               
000022d3  SVC_Handler                   
000022d3  SysTick_Handler               
000022d3  TIMA0_IRQHandler              
000022d3  TIMA1_IRQHandler              
000022d3  TIMG0_IRQHandler              
000022d3  TIMG12_IRQHandler             
000022d3  TIMG6_IRQHandler              
000022d3  TIMG7_IRQHandler              
000022d3  TIMG8_IRQHandler              
000022d3  UART0_IRQHandler              
000022d3  UART1_IRQHandler              
000022d3  UART2_IRQHandler              
000022d3  UART3_IRQHandler              
000022d7  HardFault_Handler             
0000230d  Reset_Handler                 
00002311  _system_pre_init              
00002314  C$$EXIT                       
00002315  abort                         
00002320  led_config_data               
00002380  enable_controls               
000024d8  iic_config_data               
00002554  __TI_Handler_Table_Base       
0000255c  __TI_CINIT_Base               
0000255c  __TI_Handler_Table_Limit      
00002564  __TI_CINIT_Limit              
00002564  __TI_CINIT_Warm               
20200000  __start___llvm_prf_bits       
20200000  __start___llvm_prf_cnts       
20200000  __stop___llvm_prf_bits        
20200000  __stop___llvm_prf_cnts        
20200000  _sys_memory                   
20200800  __aeabi_errno                 
20200804  g_bus_clock_freq              
20207e00  __stack                       
20208000  __STACK_END                   
ffffffff  __TI_pprof_out_hndl           
ffffffff  __TI_prof_data_size           
ffffffff  __TI_prof_data_start          
ffffffff  __binit__                     
ffffffff  binit                         
UNDEFED   __mpu_init                    
UNDEFED   _system_post_cinit            

[164 symbols]
