******************************************************************************
            TI ARM Clang Linker Unix v3.2.1                    
******************************************************************************
>> Linked Fri Mar  7 11:20:51 2025

OUTPUT FILE NAME:   <lab4.out>
ENTRY POINT SYMBOL: "_c_int00_noargs"  address: 00000bc5


MEMORY CONFIGURATION

         name            origin    length      used     unused   attr    fill
----------------------  --------  ---------  --------  --------  ----  --------
  FLASH                 00000000   00020000  00000d68  0001f298  R  X
  SRAM                  20200000   00008000  00000a04  000075fc  RW X
  BCR_CONFIG            41c00000   00000080  00000000  00000080  R   
  BSL_CONFIG            41c00100   00000080  00000000  00000080  R   


SEGMENT ALLOCATION MAP

run origin  load origin   length   init length attrs members
----------  ----------- ---------- ----------- ----- -------
00000000    00000000    00000d68   00000d68    r-x
  00000000    00000000    000000c0   000000c0    r-- .intvecs
  000000c0    000000c0    00000bf0   00000bf0    r-x .text
  00000cb0    00000cb0    000000a0   000000a0    r-- .rodata
  00000d50    00000d50    00000018   00000018    r-- .cinit
20200000    20200000    00000804   00000000    rw-
  20200000    20200000    00000800   00000000    rw- .sysmem
  20200800    20200800    00000004   00000000    rw- .data
20207e00    20207e00    00000200   00000000    rw-
  20207e00    20207e00    00000200   00000000    rw- .stack


SECTION ALLOCATION MAP

 output                                  attributes/
section   page    origin      length       input sections
--------  ----  ----------  ----------   ----------------
.intvecs   0    00000000    000000c0     
                  00000000    000000c0     startup_mspm0g3507_ticlang.o (.intvecs)

.text      0    000000c0    00000bf0     
                  000000c0    00000180     LaunchPad.o (.text.leds_on)
                  00000240    00000168     clock.o (.text.clock_init_40mhz)
                  000003a8    0000010c     LaunchPad.o (.text.seg7_init)
                  000004b4    000000d0     LaunchPad.o (.text.leds_off)
                  00000584    000000b4     LaunchPad.o (.text.led_off)
                  00000638    000000b4     LaunchPad.o (.text.led_on)
                  000006ec    000000ac     LaunchPad.o (.text.led_init)
                  00000798    0000009a     lab4_main.o (.text.run_lab4_part2)
                  00000832    00000002     libclang_rt.builtins.a : aeabi_div0.c.obj (.text.__aeabi_idiv0)
                  00000834    00000078     libc.a : copy_decompress_lzss.c.obj (.text:decompress:lzss)
                  000008ac    00000074     LaunchPad.o (.text.seg7_off)
                  00000920    00000062     lab4_main.o (.text.run_lab4_part6)
                  00000982    00000002     --HOLE-- [fill = 0]
                  00000984    00000058     LaunchPad.o (.text.seg7_dig_enable)
                  000009dc    00000056     lab4_main.o (.text.run_lab4_part3)
                  00000a32    00000002     --HOLE-- [fill = 0]
                  00000a34    00000044     lab4_main.o (.text.run_lab4_part5)
                  00000a78    00000040     libclang_rt.builtins.a : aeabi_uidivmod.S.obj (.text.__aeabi_uidivmod)
                  00000ab8    0000003c     lab4_main.o (.text.main)
                  00000af4    0000003c     libc.a : autoinit.c.obj (.text:__TI_auto_init_nobinit_nopinit)
                  00000b30    00000038     LaunchPad.o (.text.launchpad_gpio_init)
                  00000b68    00000034     clock.o (.text.msec_delay)
                  00000b9c    00000028     lab4_main.o (.text.run_lab4_part4)
                  00000bc4    00000028     libc.a : boot_cortex_m.c.obj (.text:_c_int00_noargs)
                  00000bec    00000026     LaunchPad.o (.text.seg7_on)
                  00000c12    00000002     --HOLE-- [fill = 0]
                  00000c14    00000018     LaunchPad.o (.text.led_disable)
                  00000c2c    00000018     LaunchPad.o (.text.led_enable)
                  00000c44    00000016     lab4_main.o (.text.run_lab4_part1)
                  00000c5a    00000012     libc.a : memcpy16.S.obj (.text:TI_memcpy_small)
                  00000c6c    00000012            : copy_decompress_none.c.obj (.text:decompress:none)
                  00000c7e    00000010     clock.o (.text.clock_delay)
                  00000c8e    00000002     --HOLE-- [fill = 0]
                  00000c90    00000008     libclang_rt.builtins.a : aeabi_memcpy.S.obj (.text.__aeabi_memcpy)
                  00000c98    00000004     startup_mspm0g3507_ticlang.o (.text.Default_Handler)
                  00000c9c    00000004     startup_mspm0g3507_ticlang.o (.text.HardFault_Handler)
                  00000ca0    00000004     startup_mspm0g3507_ticlang.o (.text.Reset_Handler)
                  00000ca4    00000004     libc.a : pre_init.c.obj (.text._system_pre_init)
                  00000ca8    00000004            : exit.c.obj (.text:abort)
                  00000cac    00000004     --HOLE-- [fill = 0]

.cinit     0    00000d50    00000018     
                  00000d50    00000008     (.cinit..data.load) [load image, compression = lzss]
                  00000d58    00000008     (__TI_handler_table)
                  00000d60    00000008     (__TI_cinit_table)

.rodata    0    00000cb0    000000a0     
                  00000cb0    00000060     LaunchPad.o (.rodata.led_config_data)
                  00000d10    0000003c     LaunchPad.o (.rodata.enable_controls)
                  00000d4c    00000004     --HOLE-- [fill = 0]

.init_array 
*          0    00000000    00000000     UNINITIALIZED

.binit     0    00000000    00000000     

.data      0    20200800    00000004     UNINITIALIZED
                  20200800    00000004     clock.o (.data.g_bus_clock_freq)

.sysmem    0    20200000    00000800     UNINITIALIZED
                  20200000    00000010     libc.a : memory.c.obj (.sysmem)
                  20200010    000007f0     --HOLE--

.stack     0    20207e00    00000200     UNINITIALIZED
                  20207e00    00000004     libc.a : boot_cortex_m.c.obj (.stack)
                  20207e04    000001fc     --HOLE--

__llvm_prf_cnts 
*          0    20200000    00000000     UNINITIALIZED

__llvm_prf_bits 
*          0    20200000    00000000     UNINITIALIZED

MODULE SUMMARY

       Module                         code   ro data   rw data
       ------                         ----   -------   -------
    ./
       LaunchPad.o                    1738   156       0      
       lab4_main.o                    528    0         0      
       clock.o                        428    0         4      
    +--+------------------------------+------+---------+---------+
       Total:                         2694   156       4      
                                                              
    ./ticlang/
       startup_mspm0g3507_ticlang.o   12     192       0      
    +--+------------------------------+------+---------+---------+
       Total:                         12     192       0      
                                                              
    /Applications/ti/ccstheia141/ccs/tools/compiler/ti-cgt-armllvm_3.2.1.LTS/lib/armv6m-ti-none-eabi/c/libc.a
       copy_decompress_lzss.c.obj     120    0         0      
       autoinit.c.obj                 60     0         0      
       boot_cortex_m.c.obj            40     0         0      
       copy_decompress_none.c.obj     18     0         0      
       memcpy16.S.obj                 18     0         0      
       exit.c.obj                     4      0         0      
       pre_init.c.obj                 4      0         0      
    +--+------------------------------+------+---------+---------+
       Total:                         264    0         0      
                                                              
    /Applications/ti/ccstheia141/ccs/tools/compiler/ti-cgt-armllvm_3.2.1.LTS/lib/clang/15.0.7/lib/armv6m-ti-none-eabi/libclang_rt.builtins.a
       aeabi_uidivmod.S.obj           64     0         0      
       aeabi_memcpy.S.obj             8      0         0      
       aeabi_div0.c.obj               2      0         0      
    +--+------------------------------+------+---------+---------+
       Total:                         74     0         0      
                                                              
       Heap:                          0      0         2048   
       Stack:                         0      0         512    
       Linker Generated:              0      24        0      
    +--+------------------------------+------+---------+---------+
       Grand Total:                   3044   372       2564   


LINKER GENERATED COPY TABLES

__TI_cinit_table @ 00000d60 records: 1, size/record: 8, table size: 8
	.data: load addr=00000d50, load size=00000008 bytes, run addr=20200800, run size=00000004 bytes, compression=lzss


LINKER GENERATED HANDLER TABLE

__TI_handler_table @ 00000d58 records: 2, size/record: 4, table size: 8
	index: 0, handler: __TI_decompress_lzss
	index: 1, handler: __TI_decompress_none


GLOBAL SYMBOLS: SORTED ALPHABETICALLY BY Name 

address   name                          
-------   ----                          
00000c99  ADC0_IRQHandler               
00000c99  ADC1_IRQHandler               
00000c99  AES_IRQHandler                
00000ca8  C$$EXIT                       
00000c99  CANFD0_IRQHandler             
00000c99  DAC0_IRQHandler               
00000c99  DMA_IRQHandler                
00000c99  Default_Handler               
00000c99  GROUP0_IRQHandler             
00000c99  GROUP1_IRQHandler             
00000c9d  HardFault_Handler             
00000c99  I2C0_IRQHandler               
00000c99  I2C1_IRQHandler               
00000c99  NMI_Handler                   
00000c99  PendSV_Handler                
00000c99  RTC_IRQHandler                
00000ca1  Reset_Handler                 
00000c99  SPI0_IRQHandler               
00000c99  SPI1_IRQHandler               
00000c99  SVC_Handler                   
00000c99  SysTick_Handler               
00000c99  TIMA0_IRQHandler              
00000c99  TIMA1_IRQHandler              
00000c99  TIMG0_IRQHandler              
00000c99  TIMG12_IRQHandler             
00000c99  TIMG6_IRQHandler              
00000c99  TIMG7_IRQHandler              
00000c99  TIMG8_IRQHandler              
00000c5b  TI_memcpy_small               
00000c99  UART0_IRQHandler              
00000c99  UART1_IRQHandler              
00000c99  UART2_IRQHandler              
00000c99  UART3_IRQHandler              
20208000  __STACK_END                   
00000200  __STACK_SIZE                  
00000800  __SYSMEM_SIZE                 
00000000  __TI_ATRegion0_region_sz      
00000000  __TI_ATRegion0_src_addr       
00000000  __TI_ATRegion0_trg_addr       
00000000  __TI_ATRegion1_region_sz      
00000000  __TI_ATRegion1_src_addr       
00000000  __TI_ATRegion1_trg_addr       
00000000  __TI_ATRegion2_region_sz      
00000000  __TI_ATRegion2_src_addr       
00000000  __TI_ATRegion2_trg_addr       
00000d60  __TI_CINIT_Base               
00000d68  __TI_CINIT_Limit              
00000d68  __TI_CINIT_Warm               
00000d58  __TI_Handler_Table_Base       
00000d60  __TI_Handler_Table_Limit      
00000af5  __TI_auto_init_nobinit_nopinit
00000835  __TI_decompress_lzss          
00000c6d  __TI_decompress_none          
ffffffff  __TI_pprof_out_hndl           
ffffffff  __TI_prof_data_size           
ffffffff  __TI_prof_data_start          
00000000  __TI_static_base__            
00000833  __aeabi_idiv0                 
00000c91  __aeabi_memcpy                
00000c91  __aeabi_memcpy4               
00000c91  __aeabi_memcpy8               
00000a79  __aeabi_uidiv                 
00000a79  __aeabi_uidivmod              
ffffffff  __binit__                     
UNDEFED   __mpu_init                    
20207e00  __stack                       
20200000  __start___llvm_prf_bits       
20200000  __start___llvm_prf_cnts       
20200000  __stop___llvm_prf_bits        
20200000  __stop___llvm_prf_cnts        
00000bc5  _c_int00_noargs               
20200000  _sys_memory                   
UNDEFED   _system_post_cinit            
00000ca5  _system_pre_init              
00000ca9  abort                         
ffffffff  binit                         
00000c7f  clock_delay                   
00000241  clock_init_40mhz              
00000d10  enable_controls               
20200800  g_bus_clock_freq              
00000000  interruptVectors              
00000b31  launchpad_gpio_init           
00000cb0  led_config_data               
00000c15  led_disable                   
00000c2d  led_enable                    
000006ed  led_init                      
00000585  led_off                       
00000639  led_on                        
000004b5  leds_off                      
000000c1  leds_on                       
00000ab9  main                          
00000b69  msec_delay                    
00000c45  run_lab4_part1                
00000799  run_lab4_part2                
000009dd  run_lab4_part3                
00000b9d  run_lab4_part4                
00000a35  run_lab4_part5                
00000921  run_lab4_part6                
00000985  seg7_dig_enable               
000003a9  seg7_init                     
000008ad  seg7_off                      
00000bed  seg7_on                       


GLOBAL SYMBOLS: SORTED BY Symbol Address 

address   name                          
-------   ----                          
00000000  __TI_ATRegion0_region_sz      
00000000  __TI_ATRegion0_src_addr       
00000000  __TI_ATRegion0_trg_addr       
00000000  __TI_ATRegion1_region_sz      
00000000  __TI_ATRegion1_src_addr       
00000000  __TI_ATRegion1_trg_addr       
00000000  __TI_ATRegion2_region_sz      
00000000  __TI_ATRegion2_src_addr       
00000000  __TI_ATRegion2_trg_addr       
00000000  __TI_static_base__            
00000000  interruptVectors              
000000c1  leds_on                       
00000200  __STACK_SIZE                  
00000241  clock_init_40mhz              
000003a9  seg7_init                     
000004b5  leds_off                      
00000585  led_off                       
00000639  led_on                        
000006ed  led_init                      
00000799  run_lab4_part2                
00000800  __SYSMEM_SIZE                 
00000833  __aeabi_idiv0                 
00000835  __TI_decompress_lzss          
000008ad  seg7_off                      
00000921  run_lab4_part6                
00000985  seg7_dig_enable               
000009dd  run_lab4_part3                
00000a35  run_lab4_part5                
00000a79  __aeabi_uidiv                 
00000a79  __aeabi_uidivmod              
00000ab9  main                          
00000af5  __TI_auto_init_nobinit_nopinit
00000b31  launchpad_gpio_init           
00000b69  msec_delay                    
00000b9d  run_lab4_part4                
00000bc5  _c_int00_noargs               
00000bed  seg7_on                       
00000c15  led_disable                   
00000c2d  led_enable                    
00000c45  run_lab4_part1                
00000c5b  TI_memcpy_small               
00000c6d  __TI_decompress_none          
00000c7f  clock_delay                   
00000c91  __aeabi_memcpy                
00000c91  __aeabi_memcpy4               
00000c91  __aeabi_memcpy8               
00000c99  ADC0_IRQHandler               
00000c99  ADC1_IRQHandler               
00000c99  AES_IRQHandler                
00000c99  CANFD0_IRQHandler             
00000c99  DAC0_IRQHandler               
00000c99  DMA_IRQHandler                
00000c99  Default_Handler               
00000c99  GROUP0_IRQHandler             
00000c99  GROUP1_IRQHandler             
00000c99  I2C0_IRQHandler               
00000c99  I2C1_IRQHandler               
00000c99  NMI_Handler                   
00000c99  PendSV_Handler                
00000c99  RTC_IRQHandler                
00000c99  SPI0_IRQHandler               
00000c99  SPI1_IRQHandler               
00000c99  SVC_Handler                   
00000c99  SysTick_Handler               
00000c99  TIMA0_IRQHandler              
00000c99  TIMA1_IRQHandler              
00000c99  TIMG0_IRQHandler              
00000c99  TIMG12_IRQHandler             
00000c99  TIMG6_IRQHandler              
00000c99  TIMG7_IRQHandler              
00000c99  TIMG8_IRQHandler              
00000c99  UART0_IRQHandler              
00000c99  UART1_IRQHandler              
00000c99  UART2_IRQHandler              
00000c99  UART3_IRQHandler              
00000c9d  HardFault_Handler             
00000ca1  Reset_Handler                 
00000ca5  _system_pre_init              
00000ca8  C$$EXIT                       
00000ca9  abort                         
00000cb0  led_config_data               
00000d10  enable_controls               
00000d58  __TI_Handler_Table_Base       
00000d60  __TI_CINIT_Base               
00000d60  __TI_Handler_Table_Limit      
00000d68  __TI_CINIT_Limit              
00000d68  __TI_CINIT_Warm               
20200000  __start___llvm_prf_bits       
20200000  __start___llvm_prf_cnts       
20200000  __stop___llvm_prf_bits        
20200000  __stop___llvm_prf_cnts        
20200000  _sys_memory                   
20200800  g_bus_clock_freq              
20207e00  __stack                       
20208000  __STACK_END                   
ffffffff  __TI_pprof_out_hndl           
ffffffff  __TI_prof_data_size           
ffffffff  __TI_prof_data_start          
ffffffff  __binit__                     
ffffffff  binit                         
UNDEFED   __mpu_init                    
UNDEFED   _system_post_cinit            

[102 symbols]
