******************************************************************************
            TI ARM Clang Linker Unix v3.2.1                    
******************************************************************************
>> Linked Wed Mar 26 12:05:08 2025

OUTPUT FILE NAME:   <lab8_p2.out>
ENTRY POINT SYMBOL: "_c_int00_noargs"  address: 00000db5


MEMORY CONFIGURATION

         name            origin    length      used     unused   attr    fill
----------------------  --------  ---------  --------  --------  ----  --------
  FLASH                 00000000   00020000  00001000  0001f000  R  X
  SRAM                  20200000   00008000  00000a06  000075fa  RW X
  BCR_CONFIG            41c00000   00000080  00000000  00000080  R   
  BSL_CONFIG            41c00100   00000080  00000000  00000080  R   


SEGMENT ALLOCATION MAP

run origin  load origin   length   init length attrs members
----------  ----------- ---------- ----------- ----- -------
00000000    00000000    00001000   00001000    r-x
  00000000    00000000    000000c0   000000c0    r-- .intvecs
  000000c0    000000c0    00000e28   00000e28    r-x .text
  00000ee8    00000ee8    000000f8   000000f8    r-- .rodata
  00000fe0    00000fe0    00000020   00000020    r-- .cinit
20200000    20200000    00000806   00000000    rw-
  20200000    20200000    00000800   00000000    rw- .sysmem
  20200800    20200800    00000006   00000000    rw- .data
20207e00    20207e00    00000200   00000000    rw-
  20207e00    20207e00    00000200   00000000    rw- .stack


SECTION ALLOCATION MAP

 output                                  attributes/
section   page    origin      length       input sections
--------  ----  ----------  ----------   ----------------
.intvecs   0    00000000    000000c0     
                  00000000    000000c0     startup_mspm0g3507_ticlang.o (.intvecs)

.text      0    000000c0    00000e28     
                  000000c0    00000168     clock.o (.text.clock_init_40mhz)
                  00000228    000000e4     lab8p2_main.o (.text.run_lab8_part2)
                  0000030c    000000d4     adc.o (.text.ADC0_init)
                  000003e0    000000d0     LaunchPad.o (.text.leds_off)
                  000004b0    000000c4     lcd1602.o (.text.lcd1602_init)
                  00000574    000000c0     lcd1602.o (.text.lcd1602_write)
                  00000634    000000bc     LaunchPad.o (.text.I2C_init)
                  000006f0    000000b4     LaunchPad.o (.text.led_on)
                  000007a4    000000ac     LaunchPad.o (.text.led_init)
                  00000850    00000094     LaunchPad.o (.text.I2C_send1)
                  000008e4    00000084     lab8p2_main.o (.text.__NVIC_SetPriority)
                  00000968    0000007c     lcd1602.o (.text.doublebyte_to_ascii)
                  000009e4    00000078     libc.a : copy_decompress_lzss.c.obj (.text:decompress:lzss)
                  00000a5c    00000068     adc.o (.text.ADC0_in)
                  00000ac4    0000005c     LaunchPad.o (.text.I2C_fill_tx_fifo)
                  00000b20    00000054     lab8p2_main.o (.text.GROUP1_IRQHandler)
                  00000b74    0000004c     LaunchPad.o (.text.dipsw_init)
                  00000bc0    0000004a     lab8p2_main.o (.text.main)
                  00000c0a    00000002     libclang_rt.builtins.a : aeabi_div0.c.obj (.text.__aeabi_idiv0)
                  00000c0c    00000040                            : aeabi_uidivmod.S.obj (.text.__aeabi_uidivmod)
                  00000c4c    0000003c     libc.a : autoinit.c.obj (.text:__TI_auto_init_nobinit_nopinit)
                  00000c88    00000038     LaunchPad.o (.text.launchpad_gpio_init)
                  00000cc0    00000034     lab8p2_main.o (.text.__NVIC_DisableIRQ)
                  00000cf4    00000034     lab8p2_main.o (.text.config_pb1_interrupts)
                  00000d28    00000034     clock.o (.text.msec_delay)
                  00000d5c    0000002c     lab8p2_main.o (.text.__NVIC_EnableIRQ)
                  00000d88    0000002c     lcd1602.o (.text.lcd_write_doublebyte)
                  00000db4    00000028     libc.a : boot_cortex_m.c.obj (.text:_c_int00_noargs)
                  00000ddc    00000024     lcd1602.o (.text.lcd_write_string)
                  00000e00    00000020     lcd1602.o (.text.lcd_set_ddram_addr)
                  00000e20    00000020     lcd1602.o (.text.lcd_set_display_on)
                  00000e40    00000018     lcd1602.o (.text.lcd_write_char)
                  00000e58    00000018     LaunchPad.o (.text.led_disable)
                  00000e70    00000018     LaunchPad.o (.text.led_enable)
                  00000e88    00000012     libc.a : memcpy16.S.obj (.text:TI_memcpy_small)
                  00000e9a    00000012            : copy_decompress_none.c.obj (.text:decompress:none)
                  00000eac    00000010     clock.o (.text.clock_delay)
                  00000ebc    0000000e     lcd1602.o (.text.lcd_clear)
                  00000eca    00000002     --HOLE-- [fill = 0]
                  00000ecc    00000008     libclang_rt.builtins.a : aeabi_memcpy.S.obj (.text.__aeabi_memcpy)
                  00000ed4    00000004     startup_mspm0g3507_ticlang.o (.text.Default_Handler)
                  00000ed8    00000004     startup_mspm0g3507_ticlang.o (.text.HardFault_Handler)
                  00000edc    00000004     startup_mspm0g3507_ticlang.o (.text.Reset_Handler)
                  00000ee0    00000004     libc.a : pre_init.c.obj (.text._system_pre_init)
                  00000ee4    00000004            : exit.c.obj (.text:abort)

.cinit     0    00000fe0    00000020     
                  00000fe0    0000000a     (.cinit..data.load) [load image, compression = lzss]
                  00000fea    00000002     --HOLE-- [fill = 0]
                  00000fec    00000008     (__TI_handler_table)
                  00000ff4    00000008     (__TI_cinit_table)
                  00000ffc    00000004     --HOLE-- [fill = 0]

.rodata    0    00000ee8    000000f8     
                  00000ee8    00000060     LaunchPad.o (.rodata.led_config_data)
                  00000f48    0000003c     LaunchPad.o (.rodata.enable_controls)
                  00000f84    00000030     LaunchPad.o (.rodata.dip_switch_config_data)
                  00000fb4    00000018     LaunchPad.o (.rodata.iic_config_data)
                  00000fcc    00000010     lab8p2_main.o (.rodata.str1.130455417160929058671)
                  00000fdc    00000004     --HOLE-- [fill = 0]

.init_array 
*          0    00000000    00000000     UNINITIALIZED

.binit     0    00000000    00000000     

.data      0    20200800    00000006     UNINITIALIZED
                  20200800    00000004     clock.o (.data.g_bus_clock_freq)
                  20200804    00000001     lab8p2_main.o (.data.g_PB1_pressed)
                  20200805    00000001     lcd1602.o (.data.g_lcd_backlight_mode)

.sysmem    0    20200000    00000800     UNINITIALIZED
                  20200000    00000010     libc.a : memory.c.obj (.sysmem)
                  20200010    000007f0     --HOLE--

.stack     0    20207e00    00000200     UNINITIALIZED
                  20207e00    00000004     libc.a : boot_cortex_m.c.obj (.stack)
                  20207e04    000001fc     --HOLE--

__llvm_prf_cnts 
*          0    20200000    00000000     UNINITIALIZED

__llvm_prf_bits 
*          0    20200000    00000000     UNINITIALIZED

MODULE SUMMARY

       Module                         code   ro data   rw data
       ------                         ----   -------   -------
    ./
       LaunchPad.o                    1168   228       0      
       lcd1602.o                      694    0         1      
       lab8p2_main.o                  666    16        1      
       clock.o                        428    0         4      
       adc.o                          316    0         0      
    +--+------------------------------+------+---------+---------+
       Total:                         3272   244       6      
                                                              
    ./ticlang/
       startup_mspm0g3507_ticlang.o   12     192       0      
    +--+------------------------------+------+---------+---------+
       Total:                         12     192       0      
                                                              
    /Applications/ti/ccstheia141/ccs/tools/compiler/ti-cgt-armllvm_3.2.1.LTS/lib/armv6m-ti-none-eabi/c/libc.a
       copy_decompress_lzss.c.obj     120    0         0      
       autoinit.c.obj                 60     0         0      
       boot_cortex_m.c.obj            40     0         0      
       copy_decompress_none.c.obj     18     0         0      
       memcpy16.S.obj                 18     0         0      
       exit.c.obj                     4      0         0      
       pre_init.c.obj                 4      0         0      
    +--+------------------------------+------+---------+---------+
       Total:                         264    0         0      
                                                              
    /Applications/ti/ccstheia141/ccs/tools/compiler/ti-cgt-armllvm_3.2.1.LTS/lib/clang/15.0.7/lib/armv6m-ti-none-eabi/libclang_rt.builtins.a
       aeabi_uidivmod.S.obj           64     0         0      
       aeabi_memcpy.S.obj             8      0         0      
       aeabi_div0.c.obj               2      0         0      
    +--+------------------------------+------+---------+---------+
       Total:                         74     0         0      
                                                              
       Heap:                          0      0         2048   
       Stack:                         0      0         512    
       Linker Generated:              0      26        0      
    +--+------------------------------+------+---------+---------+
       Grand Total:                   3622   462       2566   


LINKER GENERATED COPY TABLES

__TI_cinit_table @ 00000ff4 records: 1, size/record: 8, table size: 8
	.data: load addr=00000fe0, load size=0000000a bytes, run addr=20200800, run size=00000006 bytes, compression=lzss


LINKER GENERATED HANDLER TABLE

__TI_handler_table @ 00000fec records: 2, size/record: 4, table size: 8
	index: 0, handler: __TI_decompress_lzss
	index: 1, handler: __TI_decompress_none


GLOBAL SYMBOLS: SORTED ALPHABETICALLY BY Name 

address   name                          
-------   ----                          
00000ed5  ADC0_IRQHandler               
00000a5d  ADC0_in                       
0000030d  ADC0_init                     
00000ed5  ADC1_IRQHandler               
00000ed5  AES_IRQHandler                
00000ee4  C$$EXIT                       
00000ed5  CANFD0_IRQHandler             
00000ed5  DAC0_IRQHandler               
00000ed5  DMA_IRQHandler                
00000ed5  Default_Handler               
00000ed5  GROUP0_IRQHandler             
00000b21  GROUP1_IRQHandler             
00000ed9  HardFault_Handler             
00000ed5  I2C0_IRQHandler               
00000ed5  I2C1_IRQHandler               
00000635  I2C_init                      
00000851  I2C_send1                     
00000ed5  NMI_Handler                   
00000ed5  PendSV_Handler                
00000ed5  RTC_IRQHandler                
00000edd  Reset_Handler                 
00000ed5  SPI0_IRQHandler               
00000ed5  SPI1_IRQHandler               
00000ed5  SVC_Handler                   
00000ed5  SysTick_Handler               
00000ed5  TIMA0_IRQHandler              
00000ed5  TIMA1_IRQHandler              
00000ed5  TIMG0_IRQHandler              
00000ed5  TIMG12_IRQHandler             
00000ed5  TIMG6_IRQHandler              
00000ed5  TIMG7_IRQHandler              
00000ed5  TIMG8_IRQHandler              
00000e89  TI_memcpy_small               
00000ed5  UART0_IRQHandler              
00000ed5  UART1_IRQHandler              
00000ed5  UART2_IRQHandler              
00000ed5  UART3_IRQHandler              
20208000  __STACK_END                   
00000200  __STACK_SIZE                  
00000800  __SYSMEM_SIZE                 
00000000  __TI_ATRegion0_region_sz      
00000000  __TI_ATRegion0_src_addr       
00000000  __TI_ATRegion0_trg_addr       
00000000  __TI_ATRegion1_region_sz      
00000000  __TI_ATRegion1_src_addr       
00000000  __TI_ATRegion1_trg_addr       
00000000  __TI_ATRegion2_region_sz      
00000000  __TI_ATRegion2_src_addr       
00000000  __TI_ATRegion2_trg_addr       
00000ff4  __TI_CINIT_Base               
00000ffc  __TI_CINIT_Limit              
00000ffc  __TI_CINIT_Warm               
00000fec  __TI_Handler_Table_Base       
00000ff4  __TI_Handler_Table_Limit      
00000c4d  __TI_auto_init_nobinit_nopinit
000009e5  __TI_decompress_lzss          
00000e9b  __TI_decompress_none          
ffffffff  __TI_pprof_out_hndl           
ffffffff  __TI_prof_data_size           
ffffffff  __TI_prof_data_start          
00000000  __TI_static_base__            
00000c0b  __aeabi_idiv0                 
00000ecd  __aeabi_memcpy                
00000ecd  __aeabi_memcpy4               
00000ecd  __aeabi_memcpy8               
00000c0d  __aeabi_uidiv                 
00000c0d  __aeabi_uidivmod              
ffffffff  __binit__                     
UNDEFED   __mpu_init                    
20207e00  __stack                       
20200000  __start___llvm_prf_bits       
20200000  __start___llvm_prf_cnts       
20200000  __stop___llvm_prf_bits        
20200000  __stop___llvm_prf_cnts        
00000db5  _c_int00_noargs               
20200000  _sys_memory                   
UNDEFED   _system_post_cinit            
00000ee1  _system_pre_init              
00000ee5  abort                         
ffffffff  binit                         
00000ead  clock_delay                   
000000c1  clock_init_40mhz              
00000cf5  config_pb1_interrupts         
00000f84  dip_switch_config_data        
00000b75  dipsw_init                    
00000969  doublebyte_to_ascii           
00000f48  enable_controls               
20200804  g_PB1_pressed                 
20200800  g_bus_clock_freq              
00000fb4  iic_config_data               
00000000  interruptVectors              
00000c89  launchpad_gpio_init           
000004b1  lcd1602_init                  
00000575  lcd1602_write                 
00000ebd  lcd_clear                     
00000e01  lcd_set_ddram_addr            
00000e21  lcd_set_display_on            
00000e41  lcd_write_char                
00000d89  lcd_write_doublebyte          
00000ddd  lcd_write_string              
00000ee8  led_config_data               
00000e59  led_disable                   
00000e71  led_enable                    
000007a5  led_init                      
000006f1  led_on                        
000003e1  leds_off                      
00000bc1  main                          
00000d29  msec_delay                    
00000229  run_lab8_part2                


GLOBAL SYMBOLS: SORTED BY Symbol Address 

address   name                          
-------   ----                          
00000000  __TI_ATRegion0_region_sz      
00000000  __TI_ATRegion0_src_addr       
00000000  __TI_ATRegion0_trg_addr       
00000000  __TI_ATRegion1_region_sz      
00000000  __TI_ATRegion1_src_addr       
00000000  __TI_ATRegion1_trg_addr       
00000000  __TI_ATRegion2_region_sz      
00000000  __TI_ATRegion2_src_addr       
00000000  __TI_ATRegion2_trg_addr       
00000000  __TI_static_base__            
00000000  interruptVectors              
000000c1  clock_init_40mhz              
00000200  __STACK_SIZE                  
00000229  run_lab8_part2                
0000030d  ADC0_init                     
000003e1  leds_off                      
000004b1  lcd1602_init                  
00000575  lcd1602_write                 
00000635  I2C_init                      
000006f1  led_on                        
000007a5  led_init                      
00000800  __SYSMEM_SIZE                 
00000851  I2C_send1                     
00000969  doublebyte_to_ascii           
000009e5  __TI_decompress_lzss          
00000a5d  ADC0_in                       
00000b21  GROUP1_IRQHandler             
00000b75  dipsw_init                    
00000bc1  main                          
00000c0b  __aeabi_idiv0                 
00000c0d  __aeabi_uidiv                 
00000c0d  __aeabi_uidivmod              
00000c4d  __TI_auto_init_nobinit_nopinit
00000c89  launchpad_gpio_init           
00000cf5  config_pb1_interrupts         
00000d29  msec_delay                    
00000d89  lcd_write_doublebyte          
00000db5  _c_int00_noargs               
00000ddd  lcd_write_string              
00000e01  lcd_set_ddram_addr            
00000e21  lcd_set_display_on            
00000e41  lcd_write_char                
00000e59  led_disable                   
00000e71  led_enable                    
00000e89  TI_memcpy_small               
00000e9b  __TI_decompress_none          
00000ead  clock_delay                   
00000ebd  lcd_clear                     
00000ecd  __aeabi_memcpy                
00000ecd  __aeabi_memcpy4               
00000ecd  __aeabi_memcpy8               
00000ed5  ADC0_IRQHandler               
00000ed5  ADC1_IRQHandler               
00000ed5  AES_IRQHandler                
00000ed5  CANFD0_IRQHandler             
00000ed5  DAC0_IRQHandler               
00000ed5  DMA_IRQHandler                
00000ed5  Default_Handler               
00000ed5  GROUP0_IRQHandler             
00000ed5  I2C0_IRQHandler               
00000ed5  I2C1_IRQHandler               
00000ed5  NMI_Handler                   
00000ed5  PendSV_Handler                
00000ed5  RTC_IRQHandler                
00000ed5  SPI0_IRQHandler               
00000ed5  SPI1_IRQHandler               
00000ed5  SVC_Handler                   
00000ed5  SysTick_Handler               
00000ed5  TIMA0_IRQHandler              
00000ed5  TIMA1_IRQHandler              
00000ed5  TIMG0_IRQHandler              
00000ed5  TIMG12_IRQHandler             
00000ed5  TIMG6_IRQHandler              
00000ed5  TIMG7_IRQHandler              
00000ed5  TIMG8_IRQHandler              
00000ed5  UART0_IRQHandler              
00000ed5  UART1_IRQHandler              
00000ed5  UART2_IRQHandler              
00000ed5  UART3_IRQHandler              
00000ed9  HardFault_Handler             
00000edd  Reset_Handler                 
00000ee1  _system_pre_init              
00000ee4  C$$EXIT                       
00000ee5  abort                         
00000ee8  led_config_data               
00000f48  enable_controls               
00000f84  dip_switch_config_data        
00000fb4  iic_config_data               
00000fec  __TI_Handler_Table_Base       
00000ff4  __TI_CINIT_Base               
00000ff4  __TI_Handler_Table_Limit      
00000ffc  __TI_CINIT_Limit              
00000ffc  __TI_CINIT_Warm               
20200000  __start___llvm_prf_bits       
20200000  __start___llvm_prf_cnts       
20200000  __stop___llvm_prf_bits        
20200000  __stop___llvm_prf_cnts        
20200000  _sys_memory                   
20200800  g_bus_clock_freq              
20200804  g_PB1_pressed                 
20207e00  __stack                       
20208000  __STACK_END                   
ffffffff  __TI_pprof_out_hndl           
ffffffff  __TI_prof_data_size           
ffffffff  __TI_prof_data_start          
ffffffff  __binit__                     
ffffffff  binit                         
UNDEFED   __mpu_init                    
UNDEFED   _system_post_cinit            

[109 symbols]
