******************************************************************************
            TI ARM Clang Linker Unix v3.2.1                    
******************************************************************************
>> Linked Wed Mar 19 10:26:51 2025

OUTPUT FILE NAME:   <lab6.out>
ENTRY POINT SYMBOL: "_c_int00_noargs"  address: 00001129


MEMORY CONFIGURATION

         name            origin    length      used     unused   attr    fill
----------------------  --------  ---------  --------  --------  ----  --------
  FLASH                 00000000   00020000  00001398  0001ec68  R  X
  SRAM                  20200000   00008000  00000a15  000075eb  RW X
  BCR_CONFIG            41c00000   00000080  00000000  00000080  R   
  BSL_CONFIG            41c00100   00000080  00000000  00000080  R   


SEGMENT ALLOCATION MAP

run origin  load origin   length   init length attrs members
----------  ----------- ---------- ----------- ----- -------
00000000    00000000    00001398   00001398    r-x
  00000000    00000000    000000c0   000000c0    r-- .intvecs
  000000c0    000000c0    000011a8   000011a8    r-x .text
  00001268    00001268    00000100   00000100    r-- .rodata
  00001368    00001368    00000030   00000030    r-- .cinit
20200000    20200000    00000815   00000000    rw-
  20200000    20200000    00000800   00000000    rw- .sysmem
  20200800    20200800    00000015   00000000    rw- .data
20207e00    20207e00    00000200   00000000    rw-
  20207e00    20207e00    00000200   00000000    rw- .stack


SECTION ALLOCATION MAP

 output                                  attributes/
section   page    origin      length       input sections
--------  ----  ----------  ----------   ----------------
.intvecs   0    00000000    000000c0     
                  00000000    000000c0     startup_mspm0g3507_ticlang.o (.intvecs)

.text      0    000000c0    000011a8     
                  000000c0    00000168     clock.o (.text.clock_init_40mhz)
                  00000228    000000ec     lab6_main.o (.text.run_lab6_part2)
                  00000314    000000dc     LaunchPad.o (.text.write_keycol_data)
                  000003f0    000000d0     LaunchPad.o (.text.keypad_init)
                  000004c0    000000c4     lcd1602.o (.text.lcd1602_init)
                  00000584    000000c0     lcd1602.o (.text.lcd1602_write)
                  00000644    000000bc     LaunchPad.o (.text.I2C_init)
                  00000700    000000ac     LaunchPad.o (.text.read_keyrow_data)
                  000007ac    000000a8     lab6_main.o (.text.run_lab6_part4)
                  00000854    0000009c     LaunchPad.o (.text.is_pb_down)
                  000008f0    0000009c     LaunchPad.o (.text.is_pb_up)
                  0000098c    00000094     LaunchPad.o (.text.I2C_send1)
                  00000a20    0000008c     lab6_main.o (.text.run_lab6_part3)
                  00000aac    00000088     LaunchPad.o (.text.keypad_scan)
                  00000b34    0000007c     lcd1602.o (.text.byte_to_ascii)
                  00000bb0    0000007c     lcd1602.o (.text.doublebyte_to_ascii)
                  00000c2c    00000078     libc.a : copy_decompress_lzss.c.obj (.text:decompress:lzss)
                  00000ca4    00000070     lab6_main.o (.text.lab6_part2_to_part3)
                  00000d14    00000070     lab6_main.o (.text.lab6_part3_to_part4)
                  00000d84    00000070     lcd1602.o (.text.quadbyte_to_ascii)
                  00000df4    0000005c     LaunchPad.o (.text.I2C_fill_tx_fifo)
                  00000e50    00000054     lab6_main.o (.text.lab6_part1_to_part2)
                  00000ea4    0000004c     LaunchPad.o (.text.dipsw_init)
                  00000ef0    00000048     lab6_main.o (.text.run_lab6_part1)
                  00000f38    00000044     lab6_main.o (.text.main)
                  00000f7c    00000040     libclang_rt.builtins.a : aeabi_uidivmod.S.obj (.text.__aeabi_uidivmod)
                  00000fbc    0000003e     lcd1602.o (.text.hex_to_ascii)
                  00000ffa    00000002     libclang_rt.builtins.a : aeabi_div0.c.obj (.text.__aeabi_idiv0)
                  00000ffc    0000003c     libc.a : autoinit.c.obj (.text:__TI_auto_init_nobinit_nopinit)
                  00001038    00000038     LaunchPad.o (.text.launchpad_gpio_init)
                  00001070    00000034     clock.o (.text.msec_delay)
                  000010a4    00000030     lcd1602.o (.text.lcd_write_quadbyte)
                  000010d4    0000002c     lcd1602.o (.text.lcd_write_doublebyte)
                  00001100    00000028     lcd1602.o (.text.lcd_write_byte)
                  00001128    00000028     libc.a : boot_cortex_m.c.obj (.text:_c_int00_noargs)
                  00001150    00000024     lcd1602.o (.text.lcd_write_string)
                  00001174    00000020     lcd1602.o (.text.lcd_set_ddram_addr)
                  00001194    00000020     lcd1602.o (.text.lcd_set_display_on)
                  000011b4    0000001e     LaunchPad.o (.text.wait_no_key_pressed)
                  000011d2    0000001a     lcd1602.o (.text.hex_to_lcd)
                  000011ec    00000018     lcd1602.o (.text.lcd_write_char)
                  00001204    00000012     libc.a : memcpy16.S.obj (.text:TI_memcpy_small)
                  00001216    00000012            : copy_decompress_none.c.obj (.text:decompress:none)
                  00001228    00000010     clock.o (.text.clock_delay)
                  00001238    0000000e     lcd1602.o (.text.lcd_clear)
                  00001246    00000002     --HOLE-- [fill = 0]
                  00001248    00000008     libclang_rt.builtins.a : aeabi_memcpy.S.obj (.text.__aeabi_memcpy)
                  00001250    00000004     startup_mspm0g3507_ticlang.o (.text.Default_Handler)
                  00001254    00000004     startup_mspm0g3507_ticlang.o (.text.HardFault_Handler)
                  00001258    00000004     startup_mspm0g3507_ticlang.o (.text.Reset_Handler)
                  0000125c    00000004     libc.a : pre_init.c.obj (.text._system_pre_init)
                  00001260    00000004            : exit.c.obj (.text:abort)
                  00001264    00000004     --HOLE-- [fill = 0]

.cinit     0    00001368    00000030     
                  00001368    0000001b     (.cinit..data.load) [load image, compression = lzss]
                  00001383    00000001     --HOLE-- [fill = 0]
                  00001384    00000008     (__TI_handler_table)
                  0000138c    00000008     (__TI_cinit_table)
                  00001394    00000004     --HOLE-- [fill = 0]

.rodata    0    00001268    00000100     
                  00001268    00000030     LaunchPad.o (.rodata.dip_switch_config_data)
                  00001298    00000030     LaunchPad.o (.rodata.kp_col_config_data)
                  000012c8    00000030     LaunchPad.o (.rodata.kp_row_config_data)
                  000012f8    00000018     LaunchPad.o (.rodata.iic_config_data)
                  00001310    00000010     lab6_main.o (.rodata.str1.179737348166483993811)
                  00001320    0000000f     lab6_main.o (.rodata.str1.106331390941356200541)
                  0000132f    0000000f     lab6_main.o (.rodata.str1.17760333747972395431)
                  0000133e    0000000f     lab6_main.o (.rodata.str1.92734541691603087821)
                  0000134d    0000000d     lab6_main.o (.rodata.str1.7976497563985619911)
                  0000135a    0000000c     lab6_main.o (.rodata.str1.150284563875454011201)
                  00001366    00000002     --HOLE-- [fill = 0]

.init_array 
*          0    00000000    00000000     UNINITIALIZED

.binit     0    00000000    00000000     

.data      0    20200800    00000015     UNINITIALIZED
                  20200800    00000010     LaunchPad.o (.data.keycodes)
                  20200810    00000004     clock.o (.data.g_bus_clock_freq)
                  20200814    00000001     lcd1602.o (.data.g_lcd_backlight_mode)

.sysmem    0    20200000    00000800     UNINITIALIZED
                  20200000    00000010     libc.a : memory.c.obj (.sysmem)
                  20200010    000007f0     --HOLE--

.stack     0    20207e00    00000200     UNINITIALIZED
                  20207e00    00000004     libc.a : boot_cortex_m.c.obj (.stack)
                  20207e04    000001fc     --HOLE--

__llvm_prf_cnts 
*          0    20200000    00000000     UNINITIALIZED

__llvm_prf_bits 
*          0    20200000    00000000     UNINITIALIZED

MODULE SUMMARY

       Module                         code   ro data   rw data
       ------                         ----   -------   -------
    ./
       LaunchPad.o                    1638   168       16     
       lcd1602.o                      1106   0         1      
       lab6_main.o                    992    86        0      
       clock.o                        428    0         4      
    +--+------------------------------+------+---------+---------+
       Total:                         4164   254       21     
                                                              
    ./ticlang/
       startup_mspm0g3507_ticlang.o   12     192       0      
    +--+------------------------------+------+---------+---------+
       Total:                         12     192       0      
                                                              
    /Applications/ti/ccstheia141/ccs/tools/compiler/ti-cgt-armllvm_3.2.1.LTS/lib/armv6m-ti-none-eabi/c/libc.a
       copy_decompress_lzss.c.obj     120    0         0      
       autoinit.c.obj                 60     0         0      
       boot_cortex_m.c.obj            40     0         0      
       copy_decompress_none.c.obj     18     0         0      
       memcpy16.S.obj                 18     0         0      
       exit.c.obj                     4      0         0      
       pre_init.c.obj                 4      0         0      
    +--+------------------------------+------+---------+---------+
       Total:                         264    0         0      
                                                              
    /Applications/ti/ccstheia141/ccs/tools/compiler/ti-cgt-armllvm_3.2.1.LTS/lib/clang/15.0.7/lib/armv6m-ti-none-eabi/libclang_rt.builtins.a
       aeabi_uidivmod.S.obj           64     0         0      
       aeabi_memcpy.S.obj             8      0         0      
       aeabi_div0.c.obj               2      0         0      
    +--+------------------------------+------+---------+---------+
       Total:                         74     0         0      
                                                              
       Heap:                          0      0         2048   
       Stack:                         0      0         512    
       Linker Generated:              0      43        0      
    +--+------------------------------+------+---------+---------+
       Grand Total:                   4514   489       2581   


LINKER GENERATED COPY TABLES

__TI_cinit_table @ 0000138c records: 1, size/record: 8, table size: 8
	.data: load addr=00001368, load size=0000001b bytes, run addr=20200800, run size=00000015 bytes, compression=lzss


LINKER GENERATED HANDLER TABLE

__TI_handler_table @ 00001384 records: 2, size/record: 4, table size: 8
	index: 0, handler: __TI_decompress_lzss
	index: 1, handler: __TI_decompress_none


GLOBAL SYMBOLS: SORTED ALPHABETICALLY BY Name 

address   name                          
-------   ----                          
00001251  ADC0_IRQHandler               
00001251  ADC1_IRQHandler               
00001251  AES_IRQHandler                
00001260  C$$EXIT                       
00001251  CANFD0_IRQHandler             
00001251  DAC0_IRQHandler               
00001251  DMA_IRQHandler                
00001251  Default_Handler               
00001251  GROUP0_IRQHandler             
00001251  GROUP1_IRQHandler             
00001255  HardFault_Handler             
00001251  I2C0_IRQHandler               
00001251  I2C1_IRQHandler               
00000645  I2C_init                      
0000098d  I2C_send1                     
00001251  NMI_Handler                   
00001251  PendSV_Handler                
00001251  RTC_IRQHandler                
00001259  Reset_Handler                 
00001251  SPI0_IRQHandler               
00001251  SPI1_IRQHandler               
00001251  SVC_Handler                   
00001251  SysTick_Handler               
00001251  TIMA0_IRQHandler              
00001251  TIMA1_IRQHandler              
00001251  TIMG0_IRQHandler              
00001251  TIMG12_IRQHandler             
00001251  TIMG6_IRQHandler              
00001251  TIMG7_IRQHandler              
00001251  TIMG8_IRQHandler              
00001205  TI_memcpy_small               
00001251  UART0_IRQHandler              
00001251  UART1_IRQHandler              
00001251  UART2_IRQHandler              
00001251  UART3_IRQHandler              
20208000  __STACK_END                   
00000200  __STACK_SIZE                  
00000800  __SYSMEM_SIZE                 
00000000  __TI_ATRegion0_region_sz      
00000000  __TI_ATRegion0_src_addr       
00000000  __TI_ATRegion0_trg_addr       
00000000  __TI_ATRegion1_region_sz      
00000000  __TI_ATRegion1_src_addr       
00000000  __TI_ATRegion1_trg_addr       
00000000  __TI_ATRegion2_region_sz      
00000000  __TI_ATRegion2_src_addr       
00000000  __TI_ATRegion2_trg_addr       
0000138c  __TI_CINIT_Base               
00001394  __TI_CINIT_Limit              
00001394  __TI_CINIT_Warm               
00001384  __TI_Handler_Table_Base       
0000138c  __TI_Handler_Table_Limit      
00000ffd  __TI_auto_init_nobinit_nopinit
00000c2d  __TI_decompress_lzss          
00001217  __TI_decompress_none          
ffffffff  __TI_pprof_out_hndl           
ffffffff  __TI_prof_data_size           
ffffffff  __TI_prof_data_start          
00000000  __TI_static_base__            
00000ffb  __aeabi_idiv0                 
00001249  __aeabi_memcpy                
00001249  __aeabi_memcpy4               
00001249  __aeabi_memcpy8               
00000f7d  __aeabi_uidiv                 
00000f7d  __aeabi_uidivmod              
ffffffff  __binit__                     
UNDEFED   __mpu_init                    
20207e00  __stack                       
20200000  __start___llvm_prf_bits       
20200000  __start___llvm_prf_cnts       
20200000  __stop___llvm_prf_bits        
20200000  __stop___llvm_prf_cnts        
00001129  _c_int00_noargs               
20200000  _sys_memory                   
UNDEFED   _system_post_cinit            
0000125d  _system_pre_init              
00001261  abort                         
ffffffff  binit                         
00000b35  byte_to_ascii                 
00001229  clock_delay                   
000000c1  clock_init_40mhz              
00001268  dip_switch_config_data        
00000ea5  dipsw_init                    
00000bb1  doublebyte_to_ascii           
20200810  g_bus_clock_freq              
00000fbd  hex_to_ascii                  
000011d3  hex_to_lcd                    
000012f8  iic_config_data               
00000000  interruptVectors              
00000855  is_pb_down                    
000008f1  is_pb_up                      
20200800  keycodes                      
000003f1  keypad_init                   
00000aad  keypad_scan                   
00001298  kp_col_config_data            
000012c8  kp_row_config_data            
00000e51  lab6_part1_to_part2           
00000ca5  lab6_part2_to_part3           
00000d15  lab6_part3_to_part4           
00001039  launchpad_gpio_init           
000004c1  lcd1602_init                  
00000585  lcd1602_write                 
00001239  lcd_clear                     
00001175  lcd_set_ddram_addr            
00001195  lcd_set_display_on            
00001101  lcd_write_byte                
000011ed  lcd_write_char                
000010d5  lcd_write_doublebyte          
000010a5  lcd_write_quadbyte            
00001151  lcd_write_string              
00000f39  main                          
00001071  msec_delay                    
00000d85  quadbyte_to_ascii             
00000701  read_keyrow_data              
00000ef1  run_lab6_part1                
00000229  run_lab6_part2                
00000a21  run_lab6_part3                
000007ad  run_lab6_part4                
000011b5  wait_no_key_pressed           
00000315  write_keycol_data             


GLOBAL SYMBOLS: SORTED BY Symbol Address 

address   name                          
-------   ----                          
00000000  __TI_ATRegion0_region_sz      
00000000  __TI_ATRegion0_src_addr       
00000000  __TI_ATRegion0_trg_addr       
00000000  __TI_ATRegion1_region_sz      
00000000  __TI_ATRegion1_src_addr       
00000000  __TI_ATRegion1_trg_addr       
00000000  __TI_ATRegion2_region_sz      
00000000  __TI_ATRegion2_src_addr       
00000000  __TI_ATRegion2_trg_addr       
00000000  __TI_static_base__            
00000000  interruptVectors              
000000c1  clock_init_40mhz              
00000200  __STACK_SIZE                  
00000229  run_lab6_part2                
00000315  write_keycol_data             
000003f1  keypad_init                   
000004c1  lcd1602_init                  
00000585  lcd1602_write                 
00000645  I2C_init                      
00000701  read_keyrow_data              
000007ad  run_lab6_part4                
00000800  __SYSMEM_SIZE                 
00000855  is_pb_down                    
000008f1  is_pb_up                      
0000098d  I2C_send1                     
00000a21  run_lab6_part3                
00000aad  keypad_scan                   
00000b35  byte_to_ascii                 
00000bb1  doublebyte_to_ascii           
00000c2d  __TI_decompress_lzss          
00000ca5  lab6_part2_to_part3           
00000d15  lab6_part3_to_part4           
00000d85  quadbyte_to_ascii             
00000e51  lab6_part1_to_part2           
00000ea5  dipsw_init                    
00000ef1  run_lab6_part1                
00000f39  main                          
00000f7d  __aeabi_uidiv                 
00000f7d  __aeabi_uidivmod              
00000fbd  hex_to_ascii                  
00000ffb  __aeabi_idiv0                 
00000ffd  __TI_auto_init_nobinit_nopinit
00001039  launchpad_gpio_init           
00001071  msec_delay                    
000010a5  lcd_write_quadbyte            
000010d5  lcd_write_doublebyte          
00001101  lcd_write_byte                
00001129  _c_int00_noargs               
00001151  lcd_write_string              
00001175  lcd_set_ddram_addr            
00001195  lcd_set_display_on            
000011b5  wait_no_key_pressed           
000011d3  hex_to_lcd                    
000011ed  lcd_write_char                
00001205  TI_memcpy_small               
00001217  __TI_decompress_none          
00001229  clock_delay                   
00001239  lcd_clear                     
00001249  __aeabi_memcpy                
00001249  __aeabi_memcpy4               
00001249  __aeabi_memcpy8               
00001251  ADC0_IRQHandler               
00001251  ADC1_IRQHandler               
00001251  AES_IRQHandler                
00001251  CANFD0_IRQHandler             
00001251  DAC0_IRQHandler               
00001251  DMA_IRQHandler                
00001251  Default_Handler               
00001251  GROUP0_IRQHandler             
00001251  GROUP1_IRQHandler             
00001251  I2C0_IRQHandler               
00001251  I2C1_IRQHandler               
00001251  NMI_Handler                   
00001251  PendSV_Handler                
00001251  RTC_IRQHandler                
00001251  SPI0_IRQHandler               
00001251  SPI1_IRQHandler               
00001251  SVC_Handler                   
00001251  SysTick_Handler               
00001251  TIMA0_IRQHandler              
00001251  TIMA1_IRQHandler              
00001251  TIMG0_IRQHandler              
00001251  TIMG12_IRQHandler             
00001251  TIMG6_IRQHandler              
00001251  TIMG7_IRQHandler              
00001251  TIMG8_IRQHandler              
00001251  UART0_IRQHandler              
00001251  UART1_IRQHandler              
00001251  UART2_IRQHandler              
00001251  UART3_IRQHandler              
00001255  HardFault_Handler             
00001259  Reset_Handler                 
0000125d  _system_pre_init              
00001260  C$$EXIT                       
00001261  abort                         
00001268  dip_switch_config_data        
00001298  kp_col_config_data            
000012c8  kp_row_config_data            
000012f8  iic_config_data               
00001384  __TI_Handler_Table_Base       
0000138c  __TI_CINIT_Base               
0000138c  __TI_Handler_Table_Limit      
00001394  __TI_CINIT_Limit              
00001394  __TI_CINIT_Warm               
20200000  __start___llvm_prf_bits       
20200000  __start___llvm_prf_cnts       
20200000  __stop___llvm_prf_bits        
20200000  __stop___llvm_prf_cnts        
20200000  _sys_memory                   
20200800  keycodes                      
20200810  g_bus_clock_freq              
20207e00  __stack                       
20208000  __STACK_END                   
ffffffff  __TI_pprof_out_hndl           
ffffffff  __TI_prof_data_size           
ffffffff  __TI_prof_data_start          
ffffffff  __binit__                     
ffffffff  binit                         
UNDEFED   __mpu_init                    
UNDEFED   _system_post_cinit            

[120 symbols]
