******************************************************************************
            TI ARM Clang Linker Unix v3.2.1                    
******************************************************************************
>> Linked Mon Mar 10 14:57:42 2025

OUTPUT FILE NAME:   <lab6.out>
ENTRY POINT SYMBOL: "_c_int00_noargs"  address: 000008b9


MEMORY CONFIGURATION

         name            origin    length      used     unused   attr    fill
----------------------  --------  ---------  --------  --------  ----  --------
  FLASH                 00000000   00020000  00000a38  0001f5c8  R  X
  SRAM                  20200000   00008000  00000a05  000075fb  RW X
  BCR_CONFIG            41c00000   00000080  00000000  00000080  R   
  BSL_CONFIG            41c00100   00000080  00000000  00000080  R   


SEGMENT ALLOCATION MAP

run origin  load origin   length   init length attrs members
----------  ----------- ---------- ----------- ----- -------
00000000    00000000    00000a38   00000a38    r-x
  00000000    00000000    000000c0   000000c0    r-- .intvecs
  000000c0    000000c0    00000900   00000900    r-x .text
  000009c0    000009c0    00000058   00000058    r-- .rodata
  00000a18    00000a18    00000020   00000020    r-- .cinit
20200000    20200000    00000805   00000000    rw-
  20200000    20200000    00000800   00000000    rw- .sysmem
  20200800    20200800    00000005   00000000    rw- .data
20207e00    20207e00    00000200   00000000    rw-
  20207e00    20207e00    00000200   00000000    rw- .stack


SECTION ALLOCATION MAP

 output                                  attributes/
section   page    origin      length       input sections
--------  ----  ----------  ----------   ----------------
.intvecs   0    00000000    000000c0     
                  00000000    000000c0     startup_mspm0g3507_ticlang.o (.intvecs)

.text      0    000000c0    00000900     
                  000000c0    00000168     clock.o (.text.clock_init_40mhz)
                  00000228    000000c4     lcd1602.o (.text.lcd1602_init)
                  000002ec    000000c0     lcd1602.o (.text.lcd1602_write)
                  000003ac    000000bc     LaunchPad.o (.text.I2C_init)
                  00000468    0000009c     LaunchPad.o (.text.is_pb_down)
                  00000504    0000009c     LaunchPad.o (.text.is_pb_up)
                  000005a0    00000094     LaunchPad.o (.text.I2C_send1)
                  00000634    00000078     libc.a : copy_decompress_lzss.c.obj (.text:decompress:lzss)
                  000006ac    0000005c     LaunchPad.o (.text.I2C_fill_tx_fifo)
                  00000708    00000058     lab6_main.o (.text.lab6_part1_to_part2)
                  00000760    00000048     lab6_main.o (.text.run_lab6_part1)
                  000007a8    00000040     libclang_rt.builtins.a : aeabi_uidivmod.S.obj (.text.__aeabi_uidivmod)
                  000007e8    0000003c     libc.a : autoinit.c.obj (.text:__TI_auto_init_nobinit_nopinit)
                  00000824    00000038     LaunchPad.o (.text.launchpad_gpio_init)
                  0000085c    00000034     clock.o (.text.msec_delay)
                  00000890    00000028     lab6_main.o (.text.main)
                  000008b8    00000028     libc.a : boot_cortex_m.c.obj (.text:_c_int00_noargs)
                  000008e0    00000024     lcd1602.o (.text.lcd_write_string)
                  00000904    00000020     lcd1602.o (.text.lcd_set_ddram_addr)
                  00000924    00000020     lcd1602.o (.text.lcd_set_display_on)
                  00000944    00000018     lcd1602.o (.text.lcd_write_char)
                  0000095c    00000012     libc.a : memcpy16.S.obj (.text:TI_memcpy_small)
                  0000096e    00000012            : copy_decompress_none.c.obj (.text:decompress:none)
                  00000980    00000010     clock.o (.text.clock_delay)
                  00000990    0000000e     lcd1602.o (.text.lcd_clear)
                  0000099e    00000002     libclang_rt.builtins.a : aeabi_div0.c.obj (.text.__aeabi_idiv0)
                  000009a0    00000008                            : aeabi_memcpy.S.obj (.text.__aeabi_memcpy)
                  000009a8    00000004     startup_mspm0g3507_ticlang.o (.text.Default_Handler)
                  000009ac    00000004     startup_mspm0g3507_ticlang.o (.text.HardFault_Handler)
                  000009b0    00000004     startup_mspm0g3507_ticlang.o (.text.Reset_Handler)
                  000009b4    00000004     libc.a : pre_init.c.obj (.text._system_pre_init)
                  000009b8    00000004            : exit.c.obj (.text:abort)
                  000009bc    00000004     --HOLE-- [fill = 0]

.cinit     0    00000a18    00000020     
                  00000a18    00000009     (.cinit..data.load) [load image, compression = lzss]
                  00000a21    00000003     --HOLE-- [fill = 0]
                  00000a24    00000008     (__TI_handler_table)
                  00000a2c    00000008     (__TI_cinit_table)
                  00000a34    00000004     --HOLE-- [fill = 0]

.rodata    0    000009c0    00000058     
                  000009c0    00000030     LaunchPad.o (.rodata.dip_switch_config_data)
                  000009f0    00000018     LaunchPad.o (.rodata.iic_config_data)
                  00000a08    0000000f     lab6_main.o (.rodata.str1.106331390941356200541)
                  00000a17    00000001     --HOLE-- [fill = 0]

.init_array 
*          0    00000000    00000000     UNINITIALIZED

.binit     0    00000000    00000000     

.data      0    20200800    00000005     UNINITIALIZED
                  20200800    00000004     clock.o (.data.g_bus_clock_freq)
                  20200804    00000001     lcd1602.o (.data.g_lcd_backlight_mode)

.sysmem    0    20200000    00000800     UNINITIALIZED
                  20200000    00000010     libc.a : memory.c.obj (.sysmem)
                  20200010    000007f0     --HOLE--

.stack     0    20207e00    00000200     UNINITIALIZED
                  20207e00    00000004     libc.a : boot_cortex_m.c.obj (.stack)
                  20207e04    000001fc     --HOLE--

__llvm_prf_cnts 
*          0    20200000    00000000     UNINITIALIZED

__llvm_prf_bits 
*          0    20200000    00000000     UNINITIALIZED

MODULE SUMMARY

       Module                         code   ro data   rw data
       ------                         ----   -------   -------
    ./
       LaunchPad.o                    796    72        0      
       lcd1602.o                      526    0         1      
       clock.o                        428    0         4      
       lab6_main.o                    200    15        0      
    +--+------------------------------+------+---------+---------+
       Total:                         1950   87        5      
                                                              
    ./ticlang/
       startup_mspm0g3507_ticlang.o   12     192       0      
    +--+------------------------------+------+---------+---------+
       Total:                         12     192       0      
                                                              
    /Applications/ti/ccstheia141/ccs/tools/compiler/ti-cgt-armllvm_3.2.1.LTS/lib/armv6m-ti-none-eabi/c/libc.a
       copy_decompress_lzss.c.obj     120    0         0      
       autoinit.c.obj                 60     0         0      
       boot_cortex_m.c.obj            40     0         0      
       copy_decompress_none.c.obj     18     0         0      
       memcpy16.S.obj                 18     0         0      
       exit.c.obj                     4      0         0      
       pre_init.c.obj                 4      0         0      
    +--+------------------------------+------+---------+---------+
       Total:                         264    0         0      
                                                              
    /Applications/ti/ccstheia141/ccs/tools/compiler/ti-cgt-armllvm_3.2.1.LTS/lib/clang/15.0.7/lib/armv6m-ti-none-eabi/libclang_rt.builtins.a
       aeabi_uidivmod.S.obj           64     0         0      
       aeabi_memcpy.S.obj             8      0         0      
       aeabi_div0.c.obj               2      0         0      
    +--+------------------------------+------+---------+---------+
       Total:                         74     0         0      
                                                              
       Heap:                          0      0         2048   
       Stack:                         0      0         512    
       Linker Generated:              0      25        0      
    +--+------------------------------+------+---------+---------+
       Grand Total:                   2300   304       2565   


LINKER GENERATED COPY TABLES

__TI_cinit_table @ 00000a2c records: 1, size/record: 8, table size: 8
	.data: load addr=00000a18, load size=00000009 bytes, run addr=20200800, run size=00000005 bytes, compression=lzss


LINKER GENERATED HANDLER TABLE

__TI_handler_table @ 00000a24 records: 2, size/record: 4, table size: 8
	index: 0, handler: __TI_decompress_lzss
	index: 1, handler: __TI_decompress_none


GLOBAL SYMBOLS: SORTED ALPHABETICALLY BY Name 

address   name                          
-------   ----                          
000009a9  ADC0_IRQHandler               
000009a9  ADC1_IRQHandler               
000009a9  AES_IRQHandler                
000009b8  C$$EXIT                       
000009a9  CANFD0_IRQHandler             
000009a9  DAC0_IRQHandler               
000009a9  DMA_IRQHandler                
000009a9  Default_Handler               
000009a9  GROUP0_IRQHandler             
000009a9  GROUP1_IRQHandler             
000009ad  HardFault_Handler             
000009a9  I2C0_IRQHandler               
000009a9  I2C1_IRQHandler               
000003ad  I2C_init                      
000005a1  I2C_send1                     
000009a9  NMI_Handler                   
000009a9  PendSV_Handler                
000009a9  RTC_IRQHandler                
000009b1  Reset_Handler                 
000009a9  SPI0_IRQHandler               
000009a9  SPI1_IRQHandler               
000009a9  SVC_Handler                   
000009a9  SysTick_Handler               
000009a9  TIMA0_IRQHandler              
000009a9  TIMA1_IRQHandler              
000009a9  TIMG0_IRQHandler              
000009a9  TIMG12_IRQHandler             
000009a9  TIMG6_IRQHandler              
000009a9  TIMG7_IRQHandler              
000009a9  TIMG8_IRQHandler              
0000095d  TI_memcpy_small               
000009a9  UART0_IRQHandler              
000009a9  UART1_IRQHandler              
000009a9  UART2_IRQHandler              
000009a9  UART3_IRQHandler              
20208000  __STACK_END                   
00000200  __STACK_SIZE                  
00000800  __SYSMEM_SIZE                 
00000000  __TI_ATRegion0_region_sz      
00000000  __TI_ATRegion0_src_addr       
00000000  __TI_ATRegion0_trg_addr       
00000000  __TI_ATRegion1_region_sz      
00000000  __TI_ATRegion1_src_addr       
00000000  __TI_ATRegion1_trg_addr       
00000000  __TI_ATRegion2_region_sz      
00000000  __TI_ATRegion2_src_addr       
00000000  __TI_ATRegion2_trg_addr       
00000a2c  __TI_CINIT_Base               
00000a34  __TI_CINIT_Limit              
00000a34  __TI_CINIT_Warm               
00000a24  __TI_Handler_Table_Base       
00000a2c  __TI_Handler_Table_Limit      
000007e9  __TI_auto_init_nobinit_nopinit
00000635  __TI_decompress_lzss          
0000096f  __TI_decompress_none          
ffffffff  __TI_pprof_out_hndl           
ffffffff  __TI_prof_data_size           
ffffffff  __TI_prof_data_start          
00000000  __TI_static_base__            
0000099f  __aeabi_idiv0                 
000009a1  __aeabi_memcpy                
000009a1  __aeabi_memcpy4               
000009a1  __aeabi_memcpy8               
000007a9  __aeabi_uidiv                 
000007a9  __aeabi_uidivmod              
ffffffff  __binit__                     
UNDEFED   __mpu_init                    
20207e00  __stack                       
20200000  __start___llvm_prf_bits       
20200000  __start___llvm_prf_cnts       
20200000  __stop___llvm_prf_bits        
20200000  __stop___llvm_prf_cnts        
000008b9  _c_int00_noargs               
20200000  _sys_memory                   
UNDEFED   _system_post_cinit            
000009b5  _system_pre_init              
000009b9  abort                         
ffffffff  binit                         
00000981  clock_delay                   
000000c1  clock_init_40mhz              
000009c0  dip_switch_config_data        
20200800  g_bus_clock_freq              
000009f0  iic_config_data               
00000000  interruptVectors              
00000469  is_pb_down                    
00000505  is_pb_up                      
00000709  lab6_part1_to_part2           
00000825  launchpad_gpio_init           
00000229  lcd1602_init                  
000002ed  lcd1602_write                 
00000991  lcd_clear                     
00000905  lcd_set_ddram_addr            
00000925  lcd_set_display_on            
00000945  lcd_write_char                
000008e1  lcd_write_string              
00000891  main                          
0000085d  msec_delay                    
00000761  run_lab6_part1                


GLOBAL SYMBOLS: SORTED BY Symbol Address 

address   name                          
-------   ----                          
00000000  __TI_ATRegion0_region_sz      
00000000  __TI_ATRegion0_src_addr       
00000000  __TI_ATRegion0_trg_addr       
00000000  __TI_ATRegion1_region_sz      
00000000  __TI_ATRegion1_src_addr       
00000000  __TI_ATRegion1_trg_addr       
00000000  __TI_ATRegion2_region_sz      
00000000  __TI_ATRegion2_src_addr       
00000000  __TI_ATRegion2_trg_addr       
00000000  __TI_static_base__            
00000000  interruptVectors              
000000c1  clock_init_40mhz              
00000200  __STACK_SIZE                  
00000229  lcd1602_init                  
000002ed  lcd1602_write                 
000003ad  I2C_init                      
00000469  is_pb_down                    
00000505  is_pb_up                      
000005a1  I2C_send1                     
00000635  __TI_decompress_lzss          
00000709  lab6_part1_to_part2           
00000761  run_lab6_part1                
000007a9  __aeabi_uidiv                 
000007a9  __aeabi_uidivmod              
000007e9  __TI_auto_init_nobinit_nopinit
00000800  __SYSMEM_SIZE                 
00000825  launchpad_gpio_init           
0000085d  msec_delay                    
00000891  main                          
000008b9  _c_int00_noargs               
000008e1  lcd_write_string              
00000905  lcd_set_ddram_addr            
00000925  lcd_set_display_on            
00000945  lcd_write_char                
0000095d  TI_memcpy_small               
0000096f  __TI_decompress_none          
00000981  clock_delay                   
00000991  lcd_clear                     
0000099f  __aeabi_idiv0                 
000009a1  __aeabi_memcpy                
000009a1  __aeabi_memcpy4               
000009a1  __aeabi_memcpy8               
000009a9  ADC0_IRQHandler               
000009a9  ADC1_IRQHandler               
000009a9  AES_IRQHandler                
000009a9  CANFD0_IRQHandler             
000009a9  DAC0_IRQHandler               
000009a9  DMA_IRQHandler                
000009a9  Default_Handler               
000009a9  GROUP0_IRQHandler             
000009a9  GROUP1_IRQHandler             
000009a9  I2C0_IRQHandler               
000009a9  I2C1_IRQHandler               
000009a9  NMI_Handler                   
000009a9  PendSV_Handler                
000009a9  RTC_IRQHandler                
000009a9  SPI0_IRQHandler               
000009a9  SPI1_IRQHandler               
000009a9  SVC_Handler                   
000009a9  SysTick_Handler               
000009a9  TIMA0_IRQHandler              
000009a9  TIMA1_IRQHandler              
000009a9  TIMG0_IRQHandler              
000009a9  TIMG12_IRQHandler             
000009a9  TIMG6_IRQHandler              
000009a9  TIMG7_IRQHandler              
000009a9  TIMG8_IRQHandler              
000009a9  UART0_IRQHandler              
000009a9  UART1_IRQHandler              
000009a9  UART2_IRQHandler              
000009a9  UART3_IRQHandler              
000009ad  HardFault_Handler             
000009b1  Reset_Handler                 
000009b5  _system_pre_init              
000009b8  C$$EXIT                       
000009b9  abort                         
000009c0  dip_switch_config_data        
000009f0  iic_config_data               
00000a24  __TI_Handler_Table_Base       
00000a2c  __TI_CINIT_Base               
00000a2c  __TI_Handler_Table_Limit      
00000a34  __TI_CINIT_Limit              
00000a34  __TI_CINIT_Warm               
20200000  __start___llvm_prf_bits       
20200000  __start___llvm_prf_cnts       
20200000  __stop___llvm_prf_bits        
20200000  __stop___llvm_prf_cnts        
20200000  _sys_memory                   
20200800  g_bus_clock_freq              
20207e00  __stack                       
20208000  __STACK_END                   
ffffffff  __TI_pprof_out_hndl           
ffffffff  __TI_prof_data_size           
ffffffff  __TI_prof_data_start          
ffffffff  __binit__                     
ffffffff  binit                         
UNDEFED   __mpu_init                    
UNDEFED   _system_post_cinit            

[98 symbols]
