******************************************************************************
            TI ARM Clang Linker Unix v3.2.1                    
******************************************************************************
>> Linked Wed Apr  9 14:27:59 2025

OUTPUT FILE NAME:   <lab10_p1.out>
ENTRY POINT SYMBOL: "_c_int00_noargs"  address: 00000a65


MEMORY CONFIGURATION

         name            origin    length      used     unused   attr    fill
----------------------  --------  ---------  --------  --------  ----  --------
  FLASH                 00000000   00020000  00000c08  0001f3f8  R  X
  SRAM                  20200000   00008000  00000a05  000075fb  RW X
  BCR_CONFIG            41c00000   00000080  00000000  00000080  R   
  BSL_CONFIG            41c00100   00000080  00000000  00000080  R   


SEGMENT ALLOCATION MAP

run origin  load origin   length   init length attrs members
----------  ----------- ---------- ----------- ----- -------
00000000    00000000    00000c08   00000c08    r-x
  00000000    00000000    000000c0   000000c0    r-- .intvecs
  000000c0    000000c0    00000af8   00000af8    r-x .text
  00000bb8    00000bb8    00000030   00000030    r-- .rodata
  00000be8    00000be8    00000020   00000020    r-- .cinit
20200000    20200000    00000805   00000000    rw-
  20200000    20200000    00000800   00000000    rw- .sysmem
  20200800    20200800    00000005   00000000    rw- .data
20207e00    20207e00    00000200   00000000    rw-
  20207e00    20207e00    00000200   00000000    rw- .stack


SECTION ALLOCATION MAP

 output                                  attributes/
section   page    origin      length       input sections
--------  ----  ----------  ----------   ----------------
.intvecs   0    00000000    000000c0     
                  00000000    000000c0     startup_mspm0g3507_ticlang.o (.intvecs)

.text      0    000000c0    00000af8     
                  000000c0    00000192     libclang_rt.builtins.a : adddf3.S.obj (.text.adddf3_subdf3)
                  00000252    00000002                            : aeabi_div0.c.obj (.text.__aeabi_idiv0)
                  00000254    00000168     clock.o (.text.clock_init_40mhz)
                  000003bc    000000d4     uart.o (.text.UART_init)
                  00000490    000000c4     lcd1602.o (.text.lcd1602_init)
                  00000554    000000c0     lcd1602.o (.text.lcd1602_write)
                  00000614    000000bc     LaunchPad.o (.text.I2C_init)
                  000006d0    000000a8     lab10p1_main.o (.text.run_lab10_part1)
                  00000778    00000094     LaunchPad.o (.text.I2C_send1)
                  0000080c    00000078     libc.a : copy_decompress_lzss.c.obj (.text:decompress:lzss)
                  00000884    0000005c     LaunchPad.o (.text.I2C_fill_tx_fifo)
                  000008e0    00000042     libclang_rt.builtins.a : fixunsdfsi.S.obj (.text.__fixunsdfsi)
                  00000922    00000002     --HOLE-- [fill = 0]
                  00000924    00000040                            : aeabi_uidivmod.S.obj (.text.__aeabi_uidivmod)
                  00000964    0000003c     libc.a : autoinit.c.obj (.text:__TI_auto_init_nobinit_nopinit)
                  000009a0    00000038     LaunchPad.o (.text.launchpad_gpio_init)
                  000009d8    00000034     clock.o (.text.msec_delay)
                  00000a0c    0000002c     uart.o (.text.UART_out_char)
                  00000a38    0000002c     lab10p1_main.o (.text.main)
                  00000a64    00000028     libc.a : boot_cortex_m.c.obj (.text:_c_int00_noargs)
                  00000a8c    00000024     libclang_rt.builtins.a : floatunsidf.S.obj (.text.__floatunsidf)
                  00000ab0    00000024     lcd1602.o (.text.lcd_write_string)
                  00000ad4    00000020     uart.o (.text.UART_in_char)
                  00000af4    00000020     lcd1602.o (.text.lcd_set_ddram_addr)
                  00000b14    00000020     lcd1602.o (.text.lcd_set_display_on)
                  00000b34    00000018     lcd1602.o (.text.lcd_write_char)
                  00000b4c    00000012     libc.a : memcpy16.S.obj (.text:TI_memcpy_small)
                  00000b5e    00000012            : copy_decompress_none.c.obj (.text:decompress:none)
                  00000b70    00000010     clock.o (.text.clock_delay)
                  00000b80    0000000e     lcd1602.o (.text.lcd_clear)
                  00000b8e    00000002     --HOLE-- [fill = 0]
                  00000b90    0000000c     clock.o (.text.get_bus_clock_freq)
                  00000b9c    00000008     libclang_rt.builtins.a : aeabi_memcpy.S.obj (.text.__aeabi_memcpy)
                  00000ba4    00000004     startup_mspm0g3507_ticlang.o (.text.Default_Handler)
                  00000ba8    00000004     startup_mspm0g3507_ticlang.o (.text.HardFault_Handler)
                  00000bac    00000004     startup_mspm0g3507_ticlang.o (.text.Reset_Handler)
                  00000bb0    00000004     libc.a : pre_init.c.obj (.text._system_pre_init)
                  00000bb4    00000004            : exit.c.obj (.text:abort)

.cinit     0    00000be8    00000020     
                  00000be8    00000009     (.cinit..data.load) [load image, compression = lzss]
                  00000bf1    00000003     --HOLE-- [fill = 0]
                  00000bf4    00000008     (__TI_handler_table)
                  00000bfc    00000008     (__TI_cinit_table)
                  00000c04    00000004     --HOLE-- [fill = 0]

.rodata    0    00000bb8    00000030     
                  00000bb8    00000018     LaunchPad.o (.rodata.iic_config_data)
                  00000bd0    00000010     lab10p1_main.o (.rodata.str1.124035319225124915671)
                  00000be0    00000006     lab10p1_main.o (.rodata.str1.32977147752246422241)
                  00000be6    00000002     --HOLE-- [fill = 0]

.init_array 
*          0    00000000    00000000     UNINITIALIZED

.binit     0    00000000    00000000     

.data      0    20200800    00000005     UNINITIALIZED
                  20200800    00000004     clock.o (.data.g_bus_clock_freq)
                  20200804    00000001     lcd1602.o (.data.g_lcd_backlight_mode)

.sysmem    0    20200000    00000800     UNINITIALIZED
                  20200000    00000010     libc.a : memory.c.obj (.sysmem)
                  20200010    000007f0     --HOLE--

.stack     0    20207e00    00000200     UNINITIALIZED
                  20207e00    00000004     libc.a : boot_cortex_m.c.obj (.stack)
                  20207e04    000001fc     --HOLE--

__llvm_prf_cnts 
*          0    20200000    00000000     UNINITIALIZED

__llvm_prf_bits 
*          0    20200000    00000000     UNINITIALIZED

MODULE SUMMARY

       Module                         code   ro data   rw data
       ------                         ----   -------   -------
    ./
       lcd1602.o                      526    0         1      
       LaunchPad.o                    484    24        0      
       clock.o                        440    0         4      
       uart.o                         288    0         0      
       lab10p1_main.o                 212    22        0      
    +--+------------------------------+------+---------+---------+
       Total:                         1950   46        5      
                                                              
    ./ticlang/
       startup_mspm0g3507_ticlang.o   12     192       0      
    +--+------------------------------+------+---------+---------+
       Total:                         12     192       0      
                                                              
    /Applications/ti/ccstheia141/ccs/tools/compiler/ti-cgt-armllvm_3.2.1.LTS/lib/armv6m-ti-none-eabi/c/libc.a
       copy_decompress_lzss.c.obj     120    0         0      
       autoinit.c.obj                 60     0         0      
       boot_cortex_m.c.obj            40     0         0      
       copy_decompress_none.c.obj     18     0         0      
       memcpy16.S.obj                 18     0         0      
       exit.c.obj                     4      0         0      
       pre_init.c.obj                 4      0         0      
    +--+------------------------------+------+---------+---------+
       Total:                         264    0         0      
                                                              
    /Applications/ti/ccstheia141/ccs/tools/compiler/ti-cgt-armllvm_3.2.1.LTS/lib/clang/15.0.7/lib/armv6m-ti-none-eabi/libclang_rt.builtins.a
       adddf3.S.obj                   402    0         0      
       fixunsdfsi.S.obj               66     0         0      
       aeabi_uidivmod.S.obj           64     0         0      
       floatunsidf.S.obj              36     0         0      
       aeabi_memcpy.S.obj             8      0         0      
       aeabi_div0.c.obj               2      0         0      
    +--+------------------------------+------+---------+---------+
       Total:                         578    0         0      
                                                              
       Heap:                          0      0         2048   
       Stack:                         0      0         512    
       Linker Generated:              0      25        0      
    +--+------------------------------+------+---------+---------+
       Grand Total:                   2804   263       2565   


LINKER GENERATED COPY TABLES

__TI_cinit_table @ 00000bfc records: 1, size/record: 8, table size: 8
	.data: load addr=00000be8, load size=00000009 bytes, run addr=20200800, run size=00000005 bytes, compression=lzss


LINKER GENERATED HANDLER TABLE

__TI_handler_table @ 00000bf4 records: 2, size/record: 4, table size: 8
	index: 0, handler: __TI_decompress_lzss
	index: 1, handler: __TI_decompress_none


GLOBAL SYMBOLS: SORTED ALPHABETICALLY BY Name 

address   name                          
-------   ----                          
00000ba5  ADC0_IRQHandler               
00000ba5  ADC1_IRQHandler               
00000ba5  AES_IRQHandler                
00000bb4  C$$EXIT                       
00000ba5  CANFD0_IRQHandler             
00000ba5  DAC0_IRQHandler               
00000ba5  DMA_IRQHandler                
00000ba5  Default_Handler               
00000ba5  GROUP0_IRQHandler             
00000ba5  GROUP1_IRQHandler             
00000ba9  HardFault_Handler             
00000ba5  I2C0_IRQHandler               
00000ba5  I2C1_IRQHandler               
00000615  I2C_init                      
00000779  I2C_send1                     
00000ba5  NMI_Handler                   
00000ba5  PendSV_Handler                
00000ba5  RTC_IRQHandler                
00000bad  Reset_Handler                 
00000ba5  SPI0_IRQHandler               
00000ba5  SPI1_IRQHandler               
00000ba5  SVC_Handler                   
00000ba5  SysTick_Handler               
00000ba5  TIMA0_IRQHandler              
00000ba5  TIMA1_IRQHandler              
00000ba5  TIMG0_IRQHandler              
00000ba5  TIMG12_IRQHandler             
00000ba5  TIMG6_IRQHandler              
00000ba5  TIMG7_IRQHandler              
00000ba5  TIMG8_IRQHandler              
00000b4d  TI_memcpy_small               
00000ba5  UART0_IRQHandler              
00000ba5  UART1_IRQHandler              
00000ba5  UART2_IRQHandler              
00000ba5  UART3_IRQHandler              
00000ad5  UART_in_char                  
000003bd  UART_init                     
00000a0d  UART_out_char                 
20208000  __STACK_END                   
00000200  __STACK_SIZE                  
00000800  __SYSMEM_SIZE                 
00000000  __TI_ATRegion0_region_sz      
00000000  __TI_ATRegion0_src_addr       
00000000  __TI_ATRegion0_trg_addr       
00000000  __TI_ATRegion1_region_sz      
00000000  __TI_ATRegion1_src_addr       
00000000  __TI_ATRegion1_trg_addr       
00000000  __TI_ATRegion2_region_sz      
00000000  __TI_ATRegion2_src_addr       
00000000  __TI_ATRegion2_trg_addr       
00000bfc  __TI_CINIT_Base               
00000c04  __TI_CINIT_Limit              
00000c04  __TI_CINIT_Warm               
00000bf4  __TI_Handler_Table_Base       
00000bfc  __TI_Handler_Table_Limit      
00000965  __TI_auto_init_nobinit_nopinit
0000080d  __TI_decompress_lzss          
00000b5f  __TI_decompress_none          
ffffffff  __TI_pprof_out_hndl           
ffffffff  __TI_prof_data_size           
ffffffff  __TI_prof_data_start          
00000000  __TI_static_base__            
000000cb  __adddf3                      
000008e1  __aeabi_d2uiz                 
000000cb  __aeabi_dadd                  
000000c1  __aeabi_dsub                  
00000253  __aeabi_idiv0                 
00000b9d  __aeabi_memcpy                
00000b9d  __aeabi_memcpy4               
00000b9d  __aeabi_memcpy8               
00000a8d  __aeabi_ui2d                  
00000925  __aeabi_uidiv                 
00000925  __aeabi_uidivmod              
ffffffff  __binit__                     
000008e1  __fixunsdfsi                  
00000a8d  __floatunsidf                 
UNDEFED   __mpu_init                    
20207e00  __stack                       
20200000  __start___llvm_prf_bits       
20200000  __start___llvm_prf_cnts       
20200000  __stop___llvm_prf_bits        
20200000  __stop___llvm_prf_cnts        
000000c1  __subdf3                      
00000a65  _c_int00_noargs               
20200000  _sys_memory                   
UNDEFED   _system_post_cinit            
00000bb1  _system_pre_init              
00000bb5  abort                         
ffffffff  binit                         
00000b71  clock_delay                   
00000255  clock_init_40mhz              
20200800  g_bus_clock_freq              
00000b91  get_bus_clock_freq            
00000bb8  iic_config_data               
00000000  interruptVectors              
000009a1  launchpad_gpio_init           
00000491  lcd1602_init                  
00000555  lcd1602_write                 
00000b81  lcd_clear                     
00000af5  lcd_set_ddram_addr            
00000b15  lcd_set_display_on            
00000b35  lcd_write_char                
00000ab1  lcd_write_string              
00000a39  main                          
000009d9  msec_delay                    
000006d1  run_lab10_part1               


GLOBAL SYMBOLS: SORTED BY Symbol Address 

address   name                          
-------   ----                          
00000000  __TI_ATRegion0_region_sz      
00000000  __TI_ATRegion0_src_addr       
00000000  __TI_ATRegion0_trg_addr       
00000000  __TI_ATRegion1_region_sz      
00000000  __TI_ATRegion1_src_addr       
00000000  __TI_ATRegion1_trg_addr       
00000000  __TI_ATRegion2_region_sz      
00000000  __TI_ATRegion2_src_addr       
00000000  __TI_ATRegion2_trg_addr       
00000000  __TI_static_base__            
00000000  interruptVectors              
000000c1  __aeabi_dsub                  
000000c1  __subdf3                      
000000cb  __adddf3                      
000000cb  __aeabi_dadd                  
00000200  __STACK_SIZE                  
00000253  __aeabi_idiv0                 
00000255  clock_init_40mhz              
000003bd  UART_init                     
00000491  lcd1602_init                  
00000555  lcd1602_write                 
00000615  I2C_init                      
000006d1  run_lab10_part1               
00000779  I2C_send1                     
00000800  __SYSMEM_SIZE                 
0000080d  __TI_decompress_lzss          
000008e1  __aeabi_d2uiz                 
000008e1  __fixunsdfsi                  
00000925  __aeabi_uidiv                 
00000925  __aeabi_uidivmod              
00000965  __TI_auto_init_nobinit_nopinit
000009a1  launchpad_gpio_init           
000009d9  msec_delay                    
00000a0d  UART_out_char                 
00000a39  main                          
00000a65  _c_int00_noargs               
00000a8d  __aeabi_ui2d                  
00000a8d  __floatunsidf                 
00000ab1  lcd_write_string              
00000ad5  UART_in_char                  
00000af5  lcd_set_ddram_addr            
00000b15  lcd_set_display_on            
00000b35  lcd_write_char                
00000b4d  TI_memcpy_small               
00000b5f  __TI_decompress_none          
00000b71  clock_delay                   
00000b81  lcd_clear                     
00000b91  get_bus_clock_freq            
00000b9d  __aeabi_memcpy                
00000b9d  __aeabi_memcpy4               
00000b9d  __aeabi_memcpy8               
00000ba5  ADC0_IRQHandler               
00000ba5  ADC1_IRQHandler               
00000ba5  AES_IRQHandler                
00000ba5  CANFD0_IRQHandler             
00000ba5  DAC0_IRQHandler               
00000ba5  DMA_IRQHandler                
00000ba5  Default_Handler               
00000ba5  GROUP0_IRQHandler             
00000ba5  GROUP1_IRQHandler             
00000ba5  I2C0_IRQHandler               
00000ba5  I2C1_IRQHandler               
00000ba5  NMI_Handler                   
00000ba5  PendSV_Handler                
00000ba5  RTC_IRQHandler                
00000ba5  SPI0_IRQHandler               
00000ba5  SPI1_IRQHandler               
00000ba5  SVC_Handler                   
00000ba5  SysTick_Handler               
00000ba5  TIMA0_IRQHandler              
00000ba5  TIMA1_IRQHandler              
00000ba5  TIMG0_IRQHandler              
00000ba5  TIMG12_IRQHandler             
00000ba5  TIMG6_IRQHandler              
00000ba5  TIMG7_IRQHandler              
00000ba5  TIMG8_IRQHandler              
00000ba5  UART0_IRQHandler              
00000ba5  UART1_IRQHandler              
00000ba5  UART2_IRQHandler              
00000ba5  UART3_IRQHandler              
00000ba9  HardFault_Handler             
00000bad  Reset_Handler                 
00000bb1  _system_pre_init              
00000bb4  C$$EXIT                       
00000bb5  abort                         
00000bb8  iic_config_data               
00000bf4  __TI_Handler_Table_Base       
00000bfc  __TI_CINIT_Base               
00000bfc  __TI_Handler_Table_Limit      
00000c04  __TI_CINIT_Limit              
00000c04  __TI_CINIT_Warm               
20200000  __start___llvm_prf_bits       
20200000  __start___llvm_prf_cnts       
20200000  __stop___llvm_prf_bits        
20200000  __stop___llvm_prf_cnts        
20200000  _sys_memory                   
20200800  g_bus_clock_freq              
20207e00  __stack                       
20208000  __STACK_END                   
ffffffff  __TI_pprof_out_hndl           
ffffffff  __TI_prof_data_size           
ffffffff  __TI_prof_data_start          
ffffffff  __binit__                     
ffffffff  binit                         
UNDEFED   __mpu_init                    
UNDEFED   _system_post_cinit            

[106 symbols]
