******************************************************************************
            TI ARM Clang Linker Unix v3.2.1                    
******************************************************************************
>> Linked Wed Mar 19 15:41:56 2025

OUTPUT FILE NAME:   <lab7p3.out>
ENTRY POINT SYMBOL: "_c_int00_noargs"  address: 00000ea5


MEMORY CONFIGURATION

         name            origin    length      used     unused   attr    fill
----------------------  --------  ---------  --------  --------  ----  --------
  FLASH                 00000000   00020000  00001110  0001eef0  R  X
  SRAM                  20200000   00008000  00000a05  000075fb  RW X
  BCR_CONFIG            41c00000   00000080  00000000  00000080  R   
  BSL_CONFIG            41c00100   00000080  00000000  00000080  R   


SEGMENT ALLOCATION MAP

run origin  load origin   length   init length attrs members
----------  ----------- ---------- ----------- ----- -------
00000000    00000000    00001110   00001110    r-x
  00000000    00000000    000000c0   000000c0    r-- .intvecs
  000000c0    000000c0    00000f48   00000f48    r-x .text
  00001008    00001008    000000e8   000000e8    r-- .rodata
  000010f0    000010f0    00000020   00000020    r-- .cinit
20200000    20200000    00000805   00000000    rw-
  20200000    20200000    00000800   00000000    rw- .sysmem
  20200800    20200800    00000005   00000000    rw- .data
20207e00    20207e00    00000200   00000000    rw-
  20207e00    20207e00    00000200   00000000    rw- .stack


SECTION ALLOCATION MAP

 output                                  attributes/
section   page    origin      length       input sections
--------  ----  ----------  ----------   ----------------
.intvecs   0    00000000    000000c0     
                  00000000    000000c0     startup_mspm0g3507_ticlang.o (.intvecs)

.text      0    000000c0    00000f48     
                  000000c0    00000180     LaunchPad.o (.text.leds_on)
                  00000240    00000168     clock.o (.text.clock_init_40mhz)
                  000003a8    0000010c     LaunchPad.o (.text.seg7_init)
                  000004b4    000000d0     LaunchPad.o (.text.leds_off)
                  00000584    000000c4     lcd1602.o (.text.lcd1602_init)
                  00000648    000000c0     lcd1602.o (.text.lcd1602_write)
                  00000708    000000bc     LaunchPad.o (.text.I2C_init)
                  000007c4    000000b4     LaunchPad.o (.text.dipsw_read)
                  00000878    000000ac     LaunchPad.o (.text.led_init)
                  00000924    00000094     LaunchPad.o (.text.I2C_send1)
                  000009b8    0000007c     lcd1602.o (.text.byte_to_ascii)
                  00000a34    00000078     libc.a : copy_decompress_lzss.c.obj (.text:decompress:lzss)
                  00000aac    00000074     LaunchPad.o (.text.seg7_off)
                  00000b20    00000068     lab7p3_main.o (.text.run_lab7_part3)
                  00000b88    0000005c     LaunchPad.o (.text.I2C_fill_tx_fifo)
                  00000be4    00000058     LaunchPad.o (.text.seg7_dig_enable)
                  00000c3c    00000056     lab7p3_main.o (.text.SysTick_Handler)
                  00000c92    00000002     libclang_rt.builtins.a : aeabi_div0.c.obj (.text.__aeabi_idiv0)
                  00000c94    0000004c     LaunchPad.o (.text.dipsw_init)
                  00000ce0    00000040     libclang_rt.builtins.a : aeabi_uidivmod.S.obj (.text.__aeabi_uidivmod)
                  00000d20    00000040     lab7p3_main.o (.text.main)
                  00000d60    00000040     LaunchPad.o (.text.seg7_hex)
                  00000da0    0000003c     libc.a : autoinit.c.obj (.text:__TI_auto_init_nobinit_nopinit)
                  00000ddc    00000038     LaunchPad.o (.text.launchpad_gpio_init)
                  00000e14    00000034     clock.o (.text.msec_delay)
                  00000e48    00000034     clock.o (.text.sys_tick_init)
                  00000e7c    00000028     lcd1602.o (.text.lcd_write_byte)
                  00000ea4    00000028     libc.a : boot_cortex_m.c.obj (.text:_c_int00_noargs)
                  00000ecc    00000026     LaunchPad.o (.text.seg7_on)
                  00000ef2    00000024     lcd1602.o (.text.lcd_write_string)
                  00000f16    00000020     lcd1602.o (.text.lcd_set_ddram_addr)
                  00000f36    00000002     --HOLE-- [fill = 0]
                  00000f38    00000020     lcd1602.o (.text.lcd_set_display_on)
                  00000f58    0000001c     clock.o (.text.sys_tick_disable)
                  00000f74    00000018     lcd1602.o (.text.lcd_write_char)
                  00000f8c    00000018     LaunchPad.o (.text.led_disable)
                  00000fa4    00000012     libc.a : memcpy16.S.obj (.text:TI_memcpy_small)
                  00000fb6    00000012            : copy_decompress_none.c.obj (.text:decompress:none)
                  00000fc8    00000010     clock.o (.text.clock_delay)
                  00000fd8    0000000e     lcd1602.o (.text.lcd_clear)
                  00000fe6    00000002     --HOLE-- [fill = 0]
                  00000fe8    00000008     libclang_rt.builtins.a : aeabi_memcpy.S.obj (.text.__aeabi_memcpy)
                  00000ff0    00000004     startup_mspm0g3507_ticlang.o (.text.Default_Handler)
                  00000ff4    00000004     startup_mspm0g3507_ticlang.o (.text.HardFault_Handler)
                  00000ff8    00000004     startup_mspm0g3507_ticlang.o (.text.Reset_Handler)
                  00000ffc    00000004     libc.a : pre_init.c.obj (.text._system_pre_init)
                  00001000    00000004            : exit.c.obj (.text:abort)
                  00001004    00000004     --HOLE-- [fill = 0]

.cinit     0    000010f0    00000020     
                  000010f0    00000009     (.cinit..data.load) [load image, compression = lzss]
                  000010f9    00000003     --HOLE-- [fill = 0]
                  000010fc    00000008     (__TI_handler_table)
                  00001104    00000008     (__TI_cinit_table)
                  0000110c    00000004     --HOLE-- [fill = 0]

.rodata    0    00001008    000000e8     
                  00001008    00000060     LaunchPad.o (.rodata.led_config_data)
                  00001068    0000003c     LaunchPad.o (.rodata.enable_controls)
                  000010a4    00000030     LaunchPad.o (.rodata.dip_switch_config_data)
                  000010d4    00000018     LaunchPad.o (.rodata.iic_config_data)
                  000010ec    00000004     --HOLE-- [fill = 0]

.init_array 
*          0    00000000    00000000     UNINITIALIZED

.binit     0    00000000    00000000     

.data      0    20200800    00000005     UNINITIALIZED
                  20200800    00000004     clock.o (.data.g_bus_clock_freq)
                  20200804    00000001     lcd1602.o (.data.g_lcd_backlight_mode)

.sysmem    0    20200000    00000800     UNINITIALIZED
                  20200000    00000010     libc.a : memory.c.obj (.sysmem)
                  20200010    000007f0     --HOLE--

.stack     0    20207e00    00000200     UNINITIALIZED
                  20207e00    00000004     libc.a : boot_cortex_m.c.obj (.stack)
                  20207e04    000001fc     --HOLE--

__llvm_prf_cnts 
*          0    20200000    00000000     UNINITIALIZED

__llvm_prf_bits 
*          0    20200000    00000000     UNINITIALIZED

MODULE SUMMARY

       Module                         code   ro data   rw data
       ------                         ----   -------   -------
    ./
       LaunchPad.o                    2102   228       0      
       lcd1602.o                      690    0         1      
       clock.o                        508    0         4      
       lab7p3_main.o                  254    0         0      
    +--+------------------------------+------+---------+---------+
       Total:                         3554   228       5      
                                                              
    ./ticlang/
       startup_mspm0g3507_ticlang.o   12     192       0      
    +--+------------------------------+------+---------+---------+
       Total:                         12     192       0      
                                                              
    /Applications/ti/ccstheia141/ccs/tools/compiler/ti-cgt-armllvm_3.2.1.LTS/lib/armv6m-ti-none-eabi/c/libc.a
       copy_decompress_lzss.c.obj     120    0         0      
       autoinit.c.obj                 60     0         0      
       boot_cortex_m.c.obj            40     0         0      
       copy_decompress_none.c.obj     18     0         0      
       memcpy16.S.obj                 18     0         0      
       exit.c.obj                     4      0         0      
       pre_init.c.obj                 4      0         0      
    +--+------------------------------+------+---------+---------+
       Total:                         264    0         0      
                                                              
    /Applications/ti/ccstheia141/ccs/tools/compiler/ti-cgt-armllvm_3.2.1.LTS/lib/clang/15.0.7/lib/armv6m-ti-none-eabi/libclang_rt.builtins.a
       aeabi_uidivmod.S.obj           64     0         0      
       aeabi_memcpy.S.obj             8      0         0      
       aeabi_div0.c.obj               2      0         0      
    +--+------------------------------+------+---------+---------+
       Total:                         74     0         0      
                                                              
       Heap:                          0      0         2048   
       Stack:                         0      0         512    
       Linker Generated:              0      25        0      
    +--+------------------------------+------+---------+---------+
       Grand Total:                   3904   445       2565   


LINKER GENERATED COPY TABLES

__TI_cinit_table @ 00001104 records: 1, size/record: 8, table size: 8
	.data: load addr=000010f0, load size=00000009 bytes, run addr=20200800, run size=00000005 bytes, compression=lzss


LINKER GENERATED HANDLER TABLE

__TI_handler_table @ 000010fc records: 2, size/record: 4, table size: 8
	index: 0, handler: __TI_decompress_lzss
	index: 1, handler: __TI_decompress_none


GLOBAL SYMBOLS: SORTED ALPHABETICALLY BY Name 

address   name                          
-------   ----                          
00000ff1  ADC0_IRQHandler               
00000ff1  ADC1_IRQHandler               
00000ff1  AES_IRQHandler                
00001000  C$$EXIT                       
00000ff1  CANFD0_IRQHandler             
00000ff1  DAC0_IRQHandler               
00000ff1  DMA_IRQHandler                
00000ff1  Default_Handler               
00000ff1  GROUP0_IRQHandler             
00000ff1  GROUP1_IRQHandler             
00000ff5  HardFault_Handler             
00000ff1  I2C0_IRQHandler               
00000ff1  I2C1_IRQHandler               
00000709  I2C_init                      
00000925  I2C_send1                     
00000ff1  NMI_Handler                   
00000ff1  PendSV_Handler                
00000ff1  RTC_IRQHandler                
00000ff9  Reset_Handler                 
00000ff1  SPI0_IRQHandler               
00000ff1  SPI1_IRQHandler               
00000ff1  SVC_Handler                   
00000c3d  SysTick_Handler               
00000ff1  TIMA0_IRQHandler              
00000ff1  TIMA1_IRQHandler              
00000ff1  TIMG0_IRQHandler              
00000ff1  TIMG12_IRQHandler             
00000ff1  TIMG6_IRQHandler              
00000ff1  TIMG7_IRQHandler              
00000ff1  TIMG8_IRQHandler              
00000fa5  TI_memcpy_small               
00000ff1  UART0_IRQHandler              
00000ff1  UART1_IRQHandler              
00000ff1  UART2_IRQHandler              
00000ff1  UART3_IRQHandler              
20208000  __STACK_END                   
00000200  __STACK_SIZE                  
00000800  __SYSMEM_SIZE                 
00000000  __TI_ATRegion0_region_sz      
00000000  __TI_ATRegion0_src_addr       
00000000  __TI_ATRegion0_trg_addr       
00000000  __TI_ATRegion1_region_sz      
00000000  __TI_ATRegion1_src_addr       
00000000  __TI_ATRegion1_trg_addr       
00000000  __TI_ATRegion2_region_sz      
00000000  __TI_ATRegion2_src_addr       
00000000  __TI_ATRegion2_trg_addr       
00001104  __TI_CINIT_Base               
0000110c  __TI_CINIT_Limit              
0000110c  __TI_CINIT_Warm               
000010fc  __TI_Handler_Table_Base       
00001104  __TI_Handler_Table_Limit      
00000da1  __TI_auto_init_nobinit_nopinit
00000a35  __TI_decompress_lzss          
00000fb7  __TI_decompress_none          
ffffffff  __TI_pprof_out_hndl           
ffffffff  __TI_prof_data_size           
ffffffff  __TI_prof_data_start          
00000000  __TI_static_base__            
00000c93  __aeabi_idiv0                 
00000fe9  __aeabi_memcpy                
00000fe9  __aeabi_memcpy4               
00000fe9  __aeabi_memcpy8               
00000ce1  __aeabi_uidiv                 
00000ce1  __aeabi_uidivmod              
ffffffff  __binit__                     
UNDEFED   __mpu_init                    
20207e00  __stack                       
20200000  __start___llvm_prf_bits       
20200000  __start___llvm_prf_cnts       
20200000  __stop___llvm_prf_bits        
20200000  __stop___llvm_prf_cnts        
00000ea5  _c_int00_noargs               
20200000  _sys_memory                   
UNDEFED   _system_post_cinit            
00000ffd  _system_pre_init              
00001001  abort                         
ffffffff  binit                         
000009b9  byte_to_ascii                 
00000fc9  clock_delay                   
00000241  clock_init_40mhz              
000010a4  dip_switch_config_data        
00000c95  dipsw_init                    
000007c5  dipsw_read                    
00001068  enable_controls               
20200800  g_bus_clock_freq              
000010d4  iic_config_data               
00000000  interruptVectors              
00000ddd  launchpad_gpio_init           
00000585  lcd1602_init                  
00000649  lcd1602_write                 
00000fd9  lcd_clear                     
00000f17  lcd_set_ddram_addr            
00000f39  lcd_set_display_on            
00000e7d  lcd_write_byte                
00000f75  lcd_write_char                
00000ef3  lcd_write_string              
00001008  led_config_data               
00000f8d  led_disable                   
00000879  led_init                      
000004b5  leds_off                      
000000c1  leds_on                       
00000d21  main                          
00000e15  msec_delay                    
00000b21  run_lab7_part3                
00000be5  seg7_dig_enable               
00000d61  seg7_hex                      
000003a9  seg7_init                     
00000aad  seg7_off                      
00000ecd  seg7_on                       
00000f59  sys_tick_disable              
00000e49  sys_tick_init                 


GLOBAL SYMBOLS: SORTED BY Symbol Address 

address   name                          
-------   ----                          
00000000  __TI_ATRegion0_region_sz      
00000000  __TI_ATRegion0_src_addr       
00000000  __TI_ATRegion0_trg_addr       
00000000  __TI_ATRegion1_region_sz      
00000000  __TI_ATRegion1_src_addr       
00000000  __TI_ATRegion1_trg_addr       
00000000  __TI_ATRegion2_region_sz      
00000000  __TI_ATRegion2_src_addr       
00000000  __TI_ATRegion2_trg_addr       
00000000  __TI_static_base__            
00000000  interruptVectors              
000000c1  leds_on                       
00000200  __STACK_SIZE                  
00000241  clock_init_40mhz              
000003a9  seg7_init                     
000004b5  leds_off                      
00000585  lcd1602_init                  
00000649  lcd1602_write                 
00000709  I2C_init                      
000007c5  dipsw_read                    
00000800  __SYSMEM_SIZE                 
00000879  led_init                      
00000925  I2C_send1                     
000009b9  byte_to_ascii                 
00000a35  __TI_decompress_lzss          
00000aad  seg7_off                      
00000b21  run_lab7_part3                
00000be5  seg7_dig_enable               
00000c3d  SysTick_Handler               
00000c93  __aeabi_idiv0                 
00000c95  dipsw_init                    
00000ce1  __aeabi_uidiv                 
00000ce1  __aeabi_uidivmod              
00000d21  main                          
00000d61  seg7_hex                      
00000da1  __TI_auto_init_nobinit_nopinit
00000ddd  launchpad_gpio_init           
00000e15  msec_delay                    
00000e49  sys_tick_init                 
00000e7d  lcd_write_byte                
00000ea5  _c_int00_noargs               
00000ecd  seg7_on                       
00000ef3  lcd_write_string              
00000f17  lcd_set_ddram_addr            
00000f39  lcd_set_display_on            
00000f59  sys_tick_disable              
00000f75  lcd_write_char                
00000f8d  led_disable                   
00000fa5  TI_memcpy_small               
00000fb7  __TI_decompress_none          
00000fc9  clock_delay                   
00000fd9  lcd_clear                     
00000fe9  __aeabi_memcpy                
00000fe9  __aeabi_memcpy4               
00000fe9  __aeabi_memcpy8               
00000ff1  ADC0_IRQHandler               
00000ff1  ADC1_IRQHandler               
00000ff1  AES_IRQHandler                
00000ff1  CANFD0_IRQHandler             
00000ff1  DAC0_IRQHandler               
00000ff1  DMA_IRQHandler                
00000ff1  Default_Handler               
00000ff1  GROUP0_IRQHandler             
00000ff1  GROUP1_IRQHandler             
00000ff1  I2C0_IRQHandler               
00000ff1  I2C1_IRQHandler               
00000ff1  NMI_Handler                   
00000ff1  PendSV_Handler                
00000ff1  RTC_IRQHandler                
00000ff1  SPI0_IRQHandler               
00000ff1  SPI1_IRQHandler               
00000ff1  SVC_Handler                   
00000ff1  TIMA0_IRQHandler              
00000ff1  TIMA1_IRQHandler              
00000ff1  TIMG0_IRQHandler              
00000ff1  TIMG12_IRQHandler             
00000ff1  TIMG6_IRQHandler              
00000ff1  TIMG7_IRQHandler              
00000ff1  TIMG8_IRQHandler              
00000ff1  UART0_IRQHandler              
00000ff1  UART1_IRQHandler              
00000ff1  UART2_IRQHandler              
00000ff1  UART3_IRQHandler              
00000ff5  HardFault_Handler             
00000ff9  Reset_Handler                 
00000ffd  _system_pre_init              
00001000  C$$EXIT                       
00001001  abort                         
00001008  led_config_data               
00001068  enable_controls               
000010a4  dip_switch_config_data        
000010d4  iic_config_data               
000010fc  __TI_Handler_Table_Base       
00001104  __TI_CINIT_Base               
00001104  __TI_Handler_Table_Limit      
0000110c  __TI_CINIT_Limit              
0000110c  __TI_CINIT_Warm               
20200000  __start___llvm_prf_bits       
20200000  __start___llvm_prf_cnts       
20200000  __stop___llvm_prf_bits        
20200000  __stop___llvm_prf_cnts        
20200000  _sys_memory                   
20200800  g_bus_clock_freq              
20207e00  __stack                       
20208000  __STACK_END                   
ffffffff  __TI_pprof_out_hndl           
ffffffff  __TI_prof_data_size           
ffffffff  __TI_prof_data_start          
ffffffff  __binit__                     
ffffffff  binit                         
UNDEFED   __mpu_init                    
UNDEFED   _system_post_cinit            

[112 symbols]
