******************************************************************************
            TI ARM Clang Linker Unix v3.2.1                    
******************************************************************************
>> Linked Wed Feb 12 10:09:32 2025

OUTPUT FILE NAME:   <lab3_part1.out>
ENTRY POINT SYMBOL: "_c_int00_noargs"  address: 00002341


MEMORY CONFIGURATION

         name            origin    length      used     unused   attr    fill
----------------------  --------  ---------  --------  --------  ----  --------
  FLASH                 00000000   00020000  00002938  0001d6c8  R  X
  SRAM                  20200000   00008000  00000a0a  000075f6  RW X
  BCR_CONFIG            41c00000   00000080  00000000  00000080  R   
  BSL_CONFIG            41c00100   00000080  00000000  00000080  R   


SEGMENT ALLOCATION MAP

run origin  load origin   length   init length attrs members
----------  ----------- ---------- ----------- ----- -------
00000000    00000000    00002538   00002538    r-x
  00000000    00000000    000000c0   000000c0    r-- .intvecs
  000000c0    000000c0    00002478   00002478    r-x .text
00002540    00002540    00000400   00000400    r--
  00002540    00002540    000003e0   000003e0    r-- .rodata
  00002920    00002920    00000020   00000020    r-- .cinit
20200000    20200000    0000080a   00000000    rw-
  20200000    20200000    00000800   00000000    rw- .sysmem
  20200800    20200800    0000000a   00000000    rw- .data
20207e00    20207e00    00000200   00000000    rw-
  20207e00    20207e00    00000200   00000000    rw- .stack


SECTION ALLOCATION MAP

 output                                  attributes/
section   page    origin      length       input sections
--------  ----  ----------  ----------   ----------------
.intvecs   0    00000000    000000c0     
                  00000000    000000c0     startup_mspm0g3507_ticlang.o (.intvecs)

.text      0    000000c0    00002478     
                  000000c0    00000a00     libc.a : _printfi.c.obj (.text:__TI_printfi)
                  00000ac0    000002bc     lab3p1_main_template.o (.text.main)
                  00000d7c    00000220     libc.a : _printfi.c.obj (.text._pconv_a)
                  00000f9c    000001dc            : _printfi.c.obj (.text._pconv_g)
                  00001178    00000192     libclang_rt.builtins.a : adddf3.S.obj (.text.adddf3_subdf3)
                  0000130a    00000002                            : aeabi_div0.c.obj (.text.__aeabi_idiv0)
                  0000130c    00000168     clock.o (.text.clock_init_40mhz)
                  00001474    0000013c     libc.a : _printfi.c.obj (.text.fcvt)
                  000015b0    00000120            : _printfi.c.obj (.text._pconv_e)
                  000016d0    0000010c     libclang_rt.builtins.a : divdf3.S.obj (.text.__divdf3)
                  000017dc    000000e4                            : muldf3.S.obj (.text.__muldf3)
                  000018c0    000000d8     libc.a : s_scalbn.c.obj (.text.scalbn)
                  00001998    000000d4     uart.o (.text.UART_init)
                  00001a6c    000000b4     LaunchPad.o (.text.lp_leds_off)
                  00001b20    000000a8     LaunchPad.o (.text.lp_leds_init)
                  00001bc8    000000a2     libclang_rt.builtins.a : udivmoddi4.S.obj (.text)
                  00001c6a    00000002                            : aeabi_div0.c.obj (.text.__aeabi_ldiv0)
                  00001c6c    00000078     libc.a : copy_decompress_lzss.c.obj (.text:decompress:lzss)
                  00001ce4    00000070     libclang_rt.builtins.a : comparedf2.c.obj (.text.__gedf2)
                  00001d54    0000006c                            : comparedf2.c.obj (.text.__ledf2)
                  00001dc0    00000066     libc.a : _printfi.c.obj (.text._mcpy)
                  00001e26    00000002     --HOLE-- [fill = 0]
                  00001e28    00000062     libclang_rt.builtins.a : aeabi_dcmp.S.obj (.text.__aeabi_dcmp)
                  00001e8a    00000002     --HOLE-- [fill = 0]
                  00001e8c    0000005c     libc.a : s_frexp.c.obj (.text.frexp)
                  00001ee8    00000058            : _ltoa.c.obj (.text.__TI_ltoa)
                  00001f40    00000058            : _printfi.c.obj (.text._pconv_f)
                  00001f98    00000056     libclang_rt.builtins.a : aeabi_idivmod.S.obj (.text.__aeabi_idivmod)
                  00001fee    00000052     libc.a : _printfi.c.obj (.text._ecpy)
                  00002040    0000004a     libclang_rt.builtins.a : fixdfsi.S.obj (.text.__fixdfsi)
                  0000208a    00000046     lab3p1_main_template.o (.text.msp_printf)
                  000020d0    00000042     libclang_rt.builtins.a : fixunsdfsi.S.obj (.text.__fixunsdfsi)
                  00002112    00000002     --HOLE-- [fill = 0]
                  00002114    00000040                            : aeabi_uidivmod.S.obj (.text.__aeabi_uidivmod)
                  00002154    00000040     libc.a : atoi.c.obj (.text.atoi)
                  00002194    0000003c     lab3p1_main_template.o (.text.check_bit)
                  000021d0    0000003c     libc.a : autoinit.c.obj (.text:__TI_auto_init_nobinit_nopinit)
                  0000220c    0000003a     libclang_rt.builtins.a : muldsi3.S.obj (.text.__muldsi3)
                  00002246    00000002     --HOLE-- [fill = 0]
                  00002248    00000038     LaunchPad.o (.text.launchpad_gpio_init)
                  00002280    00000038     libc.a : sprintf.c.obj (.text.sprintf)
                  000022b8    00000030            : _printfi.c.obj (.text._fcpy)
                  000022e8    0000002c     uart.o (.text.UART_out_char)
                  00002314    0000002c     libclang_rt.builtins.a : floatsidf.S.obj (.text.__floatsidf)
                  00002340    00000028     libc.a : boot_cortex_m.c.obj (.text:_c_int00_noargs)
                  00002368    00000024     libclang_rt.builtins.a : floatunsidf.S.obj (.text.__floatunsidf)
                  0000238c    00000024                            : muldi3.S.obj (.text.__muldi3)
                  000023b0    00000022     libc.a : memccpy.c.obj (.text.memccpy)
                  000023d2    00000002     --HOLE-- [fill = 0]
                  000023d4    0000001e     libclang_rt.builtins.a : ashldi3.S.obj (.text.__ashldi3)
                  000023f2    00000018     libc.a : sprintf.c.obj (.text._outs)
                  0000240a    00000018     lab3p1_main_template.o (.text.clear_bit)
                  00002422    00000018     lab3p1_main_template.o (.text.set_bit)
                  0000243a    00000002     --HOLE-- [fill = 0]
                  0000243c    00000014     libclang_rt.builtins.a : aeabi_uldivmod.S.obj (.text.__aeabi_uldivmod)
                  00002450    00000014     libc.a : _printfi.c.obj (.text.strchr)
                  00002464    00000012            : memcpy16.S.obj (.text:TI_memcpy_small)
                  00002476    00000012            : copy_decompress_none.c.obj (.text:decompress:none)
                  00002488    00000010     clock.o (.text.clock_delay)
                  00002498    00000010     libc.a : wcslen.c.obj (.text.wcslen)
                  000024a8    0000000e     libclang_rt.builtins.a : aeabi_memset.S.obj (.text.__aeabi_memset)
                  000024b6    0000000e     libc.a : _printfi.c.obj (.text.strlen)
                  000024c4    0000000e            : memset16.S.obj (.text:TI_memset_small)
                  000024d2    00000002     --HOLE-- [fill = 0]
                  000024d4    0000000c     clock.o (.text.get_bus_clock_freq)
                  000024e0    0000000a     libc.a : _printfi.c.obj (.text.OUTLINED_FUNCTION_0)
                  000024ea    00000002     --HOLE-- [fill = 0]
                  000024ec    00000010     libclang_rt.builtins.a : adddf3.S.obj (.tramp.__aeabi_dsub.1)
                  000024fc    0000000a     libc.a : _printfi.c.obj (.text.OUTLINED_FUNCTION_1)
                  00002506    0000000a            : sprintf.c.obj (.text._outc)
                  00002510    00000008            : aeabi_portable.c.obj (.text.__aeabi_errno_addr)
                  00002518    00000008     libclang_rt.builtins.a : aeabi_memcpy.S.obj (.text.__aeabi_memcpy)
                  00002520    00000004     startup_mspm0g3507_ticlang.o (.text.Default_Handler)
                  00002524    00000004     startup_mspm0g3507_ticlang.o (.text.HardFault_Handler)
                  00002528    00000004     startup_mspm0g3507_ticlang.o (.text.Reset_Handler)
                  0000252c    00000004     libc.a : pre_init.c.obj (.text._system_pre_init)
                  00002530    00000004            : exit.c.obj (.text:abort)
                  00002534    00000004     --HOLE-- [fill = 0]

.cinit     0    00002920    00000020     
                  00002920    0000000c     (.cinit..data.load) [load image, compression = lzss]
                  0000292c    00000008     (__TI_handler_table)
                  00002934    00000008     (__TI_cinit_table)
                  0000293c    00000004     --HOLE-- [fill = 0]

.rodata    0    00002540    000003e0     
                  00002540    00000101     libc.a : aeabi_ctype.S.obj (.rodata:__aeabi_ctype_table_)
                  00002641    0000003b     lab3p1_main_template.o (.rodata.str1.95686301833357609721)
                  0000267c    00000030     LaunchPad.o (.rodata.lp_led_config_data)
                  000026ac    00000030     lab3p1_main_template.o (.rodata.str1.144332903641447114441)
                  000026dc    0000002d     lab3p1_main_template.o (.rodata.str1.164682121538628595191)
                  00002709    0000002b     lab3p1_main_template.o (.rodata.str1.134695448038047144741)
                  00002734    0000002a     lab3p1_main_template.o (.rodata.str1.179873847047993566751)
                  0000275e    00000029     lab3p1_main_template.o (.rodata.str1.116221295306560423531)
                  00002787    00000021     lab3p1_main_template.o (.rodata.str1.80615030971696366101)
                  000027a8    00000020     lab3p1_main_template.o (.rodata.str1.148413686208044078051)
                  000027c8    0000001f     lab3p1_main_template.o (.rodata.str1.43723527393222610831)
                  000027e7    0000001e     lab3p1_main_template.o (.rodata.str1.167136201982198424381)
                  00002805    0000001e     lab3p1_main_template.o (.rodata.str1.66225673422392320981)
                  00002823    0000001d     lab3p1_main_template.o (.rodata.str1.40648806819938787701)
                  00002840    0000001d     lab3p1_main_template.o (.rodata.str1.64828803557188978571)
                  0000285d    0000001c     lab3p1_main_template.o (.rodata.str1.144067000022910847861)
                  00002879    0000001c     lab3p1_main_template.o (.rodata.str1.22704622372418855721)
                  00002895    0000001c     lab3p1_main_template.o (.rodata.str1.29121541297589601111)
                  000028b1    0000001c     lab3p1_main_template.o (.rodata.str1.44258085692761540101)
                  000028cd    00000012     lab3p1_main_template.o (.rodata.str1.18304418788448557671)
                  000028df    00000011     libc.a : _printfi.c.obj (.rodata.str1.11645776875810915891)
                  000028f0    00000011            : _printfi.c.obj (.rodata.str1.44690500295887128011)
                  00002901    0000000e     lab3p1_main_template.o (.rodata.str1.54249821998698681201)
                  0000290f    00000003     lab3p1_main_template.o (.rodata.str1.102691584470210567131)
                  00002912    0000000e     --HOLE-- [fill = 0]

.init_array 
*          0    00000000    00000000     UNINITIALIZED

.binit     0    00000000    00000000     

.data      0    20200800    0000000a     UNINITIALIZED
                  20200800    00000004     libc.a : aeabi_portable.c.obj (.data.__aeabi_errno)
                  20200804    00000004     clock.o (.data.g_bus_clock_freq)
                  20200808    00000002     lab3p1_main_template.o (.data.test_reg16)

.sysmem    0    20200000    00000800     UNINITIALIZED
                  20200000    00000010     libc.a : memory.c.obj (.sysmem)
                  20200010    000007f0     --HOLE--

.stack     0    20207e00    00000200     UNINITIALIZED
                  20207e00    00000004     libc.a : boot_cortex_m.c.obj (.stack)
                  20207e04    000001fc     --HOLE--

__llvm_prf_cnts 
*          0    20200000    00000000     UNINITIALIZED

__llvm_prf_bits 
*          0    20200000    00000000     UNINITIALIZED

MODULE SUMMARY

       Module                         code   ro data   rw data
       ------                         ----   -------   -------
    ./
       lab3p1_main_template.o         878    639       2      
       LaunchPad.o                    404    48        0      
       clock.o                        388    0         4      
       uart.o                         256    0         0      
    +--+------------------------------+------+---------+---------+
       Total:                         1926   687       6      
                                                              
    ./ticlang/
       startup_mspm0g3507_ticlang.o   12     192       0      
    +--+------------------------------+------+---------+---------+
       Total:                         12     192       0      
                                                              
    /Applications/ti/ccstheia141/ccs/tools/compiler/ti-cgt-armllvm_3.2.1.LTS/lib/armv6m-ti-none-eabi/c/libc.a
       _printfi.c.obj                 4558   34        0      
       aeabi_ctype.S.obj              0      257       0      
       s_scalbn.c.obj                 216    0         0      
       copy_decompress_lzss.c.obj     120    0         0      
       s_frexp.c.obj                  92     0         0      
       sprintf.c.obj                  90     0         0      
       _ltoa.c.obj                    88     0         0      
       atoi.c.obj                     64     0         0      
       autoinit.c.obj                 60     0         0      
       boot_cortex_m.c.obj            40     0         0      
       memccpy.c.obj                  34     0         0      
       copy_decompress_none.c.obj     18     0         0      
       memcpy16.S.obj                 18     0         0      
       wcslen.c.obj                   16     0         0      
       memset16.S.obj                 14     0         0      
       aeabi_portable.c.obj           8      0         4      
       exit.c.obj                     4      0         0      
       pre_init.c.obj                 4      0         0      
    +--+------------------------------+------+---------+---------+
       Total:                         5444   291       4      
                                                              
    /Applications/ti/ccstheia141/ccs/tools/compiler/ti-cgt-armllvm_3.2.1.LTS/lib/clang/15.0.7/lib/armv6m-ti-none-eabi/libclang_rt.builtins.a
       adddf3.S.obj                   418    0         0      
       divdf3.S.obj                   268    0         0      
       muldf3.S.obj                   228    0         0      
       comparedf2.c.obj               220    0         0      
       udivmoddi4.S.obj               162    0         0      
       aeabi_dcmp.S.obj               98     0         0      
       aeabi_idivmod.S.obj            86     0         0      
       fixdfsi.S.obj                  74     0         0      
       fixunsdfsi.S.obj               66     0         0      
       aeabi_uidivmod.S.obj           64     0         0      
       muldsi3.S.obj                  58     0         0      
       floatsidf.S.obj                44     0         0      
       floatunsidf.S.obj              36     0         0      
       muldi3.S.obj                   36     0         0      
       ashldi3.S.obj                  30     0         0      
       aeabi_uldivmod.S.obj           20     0         0      
       aeabi_memset.S.obj             14     0         0      
       aeabi_memcpy.S.obj             8      0         0      
       aeabi_div0.c.obj               4      0         0      
    +--+------------------------------+------+---------+---------+
       Total:                         1934   0         0      
                                                              
       Heap:                          0      0         2048   
       Stack:                         0      0         512    
       Linker Generated:              0      28        0      
    +--+------------------------------+------+---------+---------+
       Grand Total:                   9316   1198      2570   


LINKER GENERATED COPY TABLES

__TI_cinit_table @ 00002934 records: 1, size/record: 8, table size: 8
	.data: load addr=00002920, load size=0000000c bytes, run addr=20200800, run size=0000000a bytes, compression=lzss


LINKER GENERATED HANDLER TABLE

__TI_handler_table @ 0000292c records: 2, size/record: 4, table size: 8
	index: 0, handler: __TI_decompress_lzss
	index: 1, handler: __TI_decompress_none


FAR CALL TRAMPOLINES

callee name               trampoline name
   callee addr  tramp addr   call addr  call info
--------------  -----------  ---------  ----------------
__aeabi_dsub              $Tramp$TT$L$PI$$__aeabi_dsub
   00001179     000024ec     000024e8   libc.a : _printfi.c.obj (.text.OUTLINED_FUNCTION_0)

[1 trampolines]
[1 trampoline calls]


GLOBAL SYMBOLS: SORTED ALPHABETICALLY BY Name 

address   name                          
-------   ----                          
00002521  ADC0_IRQHandler               
00002521  ADC1_IRQHandler               
00002521  AES_IRQHandler                
00002530  C$$EXIT                       
00002521  CANFD0_IRQHandler             
00002521  DAC0_IRQHandler               
00002521  DMA_IRQHandler                
00002521  Default_Handler               
00002521  GROUP0_IRQHandler             
00002521  GROUP1_IRQHandler             
00002525  HardFault_Handler             
00002521  I2C0_IRQHandler               
00002521  I2C1_IRQHandler               
00002521  NMI_Handler                   
00002521  PendSV_Handler                
00002521  RTC_IRQHandler                
00002529  Reset_Handler                 
00002521  SPI0_IRQHandler               
00002521  SPI1_IRQHandler               
00002521  SVC_Handler                   
00002521  SysTick_Handler               
00002521  TIMA0_IRQHandler              
00002521  TIMA1_IRQHandler              
00002521  TIMG0_IRQHandler              
00002521  TIMG12_IRQHandler             
00002521  TIMG6_IRQHandler              
00002521  TIMG7_IRQHandler              
00002521  TIMG8_IRQHandler              
00002465  TI_memcpy_small               
000024c5  TI_memset_small               
00002521  UART0_IRQHandler              
00002521  UART1_IRQHandler              
00002521  UART2_IRQHandler              
00002521  UART3_IRQHandler              
00001999  UART_init                     
000022e9  UART_out_char                 
20208000  __STACK_END                   
00000200  __STACK_SIZE                  
00000800  __SYSMEM_SIZE                 
00000000  __TI_ATRegion0_region_sz      
00000000  __TI_ATRegion0_src_addr       
00000000  __TI_ATRegion0_trg_addr       
00000000  __TI_ATRegion1_region_sz      
00000000  __TI_ATRegion1_src_addr       
00000000  __TI_ATRegion1_trg_addr       
00000000  __TI_ATRegion2_region_sz      
00000000  __TI_ATRegion2_src_addr       
00000000  __TI_ATRegion2_trg_addr       
00002934  __TI_CINIT_Base               
0000293c  __TI_CINIT_Limit              
0000293c  __TI_CINIT_Warm               
0000292c  __TI_Handler_Table_Base       
00002934  __TI_Handler_Table_Limit      
000021d1  __TI_auto_init_nobinit_nopinit
00001c6d  __TI_decompress_lzss          
00002477  __TI_decompress_none          
00001ee9  __TI_ltoa                     
ffffffff  __TI_pprof_out_hndl           
000000c1  __TI_printfi                  
ffffffff  __TI_prof_data_size           
ffffffff  __TI_prof_data_start          
00000000  __TI_static_base__            
00001183  __adddf3                      
00002540  __aeabi_ctype_table_          
00002540  __aeabi_ctype_table_C         
00002041  __aeabi_d2iz                  
000020d1  __aeabi_d2uiz                 
00001183  __aeabi_dadd                  
00001e29  __aeabi_dcmpeq                
00001e65  __aeabi_dcmpge                
00001e79  __aeabi_dcmpgt                
00001e51  __aeabi_dcmple                
00001e3d  __aeabi_dcmplt                
000016d1  __aeabi_ddiv                  
000017dd  __aeabi_dmul                  
00001179  __aeabi_dsub                  
20200800  __aeabi_errno                 
00002511  __aeabi_errno_addr            
00002315  __aeabi_i2d                   
00001f99  __aeabi_idiv                  
0000130b  __aeabi_idiv0                 
00001f99  __aeabi_idivmod               
00001c6b  __aeabi_ldiv0                 
000023d5  __aeabi_llsl                  
0000238d  __aeabi_lmul                  
00002519  __aeabi_memcpy                
00002519  __aeabi_memcpy4               
00002519  __aeabi_memcpy8               
000024a9  __aeabi_memset                
000024a9  __aeabi_memset4               
000024a9  __aeabi_memset8               
00002369  __aeabi_ui2d                  
00002115  __aeabi_uidiv                 
00002115  __aeabi_uidivmod              
0000243d  __aeabi_uldivmod              
000023d5  __ashldi3                     
ffffffff  __binit__                     
00001d55  __cmpdf2                      
000016d1  __divdf3                      
00001d55  __eqdf2                       
00002041  __fixdfsi                     
000020d1  __fixunsdfsi                  
00002315  __floatsidf                   
00002369  __floatunsidf                 
00001ce5  __gedf2                       
00001ce5  __gtdf2                       
00001d55  __ledf2                       
00001d55  __ltdf2                       
UNDEFED   __mpu_init                    
000017dd  __muldf3                      
0000238d  __muldi3                      
0000220d  __muldsi3                     
00001d55  __nedf2                       
20207e00  __stack                       
20200000  __start___llvm_prf_bits       
20200000  __start___llvm_prf_cnts       
20200000  __stop___llvm_prf_bits        
20200000  __stop___llvm_prf_cnts        
00001179  __subdf3                      
00001bc9  __udivmoddi4                  
00002341  _c_int00_noargs               
20200000  _sys_memory                   
UNDEFED   _system_post_cinit            
0000252d  _system_pre_init              
00002531  abort                         
00002155  atoi                          
ffffffff  binit                         
00002195  check_bit                     
0000240b  clear_bit                     
00002489  clock_delay                   
0000130d  clock_init_40mhz              
00001e8d  frexp                         
00001e8d  frexpl                        
20200804  g_bus_clock_freq              
000024d5  get_bus_clock_freq            
00000000  interruptVectors              
00002249  launchpad_gpio_init           
000018c1  ldexp                         
000018c1  ldexpl                        
0000267c  lp_led_config_data            
00001b21  lp_leds_init                  
00001a6d  lp_leds_off                   
00000ac1  main                          
000023b1  memccpy                       
0000208b  msp_printf                    
000018c1  scalbn                        
000018c1  scalbnl                       
00002423  set_bit                       
00002281  sprintf                       
20200808  test_reg16                    
00002499  wcslen                        


GLOBAL SYMBOLS: SORTED BY Symbol Address 

address   name                          
-------   ----                          
00000000  __TI_ATRegion0_region_sz      
00000000  __TI_ATRegion0_src_addr       
00000000  __TI_ATRegion0_trg_addr       
00000000  __TI_ATRegion1_region_sz      
00000000  __TI_ATRegion1_src_addr       
00000000  __TI_ATRegion1_trg_addr       
00000000  __TI_ATRegion2_region_sz      
00000000  __TI_ATRegion2_src_addr       
00000000  __TI_ATRegion2_trg_addr       
00000000  __TI_static_base__            
00000000  interruptVectors              
000000c1  __TI_printfi                  
00000200  __STACK_SIZE                  
00000800  __SYSMEM_SIZE                 
00000ac1  main                          
00001179  __aeabi_dsub                  
00001179  __subdf3                      
00001183  __adddf3                      
00001183  __aeabi_dadd                  
0000130b  __aeabi_idiv0                 
0000130d  clock_init_40mhz              
000016d1  __aeabi_ddiv                  
000016d1  __divdf3                      
000017dd  __aeabi_dmul                  
000017dd  __muldf3                      
000018c1  ldexp                         
000018c1  ldexpl                        
000018c1  scalbn                        
000018c1  scalbnl                       
00001999  UART_init                     
00001a6d  lp_leds_off                   
00001b21  lp_leds_init                  
00001bc9  __udivmoddi4                  
00001c6b  __aeabi_ldiv0                 
00001c6d  __TI_decompress_lzss          
00001ce5  __gedf2                       
00001ce5  __gtdf2                       
00001d55  __cmpdf2                      
00001d55  __eqdf2                       
00001d55  __ledf2                       
00001d55  __ltdf2                       
00001d55  __nedf2                       
00001e29  __aeabi_dcmpeq                
00001e3d  __aeabi_dcmplt                
00001e51  __aeabi_dcmple                
00001e65  __aeabi_dcmpge                
00001e79  __aeabi_dcmpgt                
00001e8d  frexp                         
00001e8d  frexpl                        
00001ee9  __TI_ltoa                     
00001f99  __aeabi_idiv                  
00001f99  __aeabi_idivmod               
00002041  __aeabi_d2iz                  
00002041  __fixdfsi                     
0000208b  msp_printf                    
000020d1  __aeabi_d2uiz                 
000020d1  __fixunsdfsi                  
00002115  __aeabi_uidiv                 
00002115  __aeabi_uidivmod              
00002155  atoi                          
00002195  check_bit                     
000021d1  __TI_auto_init_nobinit_nopinit
0000220d  __muldsi3                     
00002249  launchpad_gpio_init           
00002281  sprintf                       
000022e9  UART_out_char                 
00002315  __aeabi_i2d                   
00002315  __floatsidf                   
00002341  _c_int00_noargs               
00002369  __aeabi_ui2d                  
00002369  __floatunsidf                 
0000238d  __aeabi_lmul                  
0000238d  __muldi3                      
000023b1  memccpy                       
000023d5  __aeabi_llsl                  
000023d5  __ashldi3                     
0000240b  clear_bit                     
00002423  set_bit                       
0000243d  __aeabi_uldivmod              
00002465  TI_memcpy_small               
00002477  __TI_decompress_none          
00002489  clock_delay                   
00002499  wcslen                        
000024a9  __aeabi_memset                
000024a9  __aeabi_memset4               
000024a9  __aeabi_memset8               
000024c5  TI_memset_small               
000024d5  get_bus_clock_freq            
00002511  __aeabi_errno_addr            
00002519  __aeabi_memcpy                
00002519  __aeabi_memcpy4               
00002519  __aeabi_memcpy8               
00002521  ADC0_IRQHandler               
00002521  ADC1_IRQHandler               
00002521  AES_IRQHandler                
00002521  CANFD0_IRQHandler             
00002521  DAC0_IRQHandler               
00002521  DMA_IRQHandler                
00002521  Default_Handler               
00002521  GROUP0_IRQHandler             
00002521  GROUP1_IRQHandler             
00002521  I2C0_IRQHandler               
00002521  I2C1_IRQHandler               
00002521  NMI_Handler                   
00002521  PendSV_Handler                
00002521  RTC_IRQHandler                
00002521  SPI0_IRQHandler               
00002521  SPI1_IRQHandler               
00002521  SVC_Handler                   
00002521  SysTick_Handler               
00002521  TIMA0_IRQHandler              
00002521  TIMA1_IRQHandler              
00002521  TIMG0_IRQHandler              
00002521  TIMG12_IRQHandler             
00002521  TIMG6_IRQHandler              
00002521  TIMG7_IRQHandler              
00002521  TIMG8_IRQHandler              
00002521  UART0_IRQHandler              
00002521  UART1_IRQHandler              
00002521  UART2_IRQHandler              
00002521  UART3_IRQHandler              
00002525  HardFault_Handler             
00002529  Reset_Handler                 
0000252d  _system_pre_init              
00002530  C$$EXIT                       
00002531  abort                         
00002540  __aeabi_ctype_table_          
00002540  __aeabi_ctype_table_C         
0000267c  lp_led_config_data            
0000292c  __TI_Handler_Table_Base       
00002934  __TI_CINIT_Base               
00002934  __TI_Handler_Table_Limit      
0000293c  __TI_CINIT_Limit              
0000293c  __TI_CINIT_Warm               
20200000  __start___llvm_prf_bits       
20200000  __start___llvm_prf_cnts       
20200000  __stop___llvm_prf_bits        
20200000  __stop___llvm_prf_cnts        
20200000  _sys_memory                   
20200800  __aeabi_errno                 
20200804  g_bus_clock_freq              
20200808  test_reg16                    
20207e00  __stack                       
20208000  __STACK_END                   
ffffffff  __TI_pprof_out_hndl           
ffffffff  __TI_prof_data_size           
ffffffff  __TI_prof_data_start          
ffffffff  __binit__                     
ffffffff  binit                         
UNDEFED   __mpu_init                    
UNDEFED   _system_post_cinit            

[151 symbols]
