******************************************************************************
            TI ARM Clang Linker Unix v3.2.1                    
******************************************************************************
>> Linked Wed Feb 12 15:14:58 2025

OUTPUT FILE NAME:   <lab3_part2.out>
ENTRY POINT SYMBOL: "_c_int00_noargs"  address: 00002411


MEMORY CONFIGURATION

         name            origin    length      used     unused   attr    fill
----------------------  --------  ---------  --------  --------  ----  --------
  FLASH                 00000000   00020000  00002a50  0001d5b0  R  X
  SRAM                  20200000   00008000  00000a0a  000075f6  RW X
  BCR_CONFIG            41c00000   00000080  00000000  00000080  R   
  BSL_CONFIG            41c00100   00000080  00000000  00000080  R   


SEGMENT ALLOCATION MAP

run origin  load origin   length   init length attrs members
----------  ----------- ---------- ----------- ----- -------
00000000    00000000    00002a50   00002a50    r-x
  00000000    00000000    000000c0   000000c0    r-- .intvecs
  000000c0    000000c0    00002530   00002530    r-x .text
  000025f0    000025f0    00000440   00000440    r-- .rodata
  00002a30    00002a30    00000020   00000020    r-- .cinit
20200000    20200000    0000080a   00000000    rw-
  20200000    20200000    00000800   00000000    rw- .sysmem
  20200800    20200800    0000000a   00000000    rw- .data
20207e00    20207e00    00000200   00000000    rw-
  20207e00    20207e00    00000200   00000000    rw- .stack


SECTION ALLOCATION MAP

 output                                  attributes/
section   page    origin      length       input sections
--------  ----  ----------  ----------   ----------------
.intvecs   0    00000000    000000c0     
                  00000000    000000c0     startup_mspm0g3507_ticlang.o (.intvecs)

.text      0    000000c0    00002530     
                  000000c0    00000a00     libc.a : _printfi.c.obj (.text:__TI_printfi)
                  00000ac0    000003c8     lab3p2_main.o (.text.main)
                  00000e88    00000220     libc.a : _printfi.c.obj (.text._pconv_a)
                  000010a8    000001dc            : _printfi.c.obj (.text._pconv_g)
                  00001284    00000192     libclang_rt.builtins.a : adddf3.S.obj (.text.adddf3_subdf3)
                  00001416    00000002                            : aeabi_div0.c.obj (.text.__aeabi_idiv0)
                  00001418    00000168     clock.o (.text.clock_init_40mhz)
                  00001580    0000013c     libc.a : _printfi.c.obj (.text.fcvt)
                  000016bc    00000120            : _printfi.c.obj (.text._pconv_e)
                  000017dc    0000010c     libclang_rt.builtins.a : divdf3.S.obj (.text.__divdf3)
                  000018e8    000000e4                            : muldf3.S.obj (.text.__muldf3)
                  000019cc    000000d8     libc.a : s_scalbn.c.obj (.text.scalbn)
                  00001aa4    000000d4     uart.o (.text.UART_init)
                  00001b78    000000b4     LaunchPad.o (.text.lp_leds_off)
                  00001c2c    000000a8     LaunchPad.o (.text.lp_leds_init)
                  00001cd4    000000a2     libclang_rt.builtins.a : udivmoddi4.S.obj (.text)
                  00001d76    00000002                            : aeabi_div0.c.obj (.text.__aeabi_ldiv0)
                  00001d78    00000078     libc.a : copy_decompress_lzss.c.obj (.text:decompress:lzss)
                  00001df0    00000070     libclang_rt.builtins.a : comparedf2.c.obj (.text.__gedf2)
                  00001e60    0000006c                            : comparedf2.c.obj (.text.__ledf2)
                  00001ecc    00000066     libc.a : _printfi.c.obj (.text._mcpy)
                  00001f32    00000002     --HOLE-- [fill = 0]
                  00001f34    00000062     libclang_rt.builtins.a : aeabi_dcmp.S.obj (.text.__aeabi_dcmp)
                  00001f96    00000002     --HOLE-- [fill = 0]
                  00001f98    0000005c     libc.a : s_frexp.c.obj (.text.frexp)
                  00001ff4    00000058            : _ltoa.c.obj (.text.__TI_ltoa)
                  0000204c    00000058            : _printfi.c.obj (.text._pconv_f)
                  000020a4    00000056     libclang_rt.builtins.a : aeabi_idivmod.S.obj (.text.__aeabi_idivmod)
                  000020fa    00000052     libc.a : _printfi.c.obj (.text._ecpy)
                  0000214c    0000004a     libclang_rt.builtins.a : fixdfsi.S.obj (.text.__fixdfsi)
                  00002196    00000046     lab3p2_main.o (.text.msp_printf)
                  000021dc    00000042     libclang_rt.builtins.a : fixunsdfsi.S.obj (.text.__fixunsdfsi)
                  0000221e    00000002     --HOLE-- [fill = 0]
                  00002220    00000040                            : aeabi_uidivmod.S.obj (.text.__aeabi_uidivmod)
                  00002260    00000040     libc.a : atoi.c.obj (.text.atoi)
                  000022a0    0000003c            : autoinit.c.obj (.text:__TI_auto_init_nobinit_nopinit)
                  000022dc    0000003a     libclang_rt.builtins.a : muldsi3.S.obj (.text.__muldsi3)
                  00002316    00000002     --HOLE-- [fill = 0]
                  00002318    00000038     LaunchPad.o (.text.launchpad_gpio_init)
                  00002350    00000038     libc.a : sprintf.c.obj (.text.sprintf)
                  00002388    00000030            : _printfi.c.obj (.text._fcpy)
                  000023b8    0000002c     uart.o (.text.UART_out_char)
                  000023e4    0000002c     libclang_rt.builtins.a : floatsidf.S.obj (.text.__floatsidf)
                  00002410    00000028     libc.a : boot_cortex_m.c.obj (.text:_c_int00_noargs)
                  00002438    00000024     libclang_rt.builtins.a : floatunsidf.S.obj (.text.__floatunsidf)
                  0000245c    00000024                            : muldi3.S.obj (.text.__muldi3)
                  00002480    00000022     libc.a : memccpy.c.obj (.text.memccpy)
                  000024a2    00000002     --HOLE-- [fill = 0]
                  000024a4    0000001e     libclang_rt.builtins.a : ashldi3.S.obj (.text.__ashldi3)
                  000024c2    00000018     libc.a : sprintf.c.obj (.text._outs)
                  000024da    00000002     --HOLE-- [fill = 0]
                  000024dc    00000018     lab3_p2.o (.text)
                  000024f4    00000014     libclang_rt.builtins.a : aeabi_uldivmod.S.obj (.text.__aeabi_uldivmod)
                  00002508    00000014     libc.a : _printfi.c.obj (.text.strchr)
                  0000251c    00000012            : memcpy16.S.obj (.text:TI_memcpy_small)
                  0000252e    00000012            : copy_decompress_none.c.obj (.text:decompress:none)
                  00002540    00000010     clock.o (.text.clock_delay)
                  00002550    00000010     libc.a : wcslen.c.obj (.text.wcslen)
                  00002560    0000000e     libclang_rt.builtins.a : aeabi_memset.S.obj (.text.__aeabi_memset)
                  0000256e    0000000e     libc.a : _printfi.c.obj (.text.strlen)
                  0000257c    0000000e            : memset16.S.obj (.text:TI_memset_small)
                  0000258a    00000002     --HOLE-- [fill = 0]
                  0000258c    0000000c     clock.o (.text.get_bus_clock_freq)
                  00002598    0000000a     libc.a : _printfi.c.obj (.text.OUTLINED_FUNCTION_0)
                  000025a2    00000002     --HOLE-- [fill = 0]
                  000025a4    00000010     libclang_rt.builtins.a : adddf3.S.obj (.tramp.__aeabi_dsub.1)
                  000025b4    0000000a     libc.a : _printfi.c.obj (.text.OUTLINED_FUNCTION_1)
                  000025be    0000000a            : sprintf.c.obj (.text._outc)
                  000025c8    00000008            : aeabi_portable.c.obj (.text.__aeabi_errno_addr)
                  000025d0    00000008     libclang_rt.builtins.a : aeabi_memcpy.S.obj (.text.__aeabi_memcpy)
                  000025d8    00000004     startup_mspm0g3507_ticlang.o (.text.Default_Handler)
                  000025dc    00000004     startup_mspm0g3507_ticlang.o (.text.HardFault_Handler)
                  000025e0    00000004     startup_mspm0g3507_ticlang.o (.text.Reset_Handler)
                  000025e4    00000004     libc.a : pre_init.c.obj (.text._system_pre_init)
                  000025e8    00000004            : exit.c.obj (.text:abort)
                  000025ec    00000004     --HOLE-- [fill = 0]

.cinit     0    00002a30    00000020     
                  00002a30    0000000c     (.cinit..data.load) [load image, compression = lzss]
                  00002a3c    00000008     (__TI_handler_table)
                  00002a44    00000008     (__TI_cinit_table)
                  00002a4c    00000004     --HOLE-- [fill = 0]

.rodata    0    000025f0    00000440     
                  000025f0    00000101     libc.a : aeabi_ctype.S.obj (.rodata:__aeabi_ctype_table_)
                  000026f1    0000003b     lab3p2_main.o (.rodata.str1.87118740846029255951)
                  0000272c    00000030     LaunchPad.o (.rodata.lp_led_config_data)
                  0000275c    00000030     lab3p2_main.o (.rodata.str1.108649940901955337341)
                  0000278c    00000030     lab3p2_main.o (.rodata.str1.177764443329144029301)
                  000027bc    0000002d     lab3p2_main.o (.rodata.str1.65661076851368777251)
                  000027e9    0000002b     lab3p2_main.o (.rodata.str1.35077913889486038461)
                  00002814    0000002a     lab3p2_main.o (.rodata.str1.41871172604158826181)
                  0000283e    00000021     lab3p2_main.o (.rodata.str1.42852218174563766151)
                  0000285f    00000020     lab3p2_main.o (.rodata.str1.34545021978939059241)
                  0000287f    0000001f     lab3p2_main.o (.rodata.str1.137910839341408905411)
                  0000289e    0000001e     lab3p2_main.o (.rodata.str1.110704575866880193191)
                  000028bc    0000001e     lab3p2_main.o (.rodata.str1.73850820854930556401)
                  000028da    0000001d     lab3p2_main.o (.rodata.str1.147268290039664122621)
                  000028f7    0000001d     lab3p2_main.o (.rodata.str1.156498223605773802941)
                  00002914    0000001c     lab3p2_main.o (.rodata.str1.157913871449406103911)
                  00002930    0000001c     lab3p2_main.o (.rodata.str1.178150421877497276831)
                  0000294c    0000001c     lab3p2_main.o (.rodata.str1.31167225467204736421)
                  00002968    0000001c     lab3p2_main.o (.rodata.str1.41996476932103825461)
                  00002984    0000001c     lab3p2_main.o (.rodata.str1.98664356169532969181)
                  000029a0    0000001a     lab3p2_main.o (.rodata.str1.30167483213010153131)
                  000029ba    00000019     lab3p2_main.o (.rodata.str1.119238748215462487151)
                  000029d3    00000019     lab3p2_main.o (.rodata.str1.5481913008179721721)
                  000029ec    00000011     libc.a : _printfi.c.obj (.rodata.str1.11645776875810915891)
                  000029fd    00000011            : _printfi.c.obj (.rodata.str1.44690500295887128011)
                  00002a0e    00000010     lab3p2_main.o (.rodata.str1.123105690987341809091)
                  00002a1e    0000000e     lab3p2_main.o (.rodata.str1.85351366938012506301)
                  00002a2c    00000003     lab3p2_main.o (.rodata.str1.58317343741750062011)
                  00002a2f    00000001     --HOLE-- [fill = 0]

.init_array 
*          0    00000000    00000000     UNINITIALIZED

.binit     0    00000000    00000000     

.data      0    20200800    0000000a     UNINITIALIZED
                  20200800    00000004     libc.a : aeabi_portable.c.obj (.data.__aeabi_errno)
                  20200804    00000004     clock.o (.data.g_bus_clock_freq)
                  20200808    00000002     lab3p2_main.o (.data.test_reg16)

.sysmem    0    20200000    00000800     UNINITIALIZED
                  20200000    00000010     libc.a : memory.c.obj (.sysmem)
                  20200010    000007f0     --HOLE--

.stack     0    20207e00    00000200     UNINITIALIZED
                  20207e00    00000004     libc.a : boot_cortex_m.c.obj (.stack)
                  20207e04    000001fc     --HOLE--

__llvm_prf_cnts 
*          0    20200000    00000000     UNINITIALIZED

__llvm_prf_bits 
*          0    20200000    00000000     UNINITIALIZED

MODULE SUMMARY

       Module                         code   ro data   rw data
       ------                         ----   -------   -------
    ./
       lab3p2_main.o                  1038   748       2      
       LaunchPad.o                    404    48        0      
       clock.o                        388    0         4      
       uart.o                         256    0         0      
       lab3_p2.o                      24     0         0      
    +--+------------------------------+------+---------+---------+
       Total:                         2110   796       6      
                                                              
    ./ticlang/
       startup_mspm0g3507_ticlang.o   12     192       0      
    +--+------------------------------+------+---------+---------+
       Total:                         12     192       0      
                                                              
    /Applications/ti/ccstheia141/ccs/tools/compiler/ti-cgt-armllvm_3.2.1.LTS/lib/armv6m-ti-none-eabi/c/libc.a
       _printfi.c.obj                 4558   34        0      
       aeabi_ctype.S.obj              0      257       0      
       s_scalbn.c.obj                 216    0         0      
       copy_decompress_lzss.c.obj     120    0         0      
       s_frexp.c.obj                  92     0         0      
       sprintf.c.obj                  90     0         0      
       _ltoa.c.obj                    88     0         0      
       atoi.c.obj                     64     0         0      
       autoinit.c.obj                 60     0         0      
       boot_cortex_m.c.obj            40     0         0      
       memccpy.c.obj                  34     0         0      
       copy_decompress_none.c.obj     18     0         0      
       memcpy16.S.obj                 18     0         0      
       wcslen.c.obj                   16     0         0      
       memset16.S.obj                 14     0         0      
       aeabi_portable.c.obj           8      0         4      
       exit.c.obj                     4      0         0      
       pre_init.c.obj                 4      0         0      
    +--+------------------------------+------+---------+---------+
       Total:                         5444   291       4      
                                                              
    /Applications/ti/ccstheia141/ccs/tools/compiler/ti-cgt-armllvm_3.2.1.LTS/lib/clang/15.0.7/lib/armv6m-ti-none-eabi/libclang_rt.builtins.a
       adddf3.S.obj                   418    0         0      
       divdf3.S.obj                   268    0         0      
       muldf3.S.obj                   228    0         0      
       comparedf2.c.obj               220    0         0      
       udivmoddi4.S.obj               162    0         0      
       aeabi_dcmp.S.obj               98     0         0      
       aeabi_idivmod.S.obj            86     0         0      
       fixdfsi.S.obj                  74     0         0      
       fixunsdfsi.S.obj               66     0         0      
       aeabi_uidivmod.S.obj           64     0         0      
       muldsi3.S.obj                  58     0         0      
       floatsidf.S.obj                44     0         0      
       floatunsidf.S.obj              36     0         0      
       muldi3.S.obj                   36     0         0      
       ashldi3.S.obj                  30     0         0      
       aeabi_uldivmod.S.obj           20     0         0      
       aeabi_memset.S.obj             14     0         0      
       aeabi_memcpy.S.obj             8      0         0      
       aeabi_div0.c.obj               4      0         0      
    +--+------------------------------+------+---------+---------+
       Total:                         1934   0         0      
                                                              
       Heap:                          0      0         2048   
       Stack:                         0      0         512    
       Linker Generated:              0      28        0      
    +--+------------------------------+------+---------+---------+
       Grand Total:                   9500   1307      2570   


LINKER GENERATED COPY TABLES

__TI_cinit_table @ 00002a44 records: 1, size/record: 8, table size: 8
	.data: load addr=00002a30, load size=0000000c bytes, run addr=20200800, run size=0000000a bytes, compression=lzss


LINKER GENERATED HANDLER TABLE

__TI_handler_table @ 00002a3c records: 2, size/record: 4, table size: 8
	index: 0, handler: __TI_decompress_lzss
	index: 1, handler: __TI_decompress_none


FAR CALL TRAMPOLINES

callee name               trampoline name
   callee addr  tramp addr   call addr  call info
--------------  -----------  ---------  ----------------
__aeabi_dsub              $Tramp$TT$L$PI$$__aeabi_dsub
   00001285     000025a4     000025a0   libc.a : _printfi.c.obj (.text.OUTLINED_FUNCTION_0)

[1 trampolines]
[1 trampoline calls]


GLOBAL SYMBOLS: SORTED ALPHABETICALLY BY Name 

address   name                          
-------   ----                          
000025d9  ADC0_IRQHandler               
000025d9  ADC1_IRQHandler               
000025d9  AES_IRQHandler                
000025e8  C$$EXIT                       
000025d9  CANFD0_IRQHandler             
000025d9  DAC0_IRQHandler               
000025d9  DMA_IRQHandler                
000025d9  Default_Handler               
000025d9  GROUP0_IRQHandler             
000025d9  GROUP1_IRQHandler             
000025dd  HardFault_Handler             
000025d9  I2C0_IRQHandler               
000025d9  I2C1_IRQHandler               
000025d9  NMI_Handler                   
000025d9  PendSV_Handler                
000025d9  RTC_IRQHandler                
000025e1  Reset_Handler                 
000025d9  SPI0_IRQHandler               
000025d9  SPI1_IRQHandler               
000025d9  SVC_Handler                   
000025d9  SysTick_Handler               
000025d9  TIMA0_IRQHandler              
000025d9  TIMA1_IRQHandler              
000025d9  TIMG0_IRQHandler              
000025d9  TIMG12_IRQHandler             
000025d9  TIMG6_IRQHandler              
000025d9  TIMG7_IRQHandler              
000025d9  TIMG8_IRQHandler              
0000251d  TI_memcpy_small               
0000257d  TI_memset_small               
000025d9  UART0_IRQHandler              
000025d9  UART1_IRQHandler              
000025d9  UART2_IRQHandler              
000025d9  UART3_IRQHandler              
00001aa5  UART_init                     
000023b9  UART_out_char                 
20208000  __STACK_END                   
00000200  __STACK_SIZE                  
00000800  __SYSMEM_SIZE                 
00000000  __TI_ATRegion0_region_sz      
00000000  __TI_ATRegion0_src_addr       
00000000  __TI_ATRegion0_trg_addr       
00000000  __TI_ATRegion1_region_sz      
00000000  __TI_ATRegion1_src_addr       
00000000  __TI_ATRegion1_trg_addr       
00000000  __TI_ATRegion2_region_sz      
00000000  __TI_ATRegion2_src_addr       
00000000  __TI_ATRegion2_trg_addr       
00002a44  __TI_CINIT_Base               
00002a4c  __TI_CINIT_Limit              
00002a4c  __TI_CINIT_Warm               
00002a3c  __TI_Handler_Table_Base       
00002a44  __TI_Handler_Table_Limit      
000022a1  __TI_auto_init_nobinit_nopinit
00001d79  __TI_decompress_lzss          
0000252f  __TI_decompress_none          
00001ff5  __TI_ltoa                     
ffffffff  __TI_pprof_out_hndl           
000000c1  __TI_printfi                  
ffffffff  __TI_prof_data_size           
ffffffff  __TI_prof_data_start          
00000000  __TI_static_base__            
0000128f  __adddf3                      
000025f0  __aeabi_ctype_table_          
000025f0  __aeabi_ctype_table_C         
0000214d  __aeabi_d2iz                  
000021dd  __aeabi_d2uiz                 
0000128f  __aeabi_dadd                  
00001f35  __aeabi_dcmpeq                
00001f71  __aeabi_dcmpge                
00001f85  __aeabi_dcmpgt                
00001f5d  __aeabi_dcmple                
00001f49  __aeabi_dcmplt                
000017dd  __aeabi_ddiv                  
000018e9  __aeabi_dmul                  
00001285  __aeabi_dsub                  
20200800  __aeabi_errno                 
000025c9  __aeabi_errno_addr            
000023e5  __aeabi_i2d                   
000020a5  __aeabi_idiv                  
00001417  __aeabi_idiv0                 
000020a5  __aeabi_idivmod               
00001d77  __aeabi_ldiv0                 
000024a5  __aeabi_llsl                  
0000245d  __aeabi_lmul                  
000025d1  __aeabi_memcpy                
000025d1  __aeabi_memcpy4               
000025d1  __aeabi_memcpy8               
00002561  __aeabi_memset                
00002561  __aeabi_memset4               
00002561  __aeabi_memset8               
00002439  __aeabi_ui2d                  
00002221  __aeabi_uidiv                 
00002221  __aeabi_uidivmod              
000024f5  __aeabi_uldivmod              
000024a5  __ashldi3                     
ffffffff  __binit__                     
00001e61  __cmpdf2                      
000017dd  __divdf3                      
00001e61  __eqdf2                       
0000214d  __fixdfsi                     
000021dd  __fixunsdfsi                  
000023e5  __floatsidf                   
00002439  __floatunsidf                 
00001df1  __gedf2                       
00001df1  __gtdf2                       
00001e61  __ledf2                       
00001e61  __ltdf2                       
UNDEFED   __mpu_init                    
000018e9  __muldf3                      
0000245d  __muldi3                      
000022dd  __muldsi3                     
00001e61  __nedf2                       
20207e00  __stack                       
20200000  __start___llvm_prf_bits       
20200000  __start___llvm_prf_cnts       
20200000  __stop___llvm_prf_bits        
20200000  __stop___llvm_prf_cnts        
00001285  __subdf3                      
00001cd5  __udivmoddi4                  
00002411  _c_int00_noargs               
20200000  _sys_memory                   
UNDEFED   _system_post_cinit            
000025e5  _system_pre_init              
000025e9  abort                         
00002261  atoi                          
ffffffff  binit                         
00002541  clock_delay                   
00001419  clock_init_40mhz              
00001f99  frexp                         
00001f99  frexpl                        
20200804  g_bus_clock_freq              
0000258d  get_bus_clock_freq            
00000000  interruptVectors              
00002319  launchpad_gpio_init           
000019cd  ldexp                         
000019cd  ldexpl                        
0000272c  lp_led_config_data            
00001c2d  lp_leds_init                  
00001b79  lp_leds_off                   
00000ac1  main                          
00002481  memccpy                       
00002197  msp_printf                    
000024e6  my_asm_16bitcheck             
000024e0  my_asm_16bitclr               
000024dc  my_asm_16bitset               
000019cd  scalbn                        
000019cd  scalbnl                       
00002351  sprintf                       
20200808  test_reg16                    
00002551  wcslen                        


GLOBAL SYMBOLS: SORTED BY Symbol Address 

address   name                          
-------   ----                          
00000000  __TI_ATRegion0_region_sz      
00000000  __TI_ATRegion0_src_addr       
00000000  __TI_ATRegion0_trg_addr       
00000000  __TI_ATRegion1_region_sz      
00000000  __TI_ATRegion1_src_addr       
00000000  __TI_ATRegion1_trg_addr       
00000000  __TI_ATRegion2_region_sz      
00000000  __TI_ATRegion2_src_addr       
00000000  __TI_ATRegion2_trg_addr       
00000000  __TI_static_base__            
00000000  interruptVectors              
000000c1  __TI_printfi                  
00000200  __STACK_SIZE                  
00000800  __SYSMEM_SIZE                 
00000ac1  main                          
00001285  __aeabi_dsub                  
00001285  __subdf3                      
0000128f  __adddf3                      
0000128f  __aeabi_dadd                  
00001417  __aeabi_idiv0                 
00001419  clock_init_40mhz              
000017dd  __aeabi_ddiv                  
000017dd  __divdf3                      
000018e9  __aeabi_dmul                  
000018e9  __muldf3                      
000019cd  ldexp                         
000019cd  ldexpl                        
000019cd  scalbn                        
000019cd  scalbnl                       
00001aa5  UART_init                     
00001b79  lp_leds_off                   
00001c2d  lp_leds_init                  
00001cd5  __udivmoddi4                  
00001d77  __aeabi_ldiv0                 
00001d79  __TI_decompress_lzss          
00001df1  __gedf2                       
00001df1  __gtdf2                       
00001e61  __cmpdf2                      
00001e61  __eqdf2                       
00001e61  __ledf2                       
00001e61  __ltdf2                       
00001e61  __nedf2                       
00001f35  __aeabi_dcmpeq                
00001f49  __aeabi_dcmplt                
00001f5d  __aeabi_dcmple                
00001f71  __aeabi_dcmpge                
00001f85  __aeabi_dcmpgt                
00001f99  frexp                         
00001f99  frexpl                        
00001ff5  __TI_ltoa                     
000020a5  __aeabi_idiv                  
000020a5  __aeabi_idivmod               
0000214d  __aeabi_d2iz                  
0000214d  __fixdfsi                     
00002197  msp_printf                    
000021dd  __aeabi_d2uiz                 
000021dd  __fixunsdfsi                  
00002221  __aeabi_uidiv                 
00002221  __aeabi_uidivmod              
00002261  atoi                          
000022a1  __TI_auto_init_nobinit_nopinit
000022dd  __muldsi3                     
00002319  launchpad_gpio_init           
00002351  sprintf                       
000023b9  UART_out_char                 
000023e5  __aeabi_i2d                   
000023e5  __floatsidf                   
00002411  _c_int00_noargs               
00002439  __aeabi_ui2d                  
00002439  __floatunsidf                 
0000245d  __aeabi_lmul                  
0000245d  __muldi3                      
00002481  memccpy                       
000024a5  __aeabi_llsl                  
000024a5  __ashldi3                     
000024dc  my_asm_16bitset               
000024e0  my_asm_16bitclr               
000024e6  my_asm_16bitcheck             
000024f5  __aeabi_uldivmod              
0000251d  TI_memcpy_small               
0000252f  __TI_decompress_none          
00002541  clock_delay                   
00002551  wcslen                        
00002561  __aeabi_memset                
00002561  __aeabi_memset4               
00002561  __aeabi_memset8               
0000257d  TI_memset_small               
0000258d  get_bus_clock_freq            
000025c9  __aeabi_errno_addr            
000025d1  __aeabi_memcpy                
000025d1  __aeabi_memcpy4               
000025d1  __aeabi_memcpy8               
000025d9  ADC0_IRQHandler               
000025d9  ADC1_IRQHandler               
000025d9  AES_IRQHandler                
000025d9  CANFD0_IRQHandler             
000025d9  DAC0_IRQHandler               
000025d9  DMA_IRQHandler                
000025d9  Default_Handler               
000025d9  GROUP0_IRQHandler             
000025d9  GROUP1_IRQHandler             
000025d9  I2C0_IRQHandler               
000025d9  I2C1_IRQHandler               
000025d9  NMI_Handler                   
000025d9  PendSV_Handler                
000025d9  RTC_IRQHandler                
000025d9  SPI0_IRQHandler               
000025d9  SPI1_IRQHandler               
000025d9  SVC_Handler                   
000025d9  SysTick_Handler               
000025d9  TIMA0_IRQHandler              
000025d9  TIMA1_IRQHandler              
000025d9  TIMG0_IRQHandler              
000025d9  TIMG12_IRQHandler             
000025d9  TIMG6_IRQHandler              
000025d9  TIMG7_IRQHandler              
000025d9  TIMG8_IRQHandler              
000025d9  UART0_IRQHandler              
000025d9  UART1_IRQHandler              
000025d9  UART2_IRQHandler              
000025d9  UART3_IRQHandler              
000025dd  HardFault_Handler             
000025e1  Reset_Handler                 
000025e5  _system_pre_init              
000025e8  C$$EXIT                       
000025e9  abort                         
000025f0  __aeabi_ctype_table_          
000025f0  __aeabi_ctype_table_C         
0000272c  lp_led_config_data            
00002a3c  __TI_Handler_Table_Base       
00002a44  __TI_CINIT_Base               
00002a44  __TI_Handler_Table_Limit      
00002a4c  __TI_CINIT_Limit              
00002a4c  __TI_CINIT_Warm               
20200000  __start___llvm_prf_bits       
20200000  __start___llvm_prf_cnts       
20200000  __stop___llvm_prf_bits        
20200000  __stop___llvm_prf_cnts        
20200000  _sys_memory                   
20200800  __aeabi_errno                 
20200804  g_bus_clock_freq              
20200808  test_reg16                    
20207e00  __stack                       
20208000  __STACK_END                   
ffffffff  __TI_pprof_out_hndl           
ffffffff  __TI_prof_data_size           
ffffffff  __TI_prof_data_start          
ffffffff  __binit__                     
ffffffff  binit                         
UNDEFED   __mpu_init                    
UNDEFED   _system_post_cinit            

[151 symbols]
