******************************************************************************
            TI ARM Clang Linker Unix v3.2.1                    
******************************************************************************
>> Linked Wed Mar 19 16:15:30 2025

OUTPUT FILE NAME:   <lab7p4.out>
ENTRY POINT SYMBOL: "_c_int00_noargs"  address: 00000f05


MEMORY CONFIGURATION

         name            origin    length      used     unused   attr    fill
----------------------  --------  ---------  --------  --------  ----  --------
  FLASH                 00000000   00020000  00001170  0001ee90  R  X
  SRAM                  20200000   00008000  00000a07  000075f9  RW X
  BCR_CONFIG            41c00000   00000080  00000000  00000080  R   
  BSL_CONFIG            41c00100   00000080  00000000  00000080  R   


SEGMENT ALLOCATION MAP

run origin  load origin   length   init length attrs members
----------  ----------- ---------- ----------- ----- -------
00000000    00000000    00001170   00001170    r-x
  00000000    00000000    000000c0   000000c0    r-- .intvecs
  000000c0    000000c0    00000f78   00000f78    r-x .text
  00001038    00001038    00000118   00000118    r-- .rodata
  00001150    00001150    00000020   00000020    r-- .cinit
20200000    20200000    00000807   00000000    rw-
  20200000    20200000    00000800   00000000    rw- .sysmem
  20200800    20200800    00000007   00000000    rw- .data
20207e00    20207e00    00000200   00000000    rw-
  20207e00    20207e00    00000200   00000000    rw- .stack


SECTION ALLOCATION MAP

 output                                  attributes/
section   page    origin      length       input sections
--------  ----  ----------  ----------   ----------------
.intvecs   0    00000000    000000c0     
                  00000000    000000c0     startup_mspm0g3507_ticlang.o (.intvecs)

.text      0    000000c0    00000f78     
                  000000c0    00000180     LaunchPad.o (.text.leds_on)
                  00000240    00000168     clock.o (.text.clock_init_40mhz)
                  000003a8    0000010c     LaunchPad.o (.text.seg7_init)
                  000004b4    00000100     lab7p4_main.o (.text.run_lab7_part4)
                  000005b4    000000d0     LaunchPad.o (.text.leds_off)
                  00000684    000000c4     lcd1602.o (.text.lcd1602_init)
                  00000748    000000c0     lcd1602.o (.text.lcd1602_write)
                  00000808    000000bc     LaunchPad.o (.text.I2C_init)
                  000008c4    000000ac     LaunchPad.o (.text.led_init)
                  00000970    00000094     LaunchPad.o (.text.I2C_send1)
                  00000a04    0000008c     lab7p4_main.o (.text.GROUP1_IRQHandler)
                  00000a90    00000084     lab7p4_main.o (.text.__NVIC_SetPriority)
                  00000b14    0000007c     lcd1602.o (.text.byte_to_ascii)
                  00000b90    00000078     libc.a : copy_decompress_lzss.c.obj (.text:decompress:lzss)
                  00000c08    00000074     LaunchPad.o (.text.seg7_off)
                  00000c7c    0000005c     LaunchPad.o (.text.I2C_fill_tx_fifo)
                  00000cd8    0000004c     LaunchPad.o (.text.dipsw_init)
                  00000d24    00000040     libclang_rt.builtins.a : aeabi_uidivmod.S.obj (.text.__aeabi_uidivmod)
                  00000d64    0000003c     lab7p4_main.o (.text.main)
                  00000da0    0000003c     libc.a : autoinit.c.obj (.text:__TI_auto_init_nobinit_nopinit)
                  00000ddc    00000038     LaunchPad.o (.text.launchpad_gpio_init)
                  00000e14    00000034     lab7p4_main.o (.text.config_pb1_interrupts)
                  00000e48    00000034     lab7p4_main.o (.text.config_pb2_interrupts)
                  00000e7c    00000034     clock.o (.text.msec_delay)
                  00000eb0    0000002c     lab7p4_main.o (.text.__NVIC_EnableIRQ)
                  00000edc    00000028     lcd1602.o (.text.lcd_write_byte)
                  00000f04    00000028     libc.a : boot_cortex_m.c.obj (.text:_c_int00_noargs)
                  00000f2c    00000024     lcd1602.o (.text.lcd_write_string)
                  00000f50    00000020     lcd1602.o (.text.lcd_set_ddram_addr)
                  00000f70    00000020     lcd1602.o (.text.lcd_set_display_on)
                  00000f90    00000018     lcd1602.o (.text.lcd_write_char)
                  00000fa8    00000018     LaunchPad.o (.text.led_disable)
                  00000fc0    00000018     LaunchPad.o (.text.led_enable)
                  00000fd8    00000012     libc.a : memcpy16.S.obj (.text:TI_memcpy_small)
                  00000fea    00000012            : copy_decompress_none.c.obj (.text:decompress:none)
                  00000ffc    00000010     clock.o (.text.clock_delay)
                  0000100c    0000000e     lcd1602.o (.text.lcd_clear)
                  0000101a    00000002     libclang_rt.builtins.a : aeabi_div0.c.obj (.text.__aeabi_idiv0)
                  0000101c    00000008                            : aeabi_memcpy.S.obj (.text.__aeabi_memcpy)
                  00001024    00000004     startup_mspm0g3507_ticlang.o (.text.Default_Handler)
                  00001028    00000004     startup_mspm0g3507_ticlang.o (.text.HardFault_Handler)
                  0000102c    00000004     startup_mspm0g3507_ticlang.o (.text.Reset_Handler)
                  00001030    00000004     libc.a : pre_init.c.obj (.text._system_pre_init)
                  00001034    00000004            : exit.c.obj (.text:abort)

.cinit     0    00001150    00000020     
                  00001150    0000000b     (.cinit..data.load) [load image, compression = lzss]
                  0000115b    00000001     --HOLE-- [fill = 0]
                  0000115c    00000008     (__TI_handler_table)
                  00001164    00000008     (__TI_cinit_table)
                  0000116c    00000004     --HOLE-- [fill = 0]

.rodata    0    00001038    00000118     
                  00001038    00000060     LaunchPad.o (.rodata.led_config_data)
                  00001098    0000003c     LaunchPad.o (.rodata.enable_controls)
                  000010d4    00000030     LaunchPad.o (.rodata.dip_switch_config_data)
                  00001104    00000018     LaunchPad.o (.rodata.iic_config_data)
                  0000111c    00000013     lab7p4_main.o (.rodata.str1.102207148652614378701)
                  0000112f    00000010     lab7p4_main.o (.rodata.str1.72194597841688144781)
                  0000113f    0000000c     lab7p4_main.o (.rodata.str1.106797780217470347201)
                  0000114b    00000005     --HOLE-- [fill = 0]

.init_array 
*          0    00000000    00000000     UNINITIALIZED

.binit     0    00000000    00000000     

.data      0    20200800    00000007     UNINITIALIZED
                  20200800    00000004     clock.o (.data.g_bus_clock_freq)
                  20200804    00000001     lab7p4_main.o (.data.g_PB1_pressed)
                  20200805    00000001     lab7p4_main.o (.data.g_PB2_pressed)
                  20200806    00000001     lcd1602.o (.data.g_lcd_backlight_mode)

.sysmem    0    20200000    00000800     UNINITIALIZED
                  20200000    00000010     libc.a : memory.c.obj (.sysmem)
                  20200010    000007f0     --HOLE--

.stack     0    20207e00    00000200     UNINITIALIZED
                  20207e00    00000004     libc.a : boot_cortex_m.c.obj (.stack)
                  20207e04    000001fc     --HOLE--

__llvm_prf_cnts 
*          0    20200000    00000000     UNINITIALIZED

__llvm_prf_bits 
*          0    20200000    00000000     UNINITIALIZED

MODULE SUMMARY

       Module                         code   ro data   rw data
       ------                         ----   -------   -------
    ./
       LaunchPad.o                    1756   228       0      
       lab7p4_main.o                  736    47        2      
       lcd1602.o                      690    0         1      
       clock.o                        428    0         4      
    +--+------------------------------+------+---------+---------+
       Total:                         3610   275       7      
                                                              
    ./ticlang/
       startup_mspm0g3507_ticlang.o   12     192       0      
    +--+------------------------------+------+---------+---------+
       Total:                         12     192       0      
                                                              
    /Applications/ti/ccstheia141/ccs/tools/compiler/ti-cgt-armllvm_3.2.1.LTS/lib/armv6m-ti-none-eabi/c/libc.a
       copy_decompress_lzss.c.obj     120    0         0      
       autoinit.c.obj                 60     0         0      
       boot_cortex_m.c.obj            40     0         0      
       copy_decompress_none.c.obj     18     0         0      
       memcpy16.S.obj                 18     0         0      
       exit.c.obj                     4      0         0      
       pre_init.c.obj                 4      0         0      
    +--+------------------------------+------+---------+---------+
       Total:                         264    0         0      
                                                              
    /Applications/ti/ccstheia141/ccs/tools/compiler/ti-cgt-armllvm_3.2.1.LTS/lib/clang/15.0.7/lib/armv6m-ti-none-eabi/libclang_rt.builtins.a
       aeabi_uidivmod.S.obj           64     0         0      
       aeabi_memcpy.S.obj             8      0         0      
       aeabi_div0.c.obj               2      0         0      
    +--+------------------------------+------+---------+---------+
       Total:                         74     0         0      
                                                              
       Heap:                          0      0         2048   
       Stack:                         0      0         512    
       Linker Generated:              0      27        0      
    +--+------------------------------+------+---------+---------+
       Grand Total:                   3960   494       2567   


LINKER GENERATED COPY TABLES

__TI_cinit_table @ 00001164 records: 1, size/record: 8, table size: 8
	.data: load addr=00001150, load size=0000000b bytes, run addr=20200800, run size=00000007 bytes, compression=lzss


LINKER GENERATED HANDLER TABLE

__TI_handler_table @ 0000115c records: 2, size/record: 4, table size: 8
	index: 0, handler: __TI_decompress_lzss
	index: 1, handler: __TI_decompress_none


GLOBAL SYMBOLS: SORTED ALPHABETICALLY BY Name 

address   name                          
-------   ----                          
00001025  ADC0_IRQHandler               
00001025  ADC1_IRQHandler               
00001025  AES_IRQHandler                
00001034  C$$EXIT                       
00001025  CANFD0_IRQHandler             
00001025  DAC0_IRQHandler               
00001025  DMA_IRQHandler                
00001025  Default_Handler               
00001025  GROUP0_IRQHandler             
00000a05  GROUP1_IRQHandler             
00001029  HardFault_Handler             
00001025  I2C0_IRQHandler               
00001025  I2C1_IRQHandler               
00000809  I2C_init                      
00000971  I2C_send1                     
00001025  NMI_Handler                   
00001025  PendSV_Handler                
00001025  RTC_IRQHandler                
0000102d  Reset_Handler                 
00001025  SPI0_IRQHandler               
00001025  SPI1_IRQHandler               
00001025  SVC_Handler                   
00001025  SysTick_Handler               
00001025  TIMA0_IRQHandler              
00001025  TIMA1_IRQHandler              
00001025  TIMG0_IRQHandler              
00001025  TIMG12_IRQHandler             
00001025  TIMG6_IRQHandler              
00001025  TIMG7_IRQHandler              
00001025  TIMG8_IRQHandler              
00000fd9  TI_memcpy_small               
00001025  UART0_IRQHandler              
00001025  UART1_IRQHandler              
00001025  UART2_IRQHandler              
00001025  UART3_IRQHandler              
20208000  __STACK_END                   
00000200  __STACK_SIZE                  
00000800  __SYSMEM_SIZE                 
00000000  __TI_ATRegion0_region_sz      
00000000  __TI_ATRegion0_src_addr       
00000000  __TI_ATRegion0_trg_addr       
00000000  __TI_ATRegion1_region_sz      
00000000  __TI_ATRegion1_src_addr       
00000000  __TI_ATRegion1_trg_addr       
00000000  __TI_ATRegion2_region_sz      
00000000  __TI_ATRegion2_src_addr       
00000000  __TI_ATRegion2_trg_addr       
00001164  __TI_CINIT_Base               
0000116c  __TI_CINIT_Limit              
0000116c  __TI_CINIT_Warm               
0000115c  __TI_Handler_Table_Base       
00001164  __TI_Handler_Table_Limit      
00000da1  __TI_auto_init_nobinit_nopinit
00000b91  __TI_decompress_lzss          
00000feb  __TI_decompress_none          
ffffffff  __TI_pprof_out_hndl           
ffffffff  __TI_prof_data_size           
ffffffff  __TI_prof_data_start          
00000000  __TI_static_base__            
0000101b  __aeabi_idiv0                 
0000101d  __aeabi_memcpy                
0000101d  __aeabi_memcpy4               
0000101d  __aeabi_memcpy8               
00000d25  __aeabi_uidiv                 
00000d25  __aeabi_uidivmod              
ffffffff  __binit__                     
UNDEFED   __mpu_init                    
20207e00  __stack                       
20200000  __start___llvm_prf_bits       
20200000  __start___llvm_prf_cnts       
20200000  __stop___llvm_prf_bits        
20200000  __stop___llvm_prf_cnts        
00000f05  _c_int00_noargs               
20200000  _sys_memory                   
UNDEFED   _system_post_cinit            
00001031  _system_pre_init              
00001035  abort                         
ffffffff  binit                         
00000b15  byte_to_ascii                 
00000ffd  clock_delay                   
00000241  clock_init_40mhz              
00000e15  config_pb1_interrupts         
00000e49  config_pb2_interrupts         
000010d4  dip_switch_config_data        
00000cd9  dipsw_init                    
00001098  enable_controls               
20200804  g_PB1_pressed                 
20200805  g_PB2_pressed                 
20200800  g_bus_clock_freq              
00001104  iic_config_data               
00000000  interruptVectors              
00000ddd  launchpad_gpio_init           
00000685  lcd1602_init                  
00000749  lcd1602_write                 
0000100d  lcd_clear                     
00000f51  lcd_set_ddram_addr            
00000f71  lcd_set_display_on            
00000edd  lcd_write_byte                
00000f91  lcd_write_char                
00000f2d  lcd_write_string              
00001038  led_config_data               
00000fa9  led_disable                   
00000fc1  led_enable                    
000008c5  led_init                      
000005b5  leds_off                      
000000c1  leds_on                       
00000d65  main                          
00000e7d  msec_delay                    
000004b5  run_lab7_part4                
000003a9  seg7_init                     
00000c09  seg7_off                      


GLOBAL SYMBOLS: SORTED BY Symbol Address 

address   name                          
-------   ----                          
00000000  __TI_ATRegion0_region_sz      
00000000  __TI_ATRegion0_src_addr       
00000000  __TI_ATRegion0_trg_addr       
00000000  __TI_ATRegion1_region_sz      
00000000  __TI_ATRegion1_src_addr       
00000000  __TI_ATRegion1_trg_addr       
00000000  __TI_ATRegion2_region_sz      
00000000  __TI_ATRegion2_src_addr       
00000000  __TI_ATRegion2_trg_addr       
00000000  __TI_static_base__            
00000000  interruptVectors              
000000c1  leds_on                       
00000200  __STACK_SIZE                  
00000241  clock_init_40mhz              
000003a9  seg7_init                     
000004b5  run_lab7_part4                
000005b5  leds_off                      
00000685  lcd1602_init                  
00000749  lcd1602_write                 
00000800  __SYSMEM_SIZE                 
00000809  I2C_init                      
000008c5  led_init                      
00000971  I2C_send1                     
00000a05  GROUP1_IRQHandler             
00000b15  byte_to_ascii                 
00000b91  __TI_decompress_lzss          
00000c09  seg7_off                      
00000cd9  dipsw_init                    
00000d25  __aeabi_uidiv                 
00000d25  __aeabi_uidivmod              
00000d65  main                          
00000da1  __TI_auto_init_nobinit_nopinit
00000ddd  launchpad_gpio_init           
00000e15  config_pb1_interrupts         
00000e49  config_pb2_interrupts         
00000e7d  msec_delay                    
00000edd  lcd_write_byte                
00000f05  _c_int00_noargs               
00000f2d  lcd_write_string              
00000f51  lcd_set_ddram_addr            
00000f71  lcd_set_display_on            
00000f91  lcd_write_char                
00000fa9  led_disable                   
00000fc1  led_enable                    
00000fd9  TI_memcpy_small               
00000feb  __TI_decompress_none          
00000ffd  clock_delay                   
0000100d  lcd_clear                     
0000101b  __aeabi_idiv0                 
0000101d  __aeabi_memcpy                
0000101d  __aeabi_memcpy4               
0000101d  __aeabi_memcpy8               
00001025  ADC0_IRQHandler               
00001025  ADC1_IRQHandler               
00001025  AES_IRQHandler                
00001025  CANFD0_IRQHandler             
00001025  DAC0_IRQHandler               
00001025  DMA_IRQHandler                
00001025  Default_Handler               
00001025  GROUP0_IRQHandler             
00001025  I2C0_IRQHandler               
00001025  I2C1_IRQHandler               
00001025  NMI_Handler                   
00001025  PendSV_Handler                
00001025  RTC_IRQHandler                
00001025  SPI0_IRQHandler               
00001025  SPI1_IRQHandler               
00001025  SVC_Handler                   
00001025  SysTick_Handler               
00001025  TIMA0_IRQHandler              
00001025  TIMA1_IRQHandler              
00001025  TIMG0_IRQHandler              
00001025  TIMG12_IRQHandler             
00001025  TIMG6_IRQHandler              
00001025  TIMG7_IRQHandler              
00001025  TIMG8_IRQHandler              
00001025  UART0_IRQHandler              
00001025  UART1_IRQHandler              
00001025  UART2_IRQHandler              
00001025  UART3_IRQHandler              
00001029  HardFault_Handler             
0000102d  Reset_Handler                 
00001031  _system_pre_init              
00001034  C$$EXIT                       
00001035  abort                         
00001038  led_config_data               
00001098  enable_controls               
000010d4  dip_switch_config_data        
00001104  iic_config_data               
0000115c  __TI_Handler_Table_Base       
00001164  __TI_CINIT_Base               
00001164  __TI_Handler_Table_Limit      
0000116c  __TI_CINIT_Limit              
0000116c  __TI_CINIT_Warm               
20200000  __start___llvm_prf_bits       
20200000  __start___llvm_prf_cnts       
20200000  __stop___llvm_prf_bits        
20200000  __stop___llvm_prf_cnts        
20200000  _sys_memory                   
20200800  g_bus_clock_freq              
20200804  g_PB1_pressed                 
20200805  g_PB2_pressed                 
20207e00  __stack                       
20208000  __STACK_END                   
ffffffff  __TI_pprof_out_hndl           
ffffffff  __TI_prof_data_size           
ffffffff  __TI_prof_data_start          
ffffffff  __binit__                     
ffffffff  binit                         
UNDEFED   __mpu_init                    
UNDEFED   _system_post_cinit            

[111 symbols]
